Archive member included to satisfy reference by file (symbol)

/usr/share/gcc-arm-none-eabi-10.3-2021.10/bin/../lib/gcc/arm-none-eabi/10.3.1/../../../../arm-none-eabi/lib/thumb/v7e-m+fp/hard/libc_nano.a(lib_a-exit.o)
                              /usr/share/gcc-arm-none-eabi-10.3-2021.10/bin/../lib/gcc/arm-none-eabi/10.3.1/../../../../arm-none-eabi/lib/thumb/v7e-m+fp/hard/crt0.o (exit)
/usr/share/gcc-arm-none-eabi-10.3-2021.10/bin/../lib/gcc/arm-none-eabi/10.3.1/../../../../arm-none-eabi/lib/thumb/v7e-m+fp/hard/libc_nano.a(lib_a-impure.o)
                              /usr/share/gcc-arm-none-eabi-10.3-2021.10/bin/../lib/gcc/arm-none-eabi/10.3.1/../../../../arm-none-eabi/lib/thumb/v7e-m+fp/hard/libc_nano.a(lib_a-exit.o) (_global_impure_ptr)
/usr/share/gcc-arm-none-eabi-10.3-2021.10/bin/../lib/gcc/arm-none-eabi/10.3.1/../../../../arm-none-eabi/lib/thumb/v7e-m+fp/hard/libc_nano.a(lib_a-init.o)
                              /usr/share/gcc-arm-none-eabi-10.3-2021.10/bin/../lib/gcc/arm-none-eabi/10.3.1/../../../../arm-none-eabi/lib/thumb/v7e-m+fp/hard/crt0.o (__libc_init_array)
/usr/share/gcc-arm-none-eabi-10.3-2021.10/bin/../lib/gcc/arm-none-eabi/10.3.1/../../../../arm-none-eabi/lib/thumb/v7e-m+fp/hard/libc_nano.a(lib_a-memset.o)
                              /usr/share/gcc-arm-none-eabi-10.3-2021.10/bin/../lib/gcc/arm-none-eabi/10.3.1/../../../../arm-none-eabi/lib/thumb/v7e-m+fp/hard/crt0.o (memset)
/usr/share/gcc-arm-none-eabi-10.3-2021.10/bin/../lib/gcc/arm-none-eabi/10.3.1/../../../../arm-none-eabi/lib/thumb/v7e-m+fp/hard/libnosys.a(_exit.o)
                              /usr/share/gcc-arm-none-eabi-10.3-2021.10/bin/../lib/gcc/arm-none-eabi/10.3.1/../../../../arm-none-eabi/lib/thumb/v7e-m+fp/hard/libc_nano.a(lib_a-exit.o) (_exit)
/usr/share/gcc-arm-none-eabi-10.3-2021.10/bin/../lib/gcc/arm-none-eabi/10.3.1/thumb/v7e-m+fp/hard/libgcc.a(_aeabi_uldivmod.o)
                              build/stm32f4xx_hal_rcc.o (__aeabi_uldivmod)
/usr/share/gcc-arm-none-eabi-10.3-2021.10/bin/../lib/gcc/arm-none-eabi/10.3.1/thumb/v7e-m+fp/hard/libgcc.a(_udivmoddi4.o)
                              /usr/share/gcc-arm-none-eabi-10.3-2021.10/bin/../lib/gcc/arm-none-eabi/10.3.1/thumb/v7e-m+fp/hard/libgcc.a(_aeabi_uldivmod.o) (__udivmoddi4)
/usr/share/gcc-arm-none-eabi-10.3-2021.10/bin/../lib/gcc/arm-none-eabi/10.3.1/thumb/v7e-m+fp/hard/libgcc.a(_dvmd_tls.o)
                              /usr/share/gcc-arm-none-eabi-10.3-2021.10/bin/../lib/gcc/arm-none-eabi/10.3.1/thumb/v7e-m+fp/hard/libgcc.a(_aeabi_uldivmod.o) (__aeabi_ldiv0)

Discarded input sections

 .text          0x0000000000000000        0x0 /usr/share/gcc-arm-none-eabi-10.3-2021.10/bin/../lib/gcc/arm-none-eabi/10.3.1/thumb/v7e-m+fp/hard/crti.o
 .data          0x0000000000000000        0x0 /usr/share/gcc-arm-none-eabi-10.3-2021.10/bin/../lib/gcc/arm-none-eabi/10.3.1/thumb/v7e-m+fp/hard/crti.o
 .bss           0x0000000000000000        0x0 /usr/share/gcc-arm-none-eabi-10.3-2021.10/bin/../lib/gcc/arm-none-eabi/10.3.1/thumb/v7e-m+fp/hard/crti.o
 .data          0x0000000000000000        0x4 /usr/share/gcc-arm-none-eabi-10.3-2021.10/bin/../lib/gcc/arm-none-eabi/10.3.1/thumb/v7e-m+fp/hard/crtbegin.o
 .rodata        0x0000000000000000       0x24 /usr/share/gcc-arm-none-eabi-10.3-2021.10/bin/../lib/gcc/arm-none-eabi/10.3.1/thumb/v7e-m+fp/hard/crtbegin.o
 .text          0x0000000000000000       0x7c /usr/share/gcc-arm-none-eabi-10.3-2021.10/bin/../lib/gcc/arm-none-eabi/10.3.1/../../../../arm-none-eabi/lib/thumb/v7e-m+fp/hard/crt0.o
 .data          0x0000000000000000        0x0 /usr/share/gcc-arm-none-eabi-10.3-2021.10/bin/../lib/gcc/arm-none-eabi/10.3.1/../../../../arm-none-eabi/lib/thumb/v7e-m+fp/hard/crt0.o
 .bss           0x0000000000000000        0x0 /usr/share/gcc-arm-none-eabi-10.3-2021.10/bin/../lib/gcc/arm-none-eabi/10.3.1/../../../../arm-none-eabi/lib/thumb/v7e-m+fp/hard/crt0.o
 .ARM.extab     0x0000000000000000        0x0 /usr/share/gcc-arm-none-eabi-10.3-2021.10/bin/../lib/gcc/arm-none-eabi/10.3.1/../../../../arm-none-eabi/lib/thumb/v7e-m+fp/hard/crt0.o
 .ARM.exidx     0x0000000000000000       0x10 /usr/share/gcc-arm-none-eabi-10.3-2021.10/bin/../lib/gcc/arm-none-eabi/10.3.1/../../../../arm-none-eabi/lib/thumb/v7e-m+fp/hard/crt0.o
 .ARM.attributes
                0x0000000000000000       0x1c /usr/share/gcc-arm-none-eabi-10.3-2021.10/bin/../lib/gcc/arm-none-eabi/10.3.1/../../../../arm-none-eabi/lib/thumb/v7e-m+fp/hard/crt0.o
 .text          0x0000000000000000        0x0 build/dma.o
 .data          0x0000000000000000        0x0 build/dma.o
 .bss           0x0000000000000000        0x0 build/dma.o
 .text          0x0000000000000000        0x0 build/gpio.o
 .data          0x0000000000000000        0x0 build/gpio.o
 .bss           0x0000000000000000        0x0 build/gpio.o
 .text          0x0000000000000000        0x0 build/main.o
 .data          0x0000000000000000        0x0 build/main.o
 .bss           0x0000000000000000        0x0 build/main.o
[...]
Memory Configuration

Name             Origin             Length             Attributes
RAM              0x0000000020000000 0x0000000000020000 xrw
CCMRAM           0x0000000010000000 0x0000000000010000 xrw
FLASH            0x0000000008000000 0x0000000000100000 xr
*default*        0x0000000000000000 0xffffffffffffffff

Linker script and memory map

LOAD /usr/share/gcc-arm-none-eabi-10.3-2021.10/bin/../lib/gcc/arm-none-eabi/10.3.1/thumb/v7e-m+fp/hard/crti.o
LOAD /usr/share/gcc-arm-none-eabi-10.3-2021.10/bin/../lib/gcc/arm-none-eabi/10.3.1/thumb/v7e-m+fp/hard/crtbegin.o
LOAD /usr/share/gcc-arm-none-eabi-10.3-2021.10/bin/../lib/gcc/arm-none-eabi/10.3.1/../../../../arm-none-eabi/lib/thumb/v7e-m+fp/hard/crt0.o
LOAD build/dma.o
LOAD build/gpio.o
LOAD build/main.o
LOAD build/spi.o
LOAD build/stm32f4xx_hal_msp.o
LOAD build/stm32f4xx_it.o
LOAD build/system_stm32f4xx.o
LOAD build/tim.o
LOAD build/usart.o
LOAD build/stm32f4xx_hal.o
LOAD build/stm32f4xx_hal_cortex.o
LOAD build/stm32f4xx_hal_dma.o
LOAD build/stm32f4xx_hal_dma_ex.o
LOAD build/stm32f4xx_hal_exti.o
LOAD build/stm32f4xx_hal_flash.o
LOAD build/stm32f4xx_hal_flash_ex.o
LOAD build/stm32f4xx_hal_flash_ramfunc.o
LOAD build/stm32f4xx_hal_gpio.o
LOAD build/stm32f4xx_hal_pwr.o
LOAD build/stm32f4xx_hal_pwr_ex.o
LOAD build/stm32f4xx_hal_rcc.o
LOAD build/stm32f4xx_hal_rcc_ex.o
LOAD build/stm32f4xx_hal_spi.o
LOAD build/stm32f4xx_hal_tim.o
LOAD build/stm32f4xx_hal_tim_ex.o
LOAD build/stm32f4xx_hal_uart.o
LOAD build/bsp_dma.o
LOAD build/unitreeA1_cmd.o
LOAD build/unitreeA1_recv.o
LOAD build/spi_deal.o
LOAD build/startup_stm32f405xx.o
LOAD /usr/share/gcc-arm-none-eabi-10.3-2021.10/bin/../lib/gcc/arm-none-eabi/10.3.1/../../../../arm-none-eabi/lib/thumb/v7e-m+fp/hard/libc_nano.a
LOAD /usr/share/gcc-arm-none-eabi-10.3-2021.10/bin/../lib/gcc/arm-none-eabi/10.3.1/../../../../arm-none-eabi/lib/thumb/v7e-m+fp/hard/libm.a
LOAD /usr/share/gcc-arm-none-eabi-10.3-2021.10/bin/../lib/gcc/arm-none-eabi/10.3.1/../../../../arm-none-eabi/lib/thumb/v7e-m+fp/hard/libnosys.a
START GROUP
LOAD /usr/share/gcc-arm-none-eabi-10.3-2021.10/bin/../lib/gcc/arm-none-eabi/10.3.1/thumb/v7e-m+fp/hard/libgcc.a
LOAD /usr/share/gcc-arm-none-eabi-10.3-2021.10/bin/../lib/gcc/arm-none-eabi/10.3.1/../../../../arm-none-eabi/lib/thumb/v7e-m+fp/hard/libc_nano.a
END GROUP
START GROUP
LOAD /usr/share/gcc-arm-none-eabi-10.3-2021.10/bin/../lib/gcc/arm-none-eabi/10.3.1/thumb/v7e-m+fp/hard/libgcc.a
LOAD /usr/share/gcc-arm-none-eabi-10.3-2021.10/bin/../lib/gcc/arm-none-eabi/10.3.1/../../../../arm-none-eabi/lib/thumb/v7e-m+fp/hard/libc_nano.a
END GROUP
LOAD /usr/share/gcc-arm-none-eabi-10.3-2021.10/bin/../lib/gcc/arm-none-eabi/10.3.1/thumb/v7e-m+fp/hard/crtend.o
LOAD /usr/share/gcc-arm-none-eabi-10.3-2021.10/bin/../lib/gcc/arm-none-eabi/10.3.1/thumb/v7e-m+fp/hard/crtn.o
                0x0000000020020000                _estack = (ORIGIN (RAM) + LENGTH (RAM))
                0x0000000000000200                _Min_Heap_Size = 0x200
                0x0000000000000400                _Min_Stack_Size = 0x400

.isr_vector     0x0000000008000000      0x188
                0x0000000008000000                . = ALIGN (0x4)
 *(.isr_vector)
 .isr_vector    0x0000000008000000      0x188 build/startup_stm32f405xx.o
                0x0000000008000000                g_pfnVectors
                0x0000000008000188                . = ALIGN (0x4)

.text           0x0000000008000188     0x31f4
                0x0000000008000188                . = ALIGN (0x4)
 *(.text)
 .text          0x0000000008000188       0x40 /usr/share/gcc-arm-none-eabi-10.3-2021.10/bin/../lib/gcc/arm-none-eabi/10.3.1/thumb/v7e-m+fp/hard/crtbegin.o
 .text          0x00000000080001c8       0x30 /usr/share/gcc-arm-none-eabi-10.3-2021.10/bin/../lib/gcc/arm-none-eabi/10.3.1/thumb/v7e-m+fp/hard/libgcc.a(_aeabi_uldivmod.o)
                0x00000000080001c8                __aeabi_uldivmod
 .text          0x00000000080001f8      0x2d0 /usr/share/gcc-arm-none-eabi-10.3-2021.10/bin/../lib/gcc/arm-none-eabi/10.3.1/thumb/v7e-m+fp/hard/libgcc.a(_udivmoddi4.o)
                0x00000000080001f8                __udivmoddi4
 .text          0x00000000080004c8        0x4 /usr/share/gcc-arm-none-eabi-10.3-2021.10/bin/../lib/gcc/arm-none-eabi/10.3.1/thumb/v7e-m+fp/hard/libgcc.a(_dvmd_tls.o)
                0x00000000080004c8                __aeabi_ldiv0
                0x00000000080004c8                __aeabi_idiv0
 *(.text*)
 .text.MX_DMA_Init
                0x00000000080004cc       0x98 build/dma.o
                0x00000000080004cc                MX_DMA_Init
 .text.MX_GPIO_Init
                0x0000000008000564       0xdc build/gpio.o
                0x0000000008000564                MX_GPIO_Init
 .text.Error_Handler
                0x0000000008000640        0x4 build/main.o
                0x0000000008000640                Error_Handler
 .text.SystemClock_Config
                0x0000000008000644       0xa8 build/main.o
                0x0000000008000644                SystemClock_Config
 .text.main     0x00000000080006ec       0x74 build/main.o
                0x00000000080006ec                main
 .text.MX_SPI2_Init
                0x0000000008000760       0x44 build/spi.o
                0x0000000008000760                MX_SPI2_Init
 .text.HAL_SPI_MspInit
                0x00000000080007a4      0x130 build/spi.o
                0x00000000080007a4                HAL_SPI_MspInit
 .text.HAL_MspInit
                0x00000000080008d4       0x38 build/stm32f4xx_hal_msp.o
                0x00000000080008d4                HAL_MspInit
 .text.NMI_Handler
                0x000000000800090c        0x2 build/stm32f4xx_it.o
                0x000000000800090c                NMI_Handler
 .text.HardFault_Handler
                0x000000000800090e        0x2 build/stm32f4xx_it.o
                0x000000000800090e                HardFault_Handler
 .text.MemManage_Handler
                0x0000000008000910        0x2 build/stm32f4xx_it.o
                0x0000000008000910                MemManage_Handler
 .text.BusFault_Handler
                0x0000000008000912        0x2 build/stm32f4xx_it.o
                0x0000000008000912                BusFault_Handler
 .text.UsageFault_Handler
                0x0000000008000914        0x2 build/stm32f4xx_it.o
                0x0000000008000914                UsageFault_Handler
 .text.SVC_Handler
                0x0000000008000916        0x2 build/stm32f4xx_it.o
                0x0000000008000916                SVC_Handler
 .text.DebugMon_Handler
                0x0000000008000918        0x2 build/stm32f4xx_it.o
                0x0000000008000918                DebugMon_Handler
 .text.PendSV_Handler
                0x000000000800091a        0x2 build/stm32f4xx_it.o
                0x000000000800091a                PendSV_Handler
 .text.SysTick_Handler
                0x000000000800091c        0x8 build/stm32f4xx_it.o
                0x000000000800091c                SysTick_Handler
 .text.EXTI1_IRQHandler
                0x0000000008000924        0xa build/stm32f4xx_it.o
                0x0000000008000924                EXTI1_IRQHandler
 *fill*         0x000000000800092e        0x2 
 .text.TIM4_IRQHandler
                0x0000000008000930       0x10 build/stm32f4xx_it.o
                0x0000000008000930                TIM4_IRQHandler
 .text.SPI2_IRQHandler
                0x0000000008000940       0x10 build/stm32f4xx_it.o
                0x0000000008000940                SPI2_IRQHandler
 .text.SystemInit
                0x0000000008000950       0x14 build/system_stm32f4xx.o
                0x0000000008000950                SystemInit
 .text.MX_TIM4_Init
                0x0000000008000964       0x7c build/tim.o
                0x0000000008000964                MX_TIM4_Init
 .text.HAL_TIM_PWM_MspInit
                0x00000000080009e0       0x40 build/tim.o
                0x00000000080009e0                HAL_TIM_PWM_MspInit
 .text.MX_USART1_UART_Init
                0x0000000008000a20       0x38 build/usart.o
                0x0000000008000a20                MX_USART1_UART_Init
 .text.MX_USART2_UART_Init
                0x0000000008000a58       0x3c build/usart.o
                0x0000000008000a58                MX_USART2_UART_Init
 .text.MX_USART3_UART_Init
                0x0000000008000a94       0x3c build/usart.o
                0x0000000008000a94                MX_USART3_UART_Init
 .text.MX_USART6_UART_Init
                0x0000000008000ad0       0x38 build/usart.o
                0x0000000008000ad0                MX_USART6_UART_Init
 .text.HAL_UART_MspInit
                0x0000000008000b08      0x298 build/usart.o
                0x0000000008000b08                HAL_UART_MspInit
 .text.HAL_InitTick
                0x0000000008000da0       0x4c build/stm32f4xx_hal.o
                0x0000000008000da0                HAL_InitTick
 .text.HAL_Init
                0x0000000008000dec       0x34 build/stm32f4xx_hal.o
                0x0000000008000dec                HAL_Init
 .text.HAL_IncTick
                0x0000000008000e20       0x18 build/stm32f4xx_hal.o
                0x0000000008000e20                HAL_IncTick
 .text.HAL_GetTick
                0x0000000008000e38        0xc build/stm32f4xx_hal.o
                0x0000000008000e38                HAL_GetTick
 .text.HAL_NVIC_SetPriorityGrouping
                0x0000000008000e44       0x24 build/stm32f4xx_hal_cortex.o
                0x0000000008000e44                HAL_NVIC_SetPriorityGrouping
 .text.HAL_NVIC_SetPriority
                0x0000000008000e68       0x70 build/stm32f4xx_hal_cortex.o
                0x0000000008000e68                HAL_NVIC_SetPriority
 .text.HAL_NVIC_EnableIRQ
                0x0000000008000ed8       0x1c build/stm32f4xx_hal_cortex.o
                0x0000000008000ed8                HAL_NVIC_EnableIRQ
 .text.HAL_SYSTICK_Config
                0x0000000008000ef4       0x28 build/stm32f4xx_hal_cortex.o
                0x0000000008000ef4                HAL_SYSTICK_Config
 .text.DMA_CalcBaseAndBitshift
                0x0000000008000f1c       0x44 build/stm32f4xx_hal_dma.o
 .text.DMA_CheckFifoParam
                0x0000000008000f60       0x8e build/stm32f4xx_hal_dma.o
 *fill*         0x0000000008000fee        0x2 
 .text.HAL_DMA_Init
                0x0000000008000ff0       0xcc build/stm32f4xx_hal_dma.o
                0x0000000008000ff0                HAL_DMA_Init
 .text.HAL_DMA_Abort_IT
                0x00000000080010bc       0x26 build/stm32f4xx_hal_dma.o
                0x00000000080010bc                HAL_DMA_Abort_IT
 *fill*         0x00000000080010e2        0x2 
 .text.HAL_GPIO_Init
                0x00000000080010e4      0x1e4 build/stm32f4xx_hal_gpio.o
                0x00000000080010e4                HAL_GPIO_Init
 .text.HAL_GPIO_WritePin
                0x00000000080012c8        0xc build/stm32f4xx_hal_gpio.o
                0x00000000080012c8                HAL_GPIO_WritePin
 .text.HAL_GPIO_EXTI_Callback
                0x00000000080012d4        0x2 build/stm32f4xx_hal_gpio.o
                0x00000000080012d4                HAL_GPIO_EXTI_Callback
 *fill*         0x00000000080012d6        0x2 
 .text.HAL_GPIO_EXTI_IRQHandler
                0x00000000080012d8       0x1c build/stm32f4xx_hal_gpio.o
                0x00000000080012d8                HAL_GPIO_EXTI_IRQHandler
 .text.HAL_RCC_OscConfig
                0x00000000080012f4      0x3f8 build/stm32f4xx_hal_rcc.o
                0x00000000080012f4                HAL_RCC_OscConfig
 .text.HAL_RCC_GetSysClockFreq
                0x00000000080016ec       0xd4 build/stm32f4xx_hal_rcc.o
                0x00000000080016ec                HAL_RCC_GetSysClockFreq
 .text.HAL_RCC_ClockConfig
                0x00000000080017c0      0x160 build/stm32f4xx_hal_rcc.o
                0x00000000080017c0                HAL_RCC_ClockConfig
 .text.HAL_RCC_GetHCLKFreq
                0x0000000008001920        0xc build/stm32f4xx_hal_rcc.o
                0x0000000008001920                HAL_RCC_GetHCLKFreq
 .text.HAL_RCC_GetPCLK1Freq
                0x000000000800192c       0x20 build/stm32f4xx_hal_rcc.o
                0x000000000800192c                HAL_RCC_GetPCLK1Freq
 .text.HAL_RCC_GetPCLK2Freq
                0x000000000800194c       0x20 build/stm32f4xx_hal_rcc.o
                0x000000000800194c                HAL_RCC_GetPCLK2Freq
 .text.SPI_WaitFlagStateUntilTimeout
                0x000000000800196c       0xd4 build/stm32f4xx_hal_spi.o
 .text.SPI_EndRxTxTransaction
                0x0000000008001a40       0x80 build/stm32f4xx_hal_spi.o
 .text.HAL_SPI_Init
                0x0000000008001ac0       0xbe build/stm32f4xx_hal_spi.o
                0x0000000008001ac0                HAL_SPI_Init
 *fill*         0x0000000008001b7e        0x2 
 .text.HAL_SPI_TransmitReceive_IT
                0x0000000008001b80       0xcc build/stm32f4xx_hal_spi.o
                0x0000000008001b80                HAL_SPI_TransmitReceive_IT
 .text.HAL_SPI_RxCpltCallback
                0x0000000008001c4c        0x2 build/stm32f4xx_hal_spi.o
                0x0000000008001c4c                HAL_SPI_RxCpltCallback
 .text.HAL_SPI_TxRxCpltCallback
                0x0000000008001c4e        0x2 build/stm32f4xx_hal_spi.o
                0x0000000008001c4e                HAL_SPI_TxRxCpltCallback
 .text.HAL_SPI_ErrorCallback
                0x0000000008001c50        0x2 build/stm32f4xx_hal_spi.o
                0x0000000008001c50                HAL_SPI_ErrorCallback
 *fill*         0x0000000008001c52        0x2 
 .text.SPI_CloseRxTx_ISR
                0x0000000008001c54       0xb0 build/stm32f4xx_hal_spi.o
 .text.SPI_2linesTxISR_8BIT
                0x0000000008001d04       0x38 build/stm32f4xx_hal_spi.o
 .text.SPI_2linesRxISR_8BIT
                0x0000000008001d3c       0x38 build/stm32f4xx_hal_spi.o
 .text.SPI_2linesTxISR_16BIT
                0x0000000008001d74       0x38 build/stm32f4xx_hal_spi.o
 .text.SPI_2linesRxISR_16BIT
                0x0000000008001dac       0x38 build/stm32f4xx_hal_spi.o
 .text.HAL_SPI_IRQHandler
                0x0000000008001de4      0x124 build/stm32f4xx_hal_spi.o
                0x0000000008001de4                HAL_SPI_IRQHandler
 .text.SPI_DMAAbortOnError
                0x0000000008001f08       0x10 build/stm32f4xx_hal_spi.o
 .text.HAL_SPI_GetState
                0x0000000008001f18        0x6 build/stm32f4xx_hal_spi.o
                0x0000000008001f18                HAL_SPI_GetState
 *fill*         0x0000000008001f1e        0x2 
 .text.TIM_OC1_SetConfig
                0x0000000008001f20       0x68 build/stm32f4xx_hal_tim.o
 .text.TIM_OC3_SetConfig
                0x0000000008001f88       0x70 build/stm32f4xx_hal_tim.o
 .text.TIM_OC4_SetConfig
                0x0000000008001ff8       0x50 build/stm32f4xx_hal_tim.o
 .text.HAL_TIM_Base_Start_IT
                0x0000000008002048       0x88 build/stm32f4xx_hal_tim.o
                0x0000000008002048                HAL_TIM_Base_Start_IT
 .text.HAL_TIM_OC_DelayElapsedCallback
                0x00000000080020d0        0x2 build/stm32f4xx_hal_tim.o
                0x00000000080020d0                HAL_TIM_OC_DelayElapsedCallback
 .text.HAL_TIM_IC_CaptureCallback
                0x00000000080020d2        0x2 build/stm32f4xx_hal_tim.o
                0x00000000080020d2                HAL_TIM_IC_CaptureCallback
 .text.HAL_TIM_PWM_PulseFinishedCallback
                0x00000000080020d4        0x2 build/stm32f4xx_hal_tim.o
                0x00000000080020d4                HAL_TIM_PWM_PulseFinishedCallback
 .text.HAL_TIM_TriggerCallback
                0x00000000080020d6        0x2 build/stm32f4xx_hal_tim.o
                0x00000000080020d6                HAL_TIM_TriggerCallback
 .text.HAL_TIM_IRQHandler
                0x00000000080020d8      0x15e build/stm32f4xx_hal_tim.o
                0x00000000080020d8                HAL_TIM_IRQHandler
 *fill*         0x0000000008002236        0x2 
 .text.TIM_Base_SetConfig
                0x0000000008002238       0xd8 build/stm32f4xx_hal_tim.o
                0x0000000008002238                TIM_Base_SetConfig
 .text.HAL_TIM_PWM_Init
                0x0000000008002310       0x58 build/stm32f4xx_hal_tim.o
                0x0000000008002310                HAL_TIM_PWM_Init
 .text.TIM_OC2_SetConfig
                0x0000000008002368       0x70 build/stm32f4xx_hal_tim.o
                0x0000000008002368                TIM_OC2_SetConfig
 .text.HAL_TIM_PWM_ConfigChannel
                0x00000000080023d8       0xdc build/stm32f4xx_hal_tim.o
                0x00000000080023d8                HAL_TIM_PWM_ConfigChannel
 .text.HAL_TIMEx_MasterConfigSynchronization
                0x00000000080024b4       0x8c build/stm32f4xx_hal_tim_ex.o
                0x00000000080024b4                HAL_TIMEx_MasterConfigSynchronization
 .text.HAL_TIMEx_CommutCallback
                0x0000000008002540        0x2 build/stm32f4xx_hal_tim_ex.o
                0x0000000008002540                HAL_TIMEx_CommutCallback
 .text.HAL_TIMEx_BreakCallback
                0x0000000008002542        0x2 build/stm32f4xx_hal_tim_ex.o
                0x0000000008002542                HAL_TIMEx_BreakCallback
 .text.UART_EndRxTransfer
                0x0000000008002544       0x5c build/stm32f4xx_hal_uart.o
 .text.UART_SetConfig
                0x00000000080025a0      0x110 build/stm32f4xx_hal_uart.o
 .text.UART_WaitOnFlagUntilTimeout
                0x00000000080026b0       0x8a build/stm32f4xx_hal_uart.o
 .text.HAL_UART_Init
                0x000000000800273a       0x60 build/stm32f4xx_hal_uart.o
                0x000000000800273a                HAL_UART_Init
 .text.HAL_UART_Transmit
                0x000000000800279a       0xcc build/stm32f4xx_hal_uart.o
                0x000000000800279a                HAL_UART_Transmit
 *fill*         0x0000000008002866        0x2 
 .text.RC1_init
                0x0000000008002868       0x68 build/bsp_dma.o
                0x0000000008002868                RC1_init
 .text.RC2_init
                0x00000000080028d0       0x68 build/bsp_dma.o
                0x00000000080028d0                RC2_init
 .text.RC3_init
                0x0000000008002938       0x68 build/bsp_dma.o
                0x0000000008002938                RC3_init
 .text.RC6_init
                0x00000000080029a0       0x68 build/bsp_dma.o
                0x00000000080029a0                RC6_init
 .text.crc32_core
                0x0000000008002a08       0x58 build/unitreeA1_cmd.o
                0x0000000008002a08                crc32_core
 .text.unitreeA1_tx
                0x0000000008002a60      0x108 build/unitreeA1_cmd.o
                0x0000000008002a60                unitreeA1_tx
 .text.sbus_to_rc
                0x0000000008002b68       0x50 build/unitreeA1_recv.o
 .text.remote_control_init
                0x0000000008002bb8       0x3c build/unitreeA1_recv.o
                0x0000000008002bb8                remote_control_init
 .text.unitreeA1_rx
                0x0000000008002bf4       0xb4 build/unitreeA1_recv.o
                0x0000000008002bf4                unitreeA1_rx
 .text.USART1_IRQHandler
                0x0000000008002ca8       0xf0 build/unitreeA1_recv.o
                0x0000000008002ca8                USART1_IRQHandler
 .text.USART2_IRQHandler
                0x0000000008002d98       0xf0 build/unitreeA1_recv.o
                0x0000000008002d98                USART2_IRQHandler
 .text.USART3_IRQHandler
                0x0000000008002e88       0xf0 build/unitreeA1_recv.o
                0x0000000008002e88                USART3_IRQHandler
 .text.USART6_IRQHandler
                0x0000000008002f78       0xf0 build/unitreeA1_recv.o
                0x0000000008002f78                USART6_IRQHandler
 .text.ecat_NS_L
                0x0000000008003068       0x14 build/spi_deal.o
                0x0000000008003068                ecat_NS_L
 .text.ecat_NS_H
                0x000000000800307c       0x14 build/spi_deal.o
                0x000000000800307c                ecat_NS_H
 .text.MASTER_Synchro
                0x0000000008003090       0x4c build/spi_deal.o
                0x0000000008003090                MASTER_Synchro
 .text.SpiMotorRxArchive
                0x00000000080030dc       0xa8 build/spi_deal.o
                0x00000000080030dc                SpiMotorRxArchive
 .text.MotorTxDeal
                0x0000000008003184       0x36 build/spi_deal.o
                0x0000000008003184                MotorTxDeal
 *fill*         0x00000000080031ba        0x2 
 .text.SPI_TRANSMIT
                0x00000000080031bc       0xb4 build/spi_deal.o
                0x00000000080031bc                SPI_TRANSMIT
 .text.HAL_TIM_PeriodElapsedCallback
                0x0000000008003270       0x48 build/spi_deal.o
                0x0000000008003270                HAL_TIM_PeriodElapsedCallback
 .text.Reset_Handler
                0x00000000080032b8       0x50 build/startup_stm32f405xx.o
                0x00000000080032b8                Reset_Handler
 .text.Default_Handler
                0x0000000008003308        0x2 build/startup_stm32f405xx.o
                0x0000000008003308                RTC_Alarm_IRQHandler
                0x0000000008003308                HASH_RNG_IRQHandler
                0x0000000008003308                EXTI2_IRQHandler
                0x0000000008003308                TIM8_CC_IRQHandler
                0x0000000008003308                TIM1_CC_IRQHandler
                0x0000000008003308                DMA2_Stream5_IRQHandler
                0x0000000008003308                DMA1_Stream5_IRQHandler
                0x0000000008003308                PVD_IRQHandler
                0x0000000008003308                SDIO_IRQHandler
                0x0000000008003308                TAMP_STAMP_IRQHandler
                0x0000000008003308                CAN2_RX1_IRQHandler
                0x0000000008003308                EXTI3_IRQHandler
                0x0000000008003308                TIM8_TRG_COM_TIM14_IRQHandler
                0x0000000008003308                TIM1_UP_TIM10_IRQHandler
                0x0000000008003308                TIM8_UP_TIM13_IRQHandler
                0x0000000008003308                I2C3_ER_IRQHandler
                0x0000000008003308                EXTI0_IRQHandler
                0x0000000008003308                I2C2_EV_IRQHandler
                0x0000000008003308                DMA1_Stream2_IRQHandler
                0x0000000008003308                CAN1_RX0_IRQHandler
                0x0000000008003308                FPU_IRQHandler
                0x0000000008003308                OTG_HS_WKUP_IRQHandler
                0x0000000008003308                CAN2_SCE_IRQHandler
                0x0000000008003308                DMA2_Stream2_IRQHandler
                0x0000000008003308                SPI1_IRQHandler
                0x0000000008003308                TIM6_DAC_IRQHandler
                0x0000000008003308                TIM1_BRK_TIM9_IRQHandler
                0x0000000008003308                CAN2_RX0_IRQHandler
                0x0000000008003308                DMA2_Stream3_IRQHandler
                0x0000000008003308                CAN1_RX1_IRQHandler
                0x0000000008003308                UART5_IRQHandler
                0x0000000008003308                DMA2_Stream0_IRQHandler
                0x0000000008003308                I2C1_EV_IRQHandler
                0x0000000008003308                DMA1_Stream6_IRQHandler
                0x0000000008003308                DMA1_Stream1_IRQHandler
                0x0000000008003308                UART4_IRQHandler
                0x0000000008003308                TIM3_IRQHandler
                0x0000000008003308                RCC_IRQHandler
                0x0000000008003308                TIM8_BRK_TIM12_IRQHandler
                0x0000000008003308                Default_Handler
                0x0000000008003308                EXTI15_10_IRQHandler
                0x0000000008003308                ADC_IRQHandler
                0x0000000008003308                DMA1_Stream7_IRQHandler
                0x0000000008003308                TIM7_IRQHandler
                0x0000000008003308                CAN2_TX_IRQHandler
                0x0000000008003308                TIM5_IRQHandler
                0x0000000008003308                DMA2_Stream7_IRQHandler
                0x0000000008003308                I2C3_EV_IRQHandler
                0x0000000008003308                EXTI9_5_IRQHandler
                0x0000000008003308                RTC_WKUP_IRQHandler
                0x0000000008003308                OTG_HS_EP1_IN_IRQHandler
                0x0000000008003308                DMA1_Stream0_IRQHandler
                0x0000000008003308                CAN1_TX_IRQHandler
                0x0000000008003308                EXTI4_IRQHandler
                0x0000000008003308                FSMC_IRQHandler
                0x0000000008003308                OTG_HS_EP1_OUT_IRQHandler
                0x0000000008003308                WWDG_IRQHandler
                0x0000000008003308                TIM2_IRQHandler
                0x0000000008003308                OTG_FS_WKUP_IRQHandler
                0x0000000008003308                TIM1_TRG_COM_TIM11_IRQHandler
                0x0000000008003308                OTG_HS_IRQHandler
                0x0000000008003308                I2C2_ER_IRQHandler
                0x0000000008003308                DMA2_Stream1_IRQHandler
                0x0000000008003308                CAN1_SCE_IRQHandler
                0x0000000008003308                FLASH_IRQHandler
                0x0000000008003308                DMA2_Stream4_IRQHandler
                0x0000000008003308                OTG_FS_IRQHandler
                0x0000000008003308                SPI3_IRQHandler
                0x0000000008003308                DMA1_Stream4_IRQHandler
                0x0000000008003308                I2C1_ER_IRQHandler
                0x0000000008003308                DMA2_Stream6_IRQHandler
                0x0000000008003308                DMA1_Stream3_IRQHandler
 *fill*         0x000000000800330a        0x2 
 .text.__libc_init_array
                0x000000000800330c       0x48 /usr/share/gcc-arm-none-eabi-10.3-2021.10/bin/../lib/gcc/arm-none-eabi/10.3.1/../../../../arm-none-eabi/lib/thumb/v7e-m+fp/hard/libc_nano.a(lib_a-init.o)
                0x000000000800330c                __libc_init_array
 .text.memset   0x0000000008003354       0x10 /usr/share/gcc-arm-none-eabi-10.3-2021.10/bin/../lib/gcc/arm-none-eabi/10.3.1/../../../../arm-none-eabi/lib/thumb/v7e-m+fp/hard/libc_nano.a(lib_a-memset.o)
                0x0000000008003354                memset
 *(.glue_7)
 .glue_7        0x0000000008003364        0x0 linker stubs
 *(.glue_7t)
 .glue_7t       0x0000000008003364        0x0 linker stubs
 *(.eh_frame)
 .eh_frame      0x0000000008003364        0x0 /usr/share/gcc-arm-none-eabi-10.3-2021.10/bin/../lib/gcc/arm-none-eabi/10.3.1/thumb/v7e-m+fp/hard/crtbegin.o
 *(.init)
 .init          0x0000000008003364        0x4 /usr/share/gcc-arm-none-eabi-10.3-2021.10/bin/../lib/gcc/arm-none-eabi/10.3.1/thumb/v7e-m+fp/hard/crti.o
                0x0000000008003364                _init
 .init          0x0000000008003368        0x8 /usr/share/gcc-arm-none-eabi-10.3-2021.10/bin/../lib/gcc/arm-none-eabi/10.3.1/thumb/v7e-m+fp/hard/crtn.o
 *(.fini)
 .fini          0x0000000008003370        0x4 /usr/share/gcc-arm-none-eabi-10.3-2021.10/bin/../lib/gcc/arm-none-eabi/10.3.1/thumb/v7e-m+fp/hard/crti.o
                0x0000000008003370                _fini
 .fini          0x0000000008003374        0x8 /usr/share/gcc-arm-none-eabi-10.3-2021.10/bin/../lib/gcc/arm-none-eabi/10.3.1/thumb/v7e-m+fp/hard/crtn.o
                0x000000000800337c                . = ALIGN (0x4)
                0x000000000800337c                _etext = .

.vfp11_veneer   0x000000000800337c        0x0
 .vfp11_veneer  0x000000000800337c        0x0 linker stubs

.v4_bx          0x000000000800337c        0x0
 .v4_bx         0x000000000800337c        0x0 linker stubs

.iplt           0x000000000800337c        0x0
 .iplt          0x000000000800337c        0x0 /usr/share/gcc-arm-none-eabi-10.3-2021.10/bin/../lib/gcc/arm-none-eabi/10.3.1/thumb/v7e-m+fp/hard/crtbegin.o

.rodata         0x000000000800337c       0x20
                0x000000000800337c                . = ALIGN (0x4)
 *(.rodata)
 *(.rodata*)
 .rodata.AHBPrescTable
                0x000000000800337c       0x10 build/system_stm32f4xx.o
                0x000000000800337c                AHBPrescTable
 .rodata.APBPrescTable
                0x000000000800338c        0x8 build/system_stm32f4xx.o
                0x000000000800338c                APBPrescTable
 .rodata.flagBitshiftOffset.0
                0x0000000008003394        0x8 build/stm32f4xx_hal_dma.o
                0x000000000800339c                . = ALIGN (0x4)

.ARM.extab
 *(.ARM.extab* .gnu.linkonce.armextab.*)

.ARM            0x000000000800339c        0x8
                0x000000000800339c                __exidx_start = .
 *(.ARM.exidx*)
 .ARM.exidx     0x000000000800339c        0x8 /usr/share/gcc-arm-none-eabi-10.3-2021.10/bin/../lib/gcc/arm-none-eabi/10.3.1/thumb/v7e-m+fp/hard/libgcc.a(_udivmoddi4.o)
                0x00000000080033a4                __exidx_end = .

.rel.dyn        0x00000000080033a4        0x0
 .rel.iplt      0x00000000080033a4        0x0 /usr/share/gcc-arm-none-eabi-10.3-2021.10/bin/../lib/gcc/arm-none-eabi/10.3.1/thumb/v7e-m+fp/hard/crtbegin.o

.preinit_array  0x00000000080033a4        0x0
                0x00000000080033a4                PROVIDE (__preinit_array_start = .)
 *(.preinit_array*)
                0x00000000080033a4                PROVIDE (__preinit_array_end = .)

.init_array     0x00000000080033a4        0x4
                0x00000000080033a4                PROVIDE (__init_array_start = .)
 *(SORT_BY_NAME(.init_array.*))
 *(.init_array*)
 .init_array    0x00000000080033a4        0x4 /usr/share/gcc-arm-none-eabi-10.3-2021.10/bin/../lib/gcc/arm-none-eabi/10.3.1/thumb/v7e-m+fp/hard/crtbegin.o
                0x00000000080033a8                PROVIDE (__init_array_end = .)

.fini_array     0x00000000080033a8        0x4
                [!provide]                        PROVIDE (__fini_array_start = .)
 *(SORT_BY_NAME(.fini_array.*))
 *(.fini_array*)
 .fini_array    0x00000000080033a8        0x4 /usr/share/gcc-arm-none-eabi-10.3-2021.10/bin/../lib/gcc/arm-none-eabi/10.3.1/thumb/v7e-m+fp/hard/crtbegin.o
                [!provide]                        PROVIDE (__fini_array_end = .)
                0x00000000080033ac                _sidata = LOADADDR (.data)

.data           0x0000000020000000        0xc load address 0x00000000080033ac
                0x0000000020000000                . = ALIGN (0x4)
                0x0000000020000000                _sdata = .
 *(.data)
 *(.data*)
 .data.SystemCoreClock
                0x0000000020000000        0x4 build/system_stm32f4xx.o
                0x0000000020000000                SystemCoreClock
 .data.uwTickFreq
                0x0000000020000004        0x1 build/stm32f4xx_hal.o
                0x0000000020000004                uwTickFreq
 *fill*         0x0000000020000005        0x3 
 .data.uwTickPrio
                0x0000000020000008        0x4 build/stm32f4xx_hal.o
                0x0000000020000008                uwTickPrio
                0x000000002000000c                . = ALIGN (0x4)
                0x000000002000000c                _edata = .
                0x00000000080033b8                _siccmram = LOADADDR (.ccmram)

.igot.plt       0x000000002000000c        0x0 load address 0x00000000080033b8
 .igot.plt      0x000000002000000c        0x0 /usr/share/gcc-arm-none-eabi-10.3-2021.10/bin/../lib/gcc/arm-none-eabi/10.3.1/thumb/v7e-m+fp/hard/crtbegin.o

.ccmram         0x0000000010000000        0x0 load address 0x00000000080033b8
                0x0000000010000000                . = ALIGN (0x4)
                0x0000000010000000                _sccmram = .
 *(.ccmram)
 *(.ccmram*)
                0x0000000010000000                . = ALIGN (0x4)
                0x0000000010000000                _eccmram = .
                0x0000000010000000                . = ALIGN (0x4)

.bss            0x000000002000000c     0x169c
                0x000000002000000c                _sbss = .
                0x000000002000000c                __bss_start__ = _sbss
 *(.bss)
 .bss           0x000000002000000c       0x1c /usr/share/gcc-arm-none-eabi-10.3-2021.10/bin/../lib/gcc/arm-none-eabi/10.3.1/thumb/v7e-m+fp/hard/crtbegin.o
 *(.bss*)
 .bss.hdma_spi2_rx
                0x0000000020000028       0x60 build/spi.o
                0x0000000020000028                hdma_spi2_rx
 .bss.hdma_spi2_tx
                0x0000000020000088       0x60 build/spi.o
                0x0000000020000088                hdma_spi2_tx
 .bss.hspi2     0x00000000200000e8       0x58 build/spi.o
                0x00000000200000e8                hspi2
 .bss.htim4     0x0000000020000140       0x48 build/tim.o
                0x0000000020000140                htim4
 .bss.hdma_usart1_rx
                0x0000000020000188       0x60 build/usart.o
                0x0000000020000188                hdma_usart1_rx
 .bss.hdma_usart2_rx
                0x00000000200001e8       0x60 build/usart.o
                0x00000000200001e8                hdma_usart2_rx
 .bss.hdma_usart3_rx
                0x0000000020000248       0x60 build/usart.o
                0x0000000020000248                hdma_usart3_rx
 .bss.hdma_usart6_rx
                0x00000000200002a8       0x60 build/usart.o
                0x00000000200002a8                hdma_usart6_rx
 .bss.huart1    0x0000000020000308       0x48 build/usart.o
                0x0000000020000308                huart1
 .bss.huart2    0x0000000020000350       0x48 build/usart.o
                0x0000000020000350                huart2
 .bss.huart3    0x0000000020000398       0x48 build/usart.o
                0x0000000020000398                huart3
 .bss.huart6    0x00000000200003e0       0x48 build/usart.o
                0x00000000200003e0                huart6
 .bss.uwTick    0x0000000020000428        0x4 build/stm32f4xx_hal.o
                0x0000000020000428                uwTick
 .bss.cmd_motor
                0x000000002000042c      0x318 build/unitreeA1_cmd.o
                0x000000002000042c                cmd_motor
 .bss.data_leg  0x0000000020000744      0x220 build/unitreeA1_recv.o
                0x0000000020000744                data_leg
 .bss.leg       0x0000000020000964      0x6a0 build/unitreeA1_recv.o
                0x0000000020000964                leg
 .bss.sbus_rx_buf_LB
                0x0000000020001004      0x100 build/unitreeA1_recv.o
 .bss.sbus_rx_buf_LF
                0x0000000020001104      0x100 build/unitreeA1_recv.o
 .bss.sbus_rx_buf_RB
                0x0000000020001204      0x100 build/unitreeA1_recv.o
 .bss.sbus_rx_buf_RF
                0x0000000020001304      0x100 build/unitreeA1_recv.o
 .bss.this_time_rx_len.0
                0x0000000020001404        0x2 build/unitreeA1_recv.o
 .bss.this_time_rx_len.1
                0x0000000020001406        0x2 build/unitreeA1_recv.o
 .bss.this_time_rx_len.2
                0x0000000020001408        0x2 build/unitreeA1_recv.o
 .bss.this_time_rx_len.3
                0x000000002000140a        0x2 build/unitreeA1_recv.o
 .bss.a1_msg_rx_transform
                0x000000002000140c       0x15 build/spi_deal.o
                0x000000002000140c                a1_msg_rx_transform
 *fill*         0x0000000020001421        0x3 
 .bss.spi2_rx_data_u8
                0x0000000020001424       0x15 build/spi_deal.o
                0x0000000020001424                spi2_rx_data_u8
 *fill*         0x0000000020001439        0x3 
 .bss.spi2_rx_original_data
                0x000000002000143c       0x29 build/spi_deal.o
                0x000000002000143c                spi2_rx_original_data
 *fill*         0x0000000020001465        0x3 
 .bss.spi2_tx_data_u8
                0x0000000020001468       0x15 build/spi_deal.o
                0x0000000020001468                spi2_tx_data_u8
 *fill*         0x000000002000147d        0x3 
 .bss.spi2_tx_original_data
                0x0000000020001480       0x29 build/spi_deal.o
                0x0000000020001480                spi2_tx_original_data
 *fill*         0x00000000200014a9        0x3 
 .bss.spi_rx_data
                0x00000000200014ac       0xfc build/spi_deal.o
                0x00000000200014ac                spi_rx_data
 .bss.spi_tx_data
                0x00000000200015a8       0xfc build/spi_deal.o
                0x00000000200015a8                spi_tx_data
 .bss.usart_motor_send_flag
                0x00000000200016a4        0x4 build/spi_deal.o
                0x00000000200016a4                usart_motor_send_flag
 *(COMMON)
                0x00000000200016a8                . = ALIGN (0x4)
                0x00000000200016a8                _ebss = .
                0x00000000200016a8                __bss_end__ = _ebss

._user_heap_stack
                0x00000000200016a8      0x600
                0x00000000200016a8                . = ALIGN (0x8)
                [!provide]                        PROVIDE (end = .)
                [!provide]                        PROVIDE (_end = .)
                0x00000000200018a8                . = (. + _Min_Heap_Size)
 *fill*         0x00000000200016a8      0x200 
                0x0000000020001ca8                . = (. + _Min_Stack_Size)
 *fill*         0x00000000200018a8      0x400 
                0x0000000020001ca8                . = ALIGN (0x8)

/DISCARD/
 libc.a(*)
 libm.a(*)
 libgcc.a(*)

.ARM.attributes
                0x0000000000000000       0x30
 *(.ARM.attributes)
 .ARM.attributes
                0x0000000000000000       0x1e /usr/share/gcc-arm-none-eabi-10.3-2021.10/bin/../lib/gcc/arm-none-eabi/10.3.1/thumb/v7e-m+fp/hard/crti.o
 .ARM.attributes
                0x000000000000001e       0x34 /usr/share/gcc-arm-none-eabi-10.3-2021.10/bin/../lib/gcc/arm-none-eabi/10.3.1/thumb/v7e-m+fp/hard/crtbegin.o
 .ARM.attributes
                0x0000000000000052       0x34 build/dma.o
 .ARM.attributes
                0x0000000000000086       0x34 build/gpio.o
 .ARM.attributes
                0x00000000000000ba       0x34 build/main.o
 .ARM.attributes
                0x00000000000000ee       0x34 build/spi.o
 .ARM.attributes
                0x0000000000000122       0x34 build/stm32f4xx_hal_msp.o
 .ARM.attributes
                0x0000000000000156       0x34 build/stm32f4xx_it.o
 .ARM.attributes
                0x000000000000018a       0x34 build/system_stm32f4xx.o
 .ARM.attributes
                0x00000000000001be       0x34 build/tim.o
 .ARM.attributes
                0x00000000000001f2       0x34 build/usart.o
 .ARM.attributes
                0x0000000000000226       0x34 build/stm32f4xx_hal.o
 .ARM.attributes
                0x000000000000025a       0x34 build/stm32f4xx_hal_cortex.o
 .ARM.attributes
                0x000000000000028e       0x34 build/stm32f4xx_hal_dma.o
 .ARM.attributes
                0x00000000000002c2       0x34 build/stm32f4xx_hal_gpio.o
 .ARM.attributes
                0x00000000000002f6       0x34 build/stm32f4xx_hal_rcc.o
 .ARM.attributes
                0x000000000000032a       0x34 build/stm32f4xx_hal_spi.o
 .ARM.attributes
                0x000000000000035e       0x34 build/stm32f4xx_hal_tim.o
 .ARM.attributes
                0x0000000000000392       0x34 build/stm32f4xx_hal_tim_ex.o
 .ARM.attributes
                0x00000000000003c6       0x34 build/stm32f4xx_hal_uart.o
 .ARM.attributes
                0x00000000000003fa       0x34 build/bsp_dma.o
 .ARM.attributes
                0x000000000000042e       0x34 build/unitreeA1_cmd.o
 .ARM.attributes
                0x0000000000000462       0x34 build/unitreeA1_recv.o
 .ARM.attributes
                0x0000000000000496       0x34 build/spi_deal.o
 .ARM.attributes
                0x00000000000004ca       0x21 build/startup_stm32f405xx.o
 .ARM.attributes
                0x00000000000004eb       0x34 /usr/share/gcc-arm-none-eabi-10.3-2021.10/bin/../lib/gcc/arm-none-eabi/10.3.1/../../../../arm-none-eabi/lib/thumb/v7e-m+fp/hard/libc_nano.a(lib_a-init.o)
 .ARM.attributes
                0x000000000000051f       0x34 /usr/share/gcc-arm-none-eabi-10.3-2021.10/bin/../lib/gcc/arm-none-eabi/10.3.1/../../../../arm-none-eabi/lib/thumb/v7e-m+fp/hard/libc_nano.a(lib_a-memset.o)
 .ARM.attributes
                0x0000000000000553       0x1e /usr/share/gcc-arm-none-eabi-10.3-2021.10/bin/../lib/gcc/arm-none-eabi/10.3.1/thumb/v7e-m+fp/hard/libgcc.a(_aeabi_uldivmod.o)
 .ARM.attributes
                0x0000000000000571       0x34 /usr/share/gcc-arm-none-eabi-10.3-2021.10/bin/../lib/gcc/arm-none-eabi/10.3.1/thumb/v7e-m+fp/hard/libgcc.a(_udivmoddi4.o)
 .ARM.attributes
                0x00000000000005a5       0x1e /usr/share/gcc-arm-none-eabi-10.3-2021.10/bin/../lib/gcc/arm-none-eabi/10.3.1/thumb/v7e-m+fp/hard/libgcc.a(_dvmd_tls.o)
 .ARM.attributes
                0x00000000000005c3       0x1e /usr/share/gcc-arm-none-eabi-10.3-2021.10/bin/../lib/gcc/arm-none-eabi/10.3.1/thumb/v7e-m+fp/hard/crtn.o
OUTPUT(build/PLANB_F405_1.elf elf32-littlearm)
LOAD linker stubs
LOAD /usr/share/gcc-arm-none-eabi-10.3-2021.10/bin/../lib/gcc/arm-none-eabi/10.3.1/../../../../arm-none-eabi/lib/thumb/v7e-m+fp/hard/libc.a
LOAD /usr/share/gcc-arm-none-eabi-10.3-2021.10/bin/../lib/gcc/arm-none-eabi/10.3.1/../../../../arm-none-eabi/lib/thumb/v7e-m+fp/hard/libm.a
LOAD /usr/share/gcc-arm-none-eabi-10.3-2021.10/bin/../lib/gcc/arm-none-eabi/10.3.1/thumb/v7e-m+fp/hard/libgcc.a

.debug_info     0x0000000000000000    0x181e4
 .debug_info    0x0000000000000000      0x605 build/dma.o
 .debug_info    0x0000000000000605      0x72f build/gpio.o
 .debug_info    0x0000000000000d34      0xc9d build/main.o
 .debug_info    0x00000000000019d1      0xd85 build/spi.o
 .debug_info    0x0000000000002756      0x2a4 build/stm32f4xx_hal_msp.o
 .debug_info    0x00000000000029fa      0xa6f build/stm32f4xx_it.o
 .debug_info    0x0000000000003469      0x538 build/system_stm32f4xx.o
 .debug_info    0x00000000000039a1      0xcc5 build/tim.o
 .debug_info    0x0000000000004666     0x10a1 build/usart.o
 .debug_info    0x0000000000005707      0x9de build/stm32f4xx_hal.o
 .debug_info    0x00000000000060e5     0x1099 build/stm32f4xx_hal_cortex.o
 .debug_info    0x000000000000717e      0xb3f build/stm32f4xx_hal_dma.o
 .debug_info    0x0000000000007cbd      0x7b0 build/stm32f4xx_hal_gpio.o
 .debug_info    0x000000000000846d      0xb03 build/stm32f4xx_hal_rcc.o
 .debug_info    0x0000000000008f70     0x1eb9 build/stm32f4xx_hal_spi.o
 .debug_info    0x000000000000ae29     0x3dc6 build/stm32f4xx_hal_tim.o
 .debug_info    0x000000000000ebef     0x1b03 build/stm32f4xx_hal_tim_ex.o
 .debug_info    0x00000000000106f2     0x418f build/stm32f4xx_hal_uart.o
 .debug_info    0x0000000000014881      0x716 build/bsp_dma.o
 .debug_info    0x0000000000014f97      0xc16 build/unitreeA1_cmd.o
 .debug_info    0x0000000000015bad     0x1274 build/unitreeA1_recv.o
 .debug_info    0x0000000000016e21     0x13a1 build/spi_deal.o
 .debug_info    0x00000000000181c2       0x22 build/startup_stm32f405xx.o

.debug_abbrev   0x0000000000000000     0x2d80
 .debug_abbrev  0x0000000000000000      0x126 build/dma.o
 .debug_abbrev  0x0000000000000126      0x16a build/gpio.o
 .debug_abbrev  0x0000000000000290      0x219 build/main.o
 .debug_abbrev  0x00000000000004a9      0x1ef build/spi.o
 .debug_abbrev  0x0000000000000698       0xd1 build/stm32f4xx_hal_msp.o
 .debug_abbrev  0x0000000000000769      0x1b4 build/stm32f4xx_it.o
 .debug_abbrev  0x000000000000091d      0x119 build/system_stm32f4xx.o
 .debug_abbrev  0x0000000000000a36      0x1de build/tim.o
 .debug_abbrev  0x0000000000000c14      0x237 build/usart.o
 .debug_abbrev  0x0000000000000e4b      0x206 build/stm32f4xx_hal.o
 .debug_abbrev  0x0000000000001051      0x36a build/stm32f4xx_hal_cortex.o
 .debug_abbrev  0x00000000000013bb      0x2c2 build/stm32f4xx_hal_dma.o
 .debug_abbrev  0x000000000000167d      0x1ef build/stm32f4xx_hal_gpio.o
 .debug_abbrev  0x000000000000186c      0x28a build/stm32f4xx_hal_rcc.o
 .debug_abbrev  0x0000000000001af6      0x25b build/stm32f4xx_hal_spi.o
 .debug_abbrev  0x0000000000001d51      0x232 build/stm32f4xx_hal_tim.o
 .debug_abbrev  0x0000000000001f83      0x248 build/stm32f4xx_hal_tim_ex.o
 .debug_abbrev  0x00000000000021cb      0x2fd build/stm32f4xx_hal_uart.o
 .debug_abbrev  0x00000000000024c8      0x162 build/bsp_dma.o
 .debug_abbrev  0x000000000000262a      0x23a build/unitreeA1_cmd.o
 .debug_abbrev  0x0000000000002864      0x288 build/unitreeA1_recv.o
 .debug_abbrev  0x0000000000002aec      0x282 build/spi_deal.o
 .debug_abbrev  0x0000000000002d6e       0x12 build/startup_stm32f405xx.o

.debug_aranges  0x0000000000000000      0xf38
 .debug_aranges
                0x0000000000000000       0x20 build/dma.o
 .debug_aranges
                0x0000000000000020       0x20 build/gpio.o
 .debug_aranges
                0x0000000000000040       0x30 build/main.o
 .debug_aranges
                0x0000000000000070       0x30 build/spi.o
 .debug_aranges
                0x00000000000000a0       0x20 build/stm32f4xx_hal_msp.o
 .debug_aranges
                0x00000000000000c0       0x78 build/stm32f4xx_it.o
 .debug_aranges
                0x0000000000000138       0x28 build/system_stm32f4xx.o
 .debug_aranges
                0x0000000000000160       0x30 build/tim.o
 .debug_aranges
                0x0000000000000190       0x48 build/usart.o
 .debug_aranges
                0x00000000000001d8       0xf0 build/stm32f4xx_hal.o
 .debug_aranges
                0x00000000000002c8       0xb0 build/stm32f4xx_hal_cortex.o
 .debug_aranges
                0x0000000000000378       0x90 build/stm32f4xx_hal_dma.o
 .debug_aranges
                0x0000000000000408       0x58 build/stm32f4xx_hal_gpio.o
 .debug_aranges
                0x0000000000000460       0x88 build/stm32f4xx_hal_rcc.o
 .debug_aranges
                0x00000000000004e8      0x1d0 build/stm32f4xx_hal_spi.o
 .debug_aranges
                0x00000000000006b8      0x3d0 build/stm32f4xx_hal_tim.o
 .debug_aranges
                0x0000000000000a88      0x168 build/stm32f4xx_hal_tim_ex.o
 .debug_aranges
                0x0000000000000bf0      0x208 build/stm32f4xx_hal_uart.o
 .debug_aranges
                0x0000000000000df8       0x38 build/bsp_dma.o
 .debug_aranges
                0x0000000000000e30       0x30 build/unitreeA1_cmd.o
 .debug_aranges
                0x0000000000000e60       0x50 build/unitreeA1_recv.o
 .debug_aranges
                0x0000000000000eb0       0x60 build/spi_deal.o
 .debug_aranges
                0x0000000000000f10       0x28 build/startup_stm32f405xx.o

.debug_ranges   0x0000000000000000      0xe98
 .debug_ranges  0x0000000000000000       0x10 build/dma.o
 .debug_ranges  0x0000000000000010       0x10 build/gpio.o
 .debug_ranges  0x0000000000000020       0x20 build/main.o
 .debug_ranges  0x0000000000000040       0x20 build/spi.o
 .debug_ranges  0x0000000000000060       0x10 build/stm32f4xx_hal_msp.o
 .debug_ranges  0x0000000000000070       0x68 build/stm32f4xx_it.o
 .debug_ranges  0x00000000000000d8       0x18 build/system_stm32f4xx.o
 .debug_ranges  0x00000000000000f0       0x20 build/tim.o
 .debug_ranges  0x0000000000000110       0x38 build/usart.o
 .debug_ranges  0x0000000000000148       0xe0 build/stm32f4xx_hal.o
 .debug_ranges  0x0000000000000228      0x100 build/stm32f4xx_hal_cortex.o
 .debug_ranges  0x0000000000000328       0x80 build/stm32f4xx_hal_dma.o
 .debug_ranges  0x00000000000003a8       0x48 build/stm32f4xx_hal_gpio.o
 .debug_ranges  0x00000000000003f0       0x90 build/stm32f4xx_hal_rcc.o
 .debug_ranges  0x0000000000000480      0x1c0 build/stm32f4xx_hal_spi.o
 .debug_ranges  0x0000000000000640      0x3c0 build/stm32f4xx_hal_tim.o
 .debug_ranges  0x0000000000000a00      0x158 build/stm32f4xx_hal_tim_ex.o
 .debug_ranges  0x0000000000000b58      0x210 build/stm32f4xx_hal_uart.o
 .debug_ranges  0x0000000000000d68       0x28 build/bsp_dma.o
 .debug_ranges  0x0000000000000d90       0x20 build/unitreeA1_cmd.o
 .debug_ranges  0x0000000000000db0       0x40 build/unitreeA1_recv.o
 .debug_ranges  0x0000000000000df0       0x88 build/spi_deal.o
 .debug_ranges  0x0000000000000e78       0x20 build/startup_stm32f405xx.o

.debug_line     0x0000000000000000    0x12e47
 .debug_line    0x0000000000000000      0x181 build/dma.o
 .debug_line    0x0000000000000181      0x201 build/gpio.o
 .debug_line    0x0000000000000382      0x3aa build/main.o
 .debug_line    0x000000000000072c      0x3e5 build/spi.o
 .debug_line    0x0000000000000b11      0x149 build/stm32f4xx_hal_msp.o
 .debug_line    0x0000000000000c5a      0x320 build/stm32f4xx_it.o
 .debug_line    0x0000000000000f7a      0x23e build/system_stm32f4xx.o
 .debug_line    0x00000000000011b8      0x2de build/tim.o
 .debug_line    0x0000000000001496      0x6a6 build/usart.o
 .debug_line    0x0000000000001b3c      0x553 build/stm32f4xx_hal.o
 .debug_line    0x000000000000208f      0x77f build/stm32f4xx_hal_cortex.o
 .debug_line    0x000000000000280e      0xe13 build/stm32f4xx_hal_dma.o
 .debug_line    0x0000000000003621      0x6cf build/stm32f4xx_hal_gpio.o
 .debug_line    0x0000000000003cf0      0xafe build/stm32f4xx_hal_rcc.o
 .debug_line    0x00000000000047ee     0x2598 build/stm32f4xx_hal_spi.o
 .debug_line    0x0000000000006d86     0x4ac7 build/stm32f4xx_hal_tim.o
 .debug_line    0x000000000000b84d     0x1c9e build/stm32f4xx_hal_tim_ex.o
 .debug_line    0x000000000000d4eb     0x42a9 build/stm32f4xx_hal_uart.o
 .debug_line    0x0000000000011794      0x324 build/bsp_dma.o
 .debug_line    0x0000000000011ab8      0x46e build/unitreeA1_cmd.o
 .debug_line    0x0000000000011f26      0x6bd build/unitreeA1_recv.o
 .debug_line    0x00000000000125e3      0x7ee build/spi_deal.o
 .debug_line    0x0000000000012dd1       0x76 build/startup_stm32f405xx.o

.debug_str      0x0000000000000000     0x482d
 .debug_str     0x0000000000000000      0x762 build/dma.o
                                        0x7a4 (size before relaxing)
 .debug_str     0x0000000000000762       0xcc build/gpio.o
                                        0x863 (size before relaxing)
 .debug_str     0x000000000000082e      0x736 build/main.o
                                        0xa58 (size before relaxing)
 .debug_str     0x0000000000000f64      0x25e build/spi.o
                                        0xd36 (size before relaxing)
 .debug_str     0x00000000000011c2       0x29 build/stm32f4xx_hal_msp.o
                                        0x2bd (size before relaxing)
 .debug_str     0x00000000000011eb      0x124 build/stm32f4xx_it.o
                                        0x9e4 (size before relaxing)
 .debug_str     0x000000000000130f       0xd8 build/system_stm32f4xx.o
                                        0x377 (size before relaxing)
 .debug_str     0x00000000000013e7      0x147 build/tim.o
                                        0xe4c (size before relaxing)
 .debug_str     0x000000000000152e      0x232 build/usart.o
                                        0xdd8 (size before relaxing)
 .debug_str     0x0000000000001760      0x354 build/stm32f4xx_hal.o
                                        0xb3b (size before relaxing)
 .debug_str     0x0000000000001ab4      0x441 build/stm32f4xx_hal_cortex.o
                                        0xc24 (size before relaxing)
 .debug_str     0x0000000000001ef5      0x2e7 build/stm32f4xx_hal_dma.o
                                        0x778 (size before relaxing)
 .debug_str     0x00000000000021dc      0x107 build/stm32f4xx_hal_gpio.o
                                        0x4e2 (size before relaxing)
 .debug_str     0x00000000000022e3      0x1a1 build/stm32f4xx_hal_rcc.o
                                        0x708 (size before relaxing)
 .debug_str     0x0000000000002484      0x51d build/stm32f4xx_hal_spi.o
                                        0xbfc (size before relaxing)
 .debug_str     0x00000000000029a1      0xe23 build/stm32f4xx_hal_tim.o
                                       0x16cb (size before relaxing)
 .debug_str     0x00000000000037c4      0x521 build/stm32f4xx_hal_tim_ex.o
                                        0xebc (size before relaxing)
 .debug_str     0x0000000000003ce5      0x60b build/stm32f4xx_hal_uart.o
                                        0xd9d (size before relaxing)
 .debug_str     0x00000000000042f0       0x58 build/bsp_dma.o
                                        0x6b0 (size before relaxing)
 .debug_str     0x0000000000004348      0x16c build/unitreeA1_cmd.o
                                        0x7da (size before relaxing)
 .debug_str     0x00000000000044b4      0x1e4 build/unitreeA1_recv.o
                                        0x9a1 (size before relaxing)
 .debug_str     0x0000000000004698      0x171 build/spi_deal.o
                                        0xcad (size before relaxing)
 .debug_str     0x0000000000004809       0x24 build/startup_stm32f405xx.o
                                         0x68 (size before relaxing)

.comment        0x0000000000000000       0x49
 .comment       0x0000000000000000       0x49 build/dma.o
                                         0x4a (size before relaxing)
 .comment       0x0000000000000049       0x4a build/gpio.o
 .comment       0x0000000000000049       0x4a build/main.o
 .comment       0x0000000000000049       0x4a build/spi.o
 .comment       0x0000000000000049       0x4a build/stm32f4xx_hal_msp.o
 .comment       0x0000000000000049       0x4a build/stm32f4xx_it.o
 .comment       0x0000000000000049       0x4a build/system_stm32f4xx.o
 .comment       0x0000000000000049       0x4a build/tim.o
 .comment       0x0000000000000049       0x4a build/usart.o
 .comment       0x0000000000000049       0x4a build/stm32f4xx_hal.o
 .comment       0x0000000000000049       0x4a build/stm32f4xx_hal_cortex.o
 .comment       0x0000000000000049       0x4a build/stm32f4xx_hal_dma.o
 .comment       0x0000000000000049       0x4a build/stm32f4xx_hal_gpio.o
 .comment       0x0000000000000049       0x4a build/stm32f4xx_hal_rcc.o
 .comment       0x0000000000000049       0x4a build/stm32f4xx_hal_spi.o
 .comment       0x0000000000000049       0x4a build/stm32f4xx_hal_tim.o
 .comment       0x0000000000000049       0x4a build/stm32f4xx_hal_tim_ex.o
 .comment       0x0000000000000049       0x4a build/stm32f4xx_hal_uart.o
 .comment       0x0000000000000049       0x4a build/bsp_dma.o
 .comment       0x0000000000000049       0x4a build/unitreeA1_cmd.o
 .comment       0x0000000000000049       0x4a build/unitreeA1_recv.o
 .comment       0x0000000000000049       0x4a build/spi_deal.o

.debug_frame    0x0000000000000000     0x28cc
 .debug_frame   0x0000000000000000       0x30 build/dma.o
 .debug_frame   0x0000000000000030       0x34 build/gpio.o
 .debug_frame   0x0000000000000064       0x58 build/main.o
 .debug_frame   0x00000000000000bc       0x68 build/spi.o
 .debug_frame   0x0000000000000124       0x28 build/stm32f4xx_hal_msp.o
 .debug_frame   0x000000000000014c       0xf0 build/stm32f4xx_it.o
 .debug_frame   0x000000000000023c       0x30 build/system_stm32f4xx.o
 .debug_frame   0x000000000000026c       0x64 build/tim.o
 .debug_frame   0x00000000000002d0       0xac build/usart.o
 .debug_frame   0x000000000000037c      0x1ec build/stm32f4xx_hal.o
 .debug_frame   0x0000000000000568      0x158 build/stm32f4xx_hal_cortex.o
 .debug_frame   0x00000000000006c0      0x188 build/stm32f4xx_hal_dma.o
 .debug_frame   0x0000000000000848       0xd8 build/stm32f4xx_hal_gpio.o
 .debug_frame   0x0000000000000920      0x16c build/stm32f4xx_hal_rcc.o
 .debug_frame   0x0000000000000a8c      0x5c8 build/stm32f4xx_hal_spi.o
 .debug_frame   0x0000000000001054      0xb10 build/stm32f4xx_hal_tim.o
 .debug_frame   0x0000000000001b64      0x40c build/stm32f4xx_hal_tim_ex.o
 .debug_frame   0x0000000000001f70      0x5e4 build/stm32f4xx_hal_uart.o
 .debug_frame   0x0000000000002554       0x80 build/bsp_dma.o
 .debug_frame   0x00000000000025d4       0x84 build/unitreeA1_cmd.o
 .debug_frame   0x0000000000002658       0xdc build/unitreeA1_recv.o
 .debug_frame   0x0000000000002734       0xec build/spi_deal.o
 .debug_frame   0x0000000000002820       0x2c /usr/share/gcc-arm-none-eabi-10.3-2021.10/bin/../lib/gcc/arm-none-eabi/10.3.1/../../../../arm-none-eabi/lib/thumb/v7e-m+fp/hard/libc_nano.a(lib_a-init.o)
 .debug_frame   0x000000000000284c       0x20 /usr/share/gcc-arm-none-eabi-10.3-2021.10/bin/../lib/gcc/arm-none-eabi/10.3.1/../../../../arm-none-eabi/lib/thumb/v7e-m+fp/hard/libc_nano.a(lib_a-memset.o)
 .debug_frame   0x000000000000286c       0x2c /usr/share/gcc-arm-none-eabi-10.3-2021.10/bin/../lib/gcc/arm-none-eabi/10.3.1/thumb/v7e-m+fp/hard/libgcc.a(_aeabi_uldivmod.o)
 .debug_frame   0x0000000000002898       0x34 /usr/share/gcc-arm-none-eabi-10.3-2021.10/bin/../lib/gcc/arm-none-eabi/10.3.1/thumb/v7e-m+fp/hard/libgcc.a(_udivmoddi4.o)

.debug_loc      0x0000000000000000     0xfba5
 .debug_loc     0x0000000000000000       0x71 build/spi.o
 .debug_loc     0x0000000000000071      0x158 build/system_stm32f4xx.o
 .debug_loc     0x00000000000001c9       0x67 build/tim.o
 .debug_loc     0x0000000000000230      0x114 build/usart.o
 .debug_loc     0x0000000000000344      0x141 build/stm32f4xx_hal.o
 .debug_loc     0x0000000000000485      0x744 build/stm32f4xx_hal_cortex.o
 .debug_loc     0x0000000000000bc9      0xbf9 build/stm32f4xx_hal_dma.o
 .debug_loc     0x00000000000017c2      0x520 build/stm32f4xx_hal_gpio.o
 .debug_loc     0x0000000000001ce2      0x58c build/stm32f4xx_hal_rcc.o
 .debug_loc     0x000000000000226e     0x1f70 build/stm32f4xx_hal_spi.o
 .debug_loc     0x00000000000041de     0x50ad build/stm32f4xx_hal_tim.o
 .debug_loc     0x000000000000928b     0x1cca build/stm32f4xx_hal_tim_ex.o
 .debug_loc     0x000000000000af55     0x46c8 build/stm32f4xx_hal_uart.o
 .debug_loc     0x000000000000f61d       0x94 build/bsp_dma.o
 .debug_loc     0x000000000000f6b1      0x218 build/unitreeA1_cmd.o
 .debug_loc     0x000000000000f8c9       0x57 build/unitreeA1_recv.o
 .debug_loc     0x000000000000f920      0x285 build/spi_deal.o

Cross Reference Table

Symbol                                            File
ADC_IRQHandler                                    build/startup_stm32f405xx.o
AHBPrescTable                                     build/system_stm32f4xx.o
                                                  build/stm32f4xx_hal_rcc.o
APBPrescTable                                     build/system_stm32f4xx.o
                                                  build/stm32f4xx_hal_rcc.o
BusFault_Handler                                  build/stm32f4xx_it.o
CAN1_RX0_IRQHandler                               build/startup_stm32f405xx.o
CAN1_RX1_IRQHandler                               build/startup_stm32f405xx.o
CAN1_SCE_IRQHandler                               build/startup_stm32f405xx.o
CAN1_TX_IRQHandler                                build/startup_stm32f405xx.o
CAN2_RX0_IRQHandler                               build/startup_stm32f405xx.o
CAN2_RX1_IRQHandler                               build/startup_stm32f405xx.o
CAN2_SCE_IRQHandler                               build/startup_stm32f405xx.o
CAN2_TX_IRQHandler                                build/startup_stm32f405xx.o
DMA1_Stream0_IRQHandler                           build/startup_stm32f405xx.o
DMA1_Stream1_IRQHandler                           build/startup_stm32f405xx.o
DMA1_Stream2_IRQHandler                           build/startup_stm32f405xx.o
DMA1_Stream3_IRQHandler                           build/startup_stm32f405xx.o
DMA1_Stream4_IRQHandler                           build/startup_stm32f405xx.o
DMA1_Stream5_IRQHandler                           build/startup_stm32f405xx.o
DMA1_Stream6_IRQHandler                           build/startup_stm32f405xx.o
DMA1_Stream7_IRQHandler                           build/startup_stm32f405xx.o
DMA2_Stream0_IRQHandler                           build/startup_stm32f405xx.o
DMA2_Stream1_IRQHandler                           build/startup_stm32f405xx.o
DMA2_Stream2_IRQHandler                           build/startup_stm32f405xx.o
DMA2_Stream3_IRQHandler                           build/startup_stm32f405xx.o
DMA2_Stream4_IRQHandler                           build/startup_stm32f405xx.o
DMA2_Stream5_IRQHandler                           build/startup_stm32f405xx.o
DMA2_Stream6_IRQHandler                           build/startup_stm32f405xx.o
DMA2_Stream7_IRQHandler                           build/startup_stm32f405xx.o
DateCheck_DateModfy                               build/spi_deal.o
DebugMon_Handler                                  build/stm32f4xx_it.o
Default_Handler                                   build/startup_stm32f405xx.o
EXTI0_IRQHandler                                  build/startup_stm32f405xx.o
EXTI15_10_IRQHandler                              build/startup_stm32f405xx.o
EXTI1_IRQHandler                                  build/stm32f4xx_it.o
EXTI2_IRQHandler                                  build/startup_stm32f405xx.o
EXTI3_IRQHandler                                  build/startup_stm32f405xx.o
EXTI4_IRQHandler                                  build/startup_stm32f405xx.o
EXTI9_5_IRQHandler                                build/startup_stm32f405xx.o
Error_Handler                                     build/main.o
                                                  build/spi_deal.o
                                                  build/usart.o
                                                  build/tim.o
                                                  build/spi.o
FLASH_Erase_Sector                                build/stm32f4xx_hal_flash_ex.o
                                                  build/stm32f4xx_hal_flash.o
FLASH_FlushCaches                                 build/stm32f4xx_hal_flash_ex.o
                                                  build/stm32f4xx_hal_flash.o
FLASH_IRQHandler                                  build/startup_stm32f405xx.o
FLASH_WaitForLastOperation                        build/stm32f4xx_hal_flash.o
                                                  build/stm32f4xx_hal_flash_ex.o
FPU_IRQHandler                                    build/startup_stm32f405xx.o
FSMC_IRQHandler                                   build/startup_stm32f405xx.o
HAL_CORTEX_ClearEvent                             build/stm32f4xx_hal_cortex.o
HAL_DBGMCU_DisableDBGSleepMode                    build/stm32f4xx_hal.o
HAL_DBGMCU_DisableDBGStandbyMode                  build/stm32f4xx_hal.o
HAL_DBGMCU_DisableDBGStopMode                     build/stm32f4xx_hal.o
HAL_DBGMCU_EnableDBGSleepMode                     build/stm32f4xx_hal.o
HAL_DBGMCU_EnableDBGStandbyMode                   build/stm32f4xx_hal.o
HAL_DBGMCU_EnableDBGStopMode                      build/stm32f4xx_hal.o
HAL_DMAEx_ChangeMemory                            build/stm32f4xx_hal_dma_ex.o
HAL_DMAEx_MultiBufferStart                        build/stm32f4xx_hal_dma_ex.o
HAL_DMAEx_MultiBufferStart_IT                     build/stm32f4xx_hal_dma_ex.o
HAL_DMA_Abort                                     build/stm32f4xx_hal_dma.o
                                                  build/stm32f4xx_hal_uart.o
                                                  build/stm32f4xx_hal_spi.o
HAL_DMA_Abort_IT                                  build/stm32f4xx_hal_dma.o
                                                  build/stm32f4xx_hal_uart.o
                                                  build/stm32f4xx_hal_tim_ex.o
                                                  build/stm32f4xx_hal_tim.o
                                                  build/stm32f4xx_hal_spi.o
HAL_DMA_DeInit                                    build/stm32f4xx_hal_dma.o
                                                  build/usart.o
                                                  build/spi.o
HAL_DMA_GetError                                  build/stm32f4xx_hal_dma.o
                                                  build/stm32f4xx_hal_uart.o
HAL_DMA_GetState                                  build/stm32f4xx_hal_dma.o
HAL_DMA_IRQHandler                                build/stm32f4xx_hal_dma.o
HAL_DMA_Init                                      build/stm32f4xx_hal_dma.o
                                                  build/usart.o
                                                  build/spi.o
HAL_DMA_PollForTransfer                           build/stm32f4xx_hal_dma.o
HAL_DMA_RegisterCallback                          build/stm32f4xx_hal_dma.o
HAL_DMA_Start                                     build/stm32f4xx_hal_dma.o
HAL_DMA_Start_IT                                  build/stm32f4xx_hal_dma.o
                                                  build/stm32f4xx_hal_uart.o
                                                  build/stm32f4xx_hal_tim_ex.o
                                                  build/stm32f4xx_hal_tim.o
                                                  build/stm32f4xx_hal_spi.o
HAL_DMA_UnRegisterCallback                        build/stm32f4xx_hal_dma.o
HAL_DeInit                                        build/stm32f4xx_hal.o
HAL_Delay                                         build/stm32f4xx_hal.o
HAL_DisableCompensationCell                       build/stm32f4xx_hal.o
HAL_EXTI_ClearConfigLine                          build/stm32f4xx_hal_exti.o
HAL_EXTI_ClearPending                             build/stm32f4xx_hal_exti.o
HAL_EXTI_GenerateSWI                              build/stm32f4xx_hal_exti.o
HAL_EXTI_GetConfigLine                            build/stm32f4xx_hal_exti.o
HAL_EXTI_GetHandle                                build/stm32f4xx_hal_exti.o
HAL_EXTI_GetPending                               build/stm32f4xx_hal_exti.o
HAL_EXTI_IRQHandler                               build/stm32f4xx_hal_exti.o
HAL_EXTI_RegisterCallback                         build/stm32f4xx_hal_exti.o
HAL_EXTI_SetConfigLine                            build/stm32f4xx_hal_exti.o
HAL_EnableCompensationCell                        build/stm32f4xx_hal.o
HAL_FLASHEx_Erase                                 build/stm32f4xx_hal_flash_ex.o
HAL_FLASHEx_Erase_IT                              build/stm32f4xx_hal_flash_ex.o
HAL_FLASHEx_OBGetConfig                           build/stm32f4xx_hal_flash_ex.o
HAL_FLASHEx_OBProgram                             build/stm32f4xx_hal_flash_ex.o
HAL_FLASH_EndOfOperationCallback                  build/stm32f4xx_hal_flash.o
HAL_FLASH_GetError                                build/stm32f4xx_hal_flash.o
HAL_FLASH_IRQHandler                              build/stm32f4xx_hal_flash.o
HAL_FLASH_Lock                                    build/stm32f4xx_hal_flash.o
HAL_FLASH_OB_Launch                               build/stm32f4xx_hal_flash.o
HAL_FLASH_OB_Lock                                 build/stm32f4xx_hal_flash.o
HAL_FLASH_OB_Unlock                               build/stm32f4xx_hal_flash.o
HAL_FLASH_OperationErrorCallback                  build/stm32f4xx_hal_flash.o
HAL_FLASH_Program                                 build/stm32f4xx_hal_flash.o
HAL_FLASH_Program_IT                              build/stm32f4xx_hal_flash.o
HAL_FLASH_Unlock                                  build/stm32f4xx_hal_flash.o
HAL_GPIO_DeInit                                   build/stm32f4xx_hal_gpio.o
                                                  build/usart.o
                                                  build/spi.o
HAL_GPIO_EXTI_Callback                            build/stm32f4xx_hal_gpio.o
HAL_GPIO_EXTI_IRQHandler                          build/stm32f4xx_hal_gpio.o
                                                  build/stm32f4xx_it.o
HAL_GPIO_Init                                     build/stm32f4xx_hal_gpio.o
                                                  build/stm32f4xx_hal_rcc.o
                                                  build/usart.o
                                                  build/spi.o
                                                  build/gpio.o
HAL_GPIO_LockPin                                  build/stm32f4xx_hal_gpio.o
HAL_GPIO_ReadPin                                  build/stm32f4xx_hal_gpio.o
HAL_GPIO_TogglePin                                build/stm32f4xx_hal_gpio.o
HAL_GPIO_WritePin                                 build/stm32f4xx_hal_gpio.o
                                                  build/spi_deal.o
                                                  build/gpio.o
HAL_GetDEVID                                      build/stm32f4xx_hal.o
HAL_GetHalVersion                                 build/stm32f4xx_hal.o
HAL_GetREVID                                      build/stm32f4xx_hal.o
HAL_GetTick                                       build/stm32f4xx_hal.o
                                                  build/stm32f4xx_hal_uart.o
                                                  build/stm32f4xx_hal_spi.o
                                                  build/stm32f4xx_hal_rcc_ex.o
                                                  build/stm32f4xx_hal_rcc.o
                                                  build/stm32f4xx_hal_pwr_ex.o
                                                  build/stm32f4xx_hal_flash.o
                                                  build/stm32f4xx_hal_dma.o
HAL_GetTickFreq                                   build/stm32f4xx_hal.o
HAL_GetTickPrio                                   build/stm32f4xx_hal.o
HAL_GetUIDw0                                      build/stm32f4xx_hal.o
HAL_GetUIDw1                                      build/stm32f4xx_hal.o
HAL_GetUIDw2                                      build/stm32f4xx_hal.o
HAL_HalfDuplex_EnableReceiver                     build/stm32f4xx_hal_uart.o
HAL_HalfDuplex_EnableTransmitter                  build/stm32f4xx_hal_uart.o
HAL_HalfDuplex_Init                               build/stm32f4xx_hal_uart.o
HAL_IncTick                                       build/stm32f4xx_hal.o
                                                  build/stm32f4xx_it.o
HAL_Init                                          build/stm32f4xx_hal.o
                                                  build/main.o
HAL_InitTick                                      build/stm32f4xx_hal.o
                                                  build/stm32f4xx_hal_rcc_ex.o
                                                  build/stm32f4xx_hal_rcc.o
HAL_LIN_Init                                      build/stm32f4xx_hal_uart.o
HAL_LIN_SendBreak                                 build/stm32f4xx_hal_uart.o
HAL_MPU_ConfigRegion                              build/stm32f4xx_hal_cortex.o
HAL_MPU_Disable                                   build/stm32f4xx_hal_cortex.o
HAL_MPU_Enable                                    build/stm32f4xx_hal_cortex.o
HAL_MspDeInit                                     build/stm32f4xx_hal.o
HAL_MspInit                                       build/stm32f4xx_hal_msp.o
HAL_MultiProcessor_EnterMuteMode                  build/stm32f4xx_hal_uart.o
HAL_MultiProcessor_ExitMuteMode                   build/stm32f4xx_hal_uart.o
HAL_MultiProcessor_Init                           build/stm32f4xx_hal_uart.o
HAL_NVIC_ClearPendingIRQ                          build/stm32f4xx_hal_cortex.o
HAL_NVIC_DisableIRQ                               build/stm32f4xx_hal_cortex.o
                                                  build/usart.o
                                                  build/tim.o
                                                  build/spi.o
HAL_NVIC_EnableIRQ                                build/stm32f4xx_hal_cortex.o
                                                  build/usart.o
                                                  build/tim.o
                                                  build/spi.o
                                                  build/gpio.o
                                                  build/dma.o
HAL_NVIC_GetActive                                build/stm32f4xx_hal_cortex.o
HAL_NVIC_GetPendingIRQ                            build/stm32f4xx_hal_cortex.o
HAL_NVIC_GetPriority                              build/stm32f4xx_hal_cortex.o
HAL_NVIC_GetPriorityGrouping                      build/stm32f4xx_hal_cortex.o
HAL_NVIC_SetPendingIRQ                            build/stm32f4xx_hal_cortex.o
HAL_NVIC_SetPriority                              build/stm32f4xx_hal_cortex.o
                                                  build/stm32f4xx_hal.o
                                                  build/usart.o
                                                  build/tim.o
                                                  build/spi.o
                                                  build/gpio.o
                                                  build/dma.o
HAL_NVIC_SetPriorityGrouping                      build/stm32f4xx_hal_cortex.o
                                                  build/stm32f4xx_hal.o
HAL_NVIC_SystemReset                              build/stm32f4xx_hal_cortex.o
HAL_PWREx_ControlVoltageScaling                   build/stm32f4xx_hal_pwr_ex.o
HAL_PWREx_DisableBkUpReg                          build/stm32f4xx_hal_pwr_ex.o
HAL_PWREx_DisableFlashPowerDown                   build/stm32f4xx_hal_pwr_ex.o
HAL_PWREx_EnableBkUpReg                           build/stm32f4xx_hal_pwr_ex.o
HAL_PWREx_EnableFlashPowerDown                    build/stm32f4xx_hal_pwr_ex.o
HAL_PWREx_GetVoltageRange                         build/stm32f4xx_hal_pwr_ex.o
HAL_PWR_ConfigPVD                                 build/stm32f4xx_hal_pwr.o
HAL_PWR_DeInit                                    build/stm32f4xx_hal_pwr.o
HAL_PWR_DisableBkUpAccess                         build/stm32f4xx_hal_pwr.o
HAL_PWR_DisablePVD                                build/stm32f4xx_hal_pwr.o
HAL_PWR_DisableSEVOnPend                          build/stm32f4xx_hal_pwr.o
HAL_PWR_DisableSleepOnExit                        build/stm32f4xx_hal_pwr.o
HAL_PWR_DisableWakeUpPin                          build/stm32f4xx_hal_pwr.o
HAL_PWR_EnableBkUpAccess                          build/stm32f4xx_hal_pwr.o
HAL_PWR_EnablePVD                                 build/stm32f4xx_hal_pwr.o
HAL_PWR_EnableSEVOnPend                           build/stm32f4xx_hal_pwr.o
HAL_PWR_EnableSleepOnExit                         build/stm32f4xx_hal_pwr.o
HAL_PWR_EnableWakeUpPin                           build/stm32f4xx_hal_pwr.o
HAL_PWR_EnterSLEEPMode                            build/stm32f4xx_hal_pwr.o
HAL_PWR_EnterSTANDBYMode                          build/stm32f4xx_hal_pwr.o
HAL_PWR_EnterSTOPMode                             build/stm32f4xx_hal_pwr.o
HAL_PWR_PVDCallback                               build/stm32f4xx_hal_pwr.o
HAL_PWR_PVD_IRQHandler                            build/stm32f4xx_hal_pwr.o
HAL_RCCEx_DisablePLLI2S                           build/stm32f4xx_hal_rcc_ex.o
HAL_RCCEx_EnablePLLI2S                            build/stm32f4xx_hal_rcc_ex.o
HAL_RCCEx_GetPeriphCLKConfig                      build/stm32f4xx_hal_rcc_ex.o
HAL_RCCEx_GetPeriphCLKFreq                        build/stm32f4xx_hal_rcc_ex.o
HAL_RCCEx_PeriphCLKConfig                         build/stm32f4xx_hal_rcc_ex.o
HAL_RCC_CSSCallback                               build/stm32f4xx_hal_rcc.o
HAL_RCC_ClockConfig                               build/stm32f4xx_hal_rcc.o
                                                  build/main.o
HAL_RCC_DeInit                                    build/stm32f4xx_hal_rcc_ex.o
                                                  build/stm32f4xx_hal_rcc.o
HAL_RCC_DisableCSS                                build/stm32f4xx_hal_rcc.o
HAL_RCC_EnableCSS                                 build/stm32f4xx_hal_rcc.o
HAL_RCC_GetClockConfig                            build/stm32f4xx_hal_rcc.o
HAL_RCC_GetHCLKFreq                               build/stm32f4xx_hal_rcc.o
HAL_RCC_GetOscConfig                              build/stm32f4xx_hal_rcc.o
HAL_RCC_GetPCLK1Freq                              build/stm32f4xx_hal_rcc.o
                                                  build/stm32f4xx_hal_uart.o
HAL_RCC_GetPCLK2Freq                              build/stm32f4xx_hal_rcc.o
                                                  build/stm32f4xx_hal_uart.o
HAL_RCC_GetSysClockFreq                           build/stm32f4xx_hal_rcc.o
HAL_RCC_MCOConfig                                 build/stm32f4xx_hal_rcc.o
HAL_RCC_NMI_IRQHandler                            build/stm32f4xx_hal_rcc.o
HAL_RCC_OscConfig                                 build/stm32f4xx_hal_rcc.o
                                                  build/main.o
HAL_ResumeTick                                    build/stm32f4xx_hal.o
HAL_SPI_Abort                                     build/stm32f4xx_hal_spi.o
HAL_SPI_AbortCpltCallback                         build/stm32f4xx_hal_spi.o
HAL_SPI_Abort_IT                                  build/stm32f4xx_hal_spi.o
HAL_SPI_DMAPause                                  build/stm32f4xx_hal_spi.o
HAL_SPI_DMAResume                                 build/stm32f4xx_hal_spi.o
HAL_SPI_DMAStop                                   build/stm32f4xx_hal_spi.o
HAL_SPI_DeInit                                    build/stm32f4xx_hal_spi.o
HAL_SPI_ErrorCallback                             build/stm32f4xx_hal_spi.o
HAL_SPI_GetError                                  build/stm32f4xx_hal_spi.o
HAL_SPI_GetState                                  build/stm32f4xx_hal_spi.o
                                                  build/spi_deal.o
HAL_SPI_IRQHandler                                build/stm32f4xx_hal_spi.o
                                                  build/stm32f4xx_it.o
HAL_SPI_Init                                      build/stm32f4xx_hal_spi.o
                                                  build/spi.o
HAL_SPI_MspDeInit                                 build/spi.o
HAL_SPI_MspInit                                   build/spi.o
HAL_SPI_Receive                                   build/stm32f4xx_hal_spi.o
HAL_SPI_Receive_DMA                               build/stm32f4xx_hal_spi.o
HAL_SPI_Receive_IT                                build/stm32f4xx_hal_spi.o
HAL_SPI_RxCpltCallback                            build/stm32f4xx_hal_spi.o
HAL_SPI_RxHalfCpltCallback                        build/stm32f4xx_hal_spi.o
HAL_SPI_Transmit                                  build/stm32f4xx_hal_spi.o
HAL_SPI_TransmitReceive                           build/stm32f4xx_hal_spi.o
HAL_SPI_TransmitReceive_DMA                       build/stm32f4xx_hal_spi.o
HAL_SPI_TransmitReceive_IT                        build/stm32f4xx_hal_spi.o
                                                  build/spi_deal.o
HAL_SPI_Transmit_DMA                              build/stm32f4xx_hal_spi.o
HAL_SPI_Transmit_IT                               build/stm32f4xx_hal_spi.o
HAL_SPI_TxCpltCallback                            build/stm32f4xx_hal_spi.o
HAL_SPI_TxHalfCpltCallback                        build/stm32f4xx_hal_spi.o
HAL_SPI_TxRxCpltCallback                          build/stm32f4xx_hal_spi.o
HAL_SPI_TxRxHalfCpltCallback                      build/stm32f4xx_hal_spi.o
HAL_SYSTICK_CLKSourceConfig                       build/stm32f4xx_hal_cortex.o
HAL_SYSTICK_Callback                              build/stm32f4xx_hal_cortex.o
HAL_SYSTICK_Config                                build/stm32f4xx_hal_cortex.o
                                                  build/stm32f4xx_hal.o
HAL_SYSTICK_IRQHandler                            build/stm32f4xx_hal_cortex.o
HAL_SetTickFreq                                   build/stm32f4xx_hal.o
HAL_SuspendTick                                   build/stm32f4xx_hal.o
HAL_TIMEx_BreakCallback                           build/stm32f4xx_hal_tim_ex.o
                                                  build/stm32f4xx_hal_tim.o
HAL_TIMEx_CommutCallback                          build/stm32f4xx_hal_tim_ex.o
                                                  build/stm32f4xx_hal_tim.o
HAL_TIMEx_CommutHalfCpltCallback                  build/stm32f4xx_hal_tim_ex.o
HAL_TIMEx_ConfigBreakDeadTime                     build/stm32f4xx_hal_tim_ex.o
HAL_TIMEx_ConfigCommutEvent                       build/stm32f4xx_hal_tim_ex.o
HAL_TIMEx_ConfigCommutEvent_DMA                   build/stm32f4xx_hal_tim_ex.o
HAL_TIMEx_ConfigCommutEvent_IT                    build/stm32f4xx_hal_tim_ex.o
HAL_TIMEx_GetChannelNState                        build/stm32f4xx_hal_tim_ex.o
HAL_TIMEx_HallSensor_DeInit                       build/stm32f4xx_hal_tim_ex.o
HAL_TIMEx_HallSensor_GetState                     build/stm32f4xx_hal_tim_ex.o
HAL_TIMEx_HallSensor_Init                         build/stm32f4xx_hal_tim_ex.o
HAL_TIMEx_HallSensor_MspDeInit                    build/stm32f4xx_hal_tim_ex.o
HAL_TIMEx_HallSensor_MspInit                      build/stm32f4xx_hal_tim_ex.o
HAL_TIMEx_HallSensor_Start                        build/stm32f4xx_hal_tim_ex.o
HAL_TIMEx_HallSensor_Start_DMA                    build/stm32f4xx_hal_tim_ex.o
HAL_TIMEx_HallSensor_Start_IT                     build/stm32f4xx_hal_tim_ex.o
HAL_TIMEx_HallSensor_Stop                         build/stm32f4xx_hal_tim_ex.o
HAL_TIMEx_HallSensor_Stop_DMA                     build/stm32f4xx_hal_tim_ex.o
HAL_TIMEx_HallSensor_Stop_IT                      build/stm32f4xx_hal_tim_ex.o
HAL_TIMEx_MasterConfigSynchronization             build/stm32f4xx_hal_tim_ex.o
                                                  build/tim.o
HAL_TIMEx_OCN_Start                               build/stm32f4xx_hal_tim_ex.o
HAL_TIMEx_OCN_Start_DMA                           build/stm32f4xx_hal_tim_ex.o
HAL_TIMEx_OCN_Start_IT                            build/stm32f4xx_hal_tim_ex.o
HAL_TIMEx_OCN_Stop                                build/stm32f4xx_hal_tim_ex.o
HAL_TIMEx_OCN_Stop_DMA                            build/stm32f4xx_hal_tim_ex.o
HAL_TIMEx_OCN_Stop_IT                             build/stm32f4xx_hal_tim_ex.o
HAL_TIMEx_OnePulseN_Start                         build/stm32f4xx_hal_tim_ex.o
HAL_TIMEx_OnePulseN_Start_IT                      build/stm32f4xx_hal_tim_ex.o
HAL_TIMEx_OnePulseN_Stop                          build/stm32f4xx_hal_tim_ex.o
HAL_TIMEx_OnePulseN_Stop_IT                       build/stm32f4xx_hal_tim_ex.o
HAL_TIMEx_PWMN_Start                              build/stm32f4xx_hal_tim_ex.o
HAL_TIMEx_PWMN_Start_DMA                          build/stm32f4xx_hal_tim_ex.o
HAL_TIMEx_PWMN_Start_IT                           build/stm32f4xx_hal_tim_ex.o
HAL_TIMEx_PWMN_Stop                               build/stm32f4xx_hal_tim_ex.o
HAL_TIMEx_PWMN_Stop_DMA                           build/stm32f4xx_hal_tim_ex.o
HAL_TIMEx_PWMN_Stop_IT                            build/stm32f4xx_hal_tim_ex.o
HAL_TIMEx_RemapConfig                             build/stm32f4xx_hal_tim_ex.o
HAL_TIM_Base_DeInit                               build/stm32f4xx_hal_tim.o
HAL_TIM_Base_GetState                             build/stm32f4xx_hal_tim.o
HAL_TIM_Base_Init                                 build/stm32f4xx_hal_tim.o
HAL_TIM_Base_MspDeInit                            build/stm32f4xx_hal_tim.o
HAL_TIM_Base_MspInit                              build/stm32f4xx_hal_tim.o
HAL_TIM_Base_Start                                build/stm32f4xx_hal_tim.o
HAL_TIM_Base_Start_DMA                            build/stm32f4xx_hal_tim.o
HAL_TIM_Base_Start_IT                             build/stm32f4xx_hal_tim.o
                                                  build/main.o
HAL_TIM_Base_Stop                                 build/stm32f4xx_hal_tim.o
HAL_TIM_Base_Stop_DMA                             build/stm32f4xx_hal_tim.o
HAL_TIM_Base_Stop_IT                              build/stm32f4xx_hal_tim.o
HAL_TIM_ConfigClockSource                         build/stm32f4xx_hal_tim.o
HAL_TIM_ConfigOCrefClear                          build/stm32f4xx_hal_tim.o
HAL_TIM_ConfigTI1Input                            build/stm32f4xx_hal_tim.o
HAL_TIM_DMABurstState                             build/stm32f4xx_hal_tim.o
HAL_TIM_DMABurst_MultiReadStart                   build/stm32f4xx_hal_tim.o
HAL_TIM_DMABurst_MultiWriteStart                  build/stm32f4xx_hal_tim.o
HAL_TIM_DMABurst_ReadStart                        build/stm32f4xx_hal_tim.o
HAL_TIM_DMABurst_ReadStop                         build/stm32f4xx_hal_tim.o
HAL_TIM_DMABurst_WriteStart                       build/stm32f4xx_hal_tim.o
HAL_TIM_DMABurst_WriteStop                        build/stm32f4xx_hal_tim.o
HAL_TIM_Encoder_DeInit                            build/stm32f4xx_hal_tim.o
HAL_TIM_Encoder_GetState                          build/stm32f4xx_hal_tim.o
HAL_TIM_Encoder_Init                              build/stm32f4xx_hal_tim.o
HAL_TIM_Encoder_MspDeInit                         build/stm32f4xx_hal_tim.o
HAL_TIM_Encoder_MspInit                           build/stm32f4xx_hal_tim.o
HAL_TIM_Encoder_Start                             build/stm32f4xx_hal_tim.o
HAL_TIM_Encoder_Start_DMA                         build/stm32f4xx_hal_tim.o
HAL_TIM_Encoder_Start_IT                          build/stm32f4xx_hal_tim.o
HAL_TIM_Encoder_Stop                              build/stm32f4xx_hal_tim.o
HAL_TIM_Encoder_Stop_DMA                          build/stm32f4xx_hal_tim.o
HAL_TIM_Encoder_Stop_IT                           build/stm32f4xx_hal_tim.o
HAL_TIM_ErrorCallback                             build/stm32f4xx_hal_tim.o
                                                  build/stm32f4xx_hal_tim_ex.o
HAL_TIM_GenerateEvent                             build/stm32f4xx_hal_tim.o
HAL_TIM_GetActiveChannel                          build/stm32f4xx_hal_tim.o
HAL_TIM_GetChannelState                           build/stm32f4xx_hal_tim.o
HAL_TIM_IC_CaptureCallback                        build/stm32f4xx_hal_tim.o
HAL_TIM_IC_CaptureHalfCpltCallback                build/stm32f4xx_hal_tim.o
HAL_TIM_IC_ConfigChannel                          build/stm32f4xx_hal_tim.o
HAL_TIM_IC_DeInit                                 build/stm32f4xx_hal_tim.o
HAL_TIM_IC_GetState                               build/stm32f4xx_hal_tim.o
HAL_TIM_IC_Init                                   build/stm32f4xx_hal_tim.o
HAL_TIM_IC_MspDeInit                              build/stm32f4xx_hal_tim.o
HAL_TIM_IC_MspInit                                build/stm32f4xx_hal_tim.o
HAL_TIM_IC_Start                                  build/stm32f4xx_hal_tim.o
HAL_TIM_IC_Start_DMA                              build/stm32f4xx_hal_tim.o
HAL_TIM_IC_Start_IT                               build/stm32f4xx_hal_tim.o
HAL_TIM_IC_Stop                                   build/stm32f4xx_hal_tim.o
HAL_TIM_IC_Stop_DMA                               build/stm32f4xx_hal_tim.o
HAL_TIM_IC_Stop_IT                                build/stm32f4xx_hal_tim.o
HAL_TIM_IRQHandler                                build/stm32f4xx_hal_tim.o
                                                  build/stm32f4xx_it.o
HAL_TIM_OC_ConfigChannel                          build/stm32f4xx_hal_tim.o
HAL_TIM_OC_DeInit                                 build/stm32f4xx_hal_tim.o
HAL_TIM_OC_DelayElapsedCallback                   build/stm32f4xx_hal_tim.o
HAL_TIM_OC_GetState                               build/stm32f4xx_hal_tim.o
HAL_TIM_OC_Init                                   build/stm32f4xx_hal_tim.o
HAL_TIM_OC_MspDeInit                              build/stm32f4xx_hal_tim.o
HAL_TIM_OC_MspInit                                build/stm32f4xx_hal_tim.o
HAL_TIM_OC_Start                                  build/stm32f4xx_hal_tim.o
HAL_TIM_OC_Start_DMA                              build/stm32f4xx_hal_tim.o
HAL_TIM_OC_Start_IT                               build/stm32f4xx_hal_tim.o
HAL_TIM_OC_Stop                                   build/stm32f4xx_hal_tim.o
HAL_TIM_OC_Stop_DMA                               build/stm32f4xx_hal_tim.o
HAL_TIM_OC_Stop_IT                                build/stm32f4xx_hal_tim.o
HAL_TIM_OnePulse_ConfigChannel                    build/stm32f4xx_hal_tim.o
HAL_TIM_OnePulse_DeInit                           build/stm32f4xx_hal_tim.o
HAL_TIM_OnePulse_GetState                         build/stm32f4xx_hal_tim.o
HAL_TIM_OnePulse_Init                             build/stm32f4xx_hal_tim.o
HAL_TIM_OnePulse_MspDeInit                        build/stm32f4xx_hal_tim.o
HAL_TIM_OnePulse_MspInit                          build/stm32f4xx_hal_tim.o
HAL_TIM_OnePulse_Start                            build/stm32f4xx_hal_tim.o
HAL_TIM_OnePulse_Start_IT                         build/stm32f4xx_hal_tim.o
HAL_TIM_OnePulse_Stop                             build/stm32f4xx_hal_tim.o
HAL_TIM_OnePulse_Stop_IT                          build/stm32f4xx_hal_tim.o
HAL_TIM_PWM_ConfigChannel                         build/stm32f4xx_hal_tim.o
                                                  build/tim.o
HAL_TIM_PWM_DeInit                                build/stm32f4xx_hal_tim.o
HAL_TIM_PWM_GetState                              build/stm32f4xx_hal_tim.o
HAL_TIM_PWM_Init                                  build/stm32f4xx_hal_tim.o
                                                  build/tim.o
HAL_TIM_PWM_MspDeInit                             build/tim.o
HAL_TIM_PWM_MspInit                               build/tim.o
HAL_TIM_PWM_PulseFinishedCallback                 build/stm32f4xx_hal_tim.o
                                                  build/stm32f4xx_hal_tim_ex.o
HAL_TIM_PWM_PulseFinishedHalfCpltCallback         build/stm32f4xx_hal_tim.o
HAL_TIM_PWM_Start                                 build/stm32f4xx_hal_tim.o
HAL_TIM_PWM_Start_DMA                             build/stm32f4xx_hal_tim.o
HAL_TIM_PWM_Start_IT                              build/stm32f4xx_hal_tim.o
HAL_TIM_PWM_Stop                                  build/stm32f4xx_hal_tim.o
HAL_TIM_PWM_Stop_DMA                              build/stm32f4xx_hal_tim.o
HAL_TIM_PWM_Stop_IT                               build/stm32f4xx_hal_tim.o
HAL_TIM_PeriodElapsedCallback                     build/spi_deal.o
                                                  build/stm32f4xx_hal_tim.o
HAL_TIM_PeriodElapsedHalfCpltCallback             build/stm32f4xx_hal_tim.o
HAL_TIM_ReadCapturedValue                         build/stm32f4xx_hal_tim.o
HAL_TIM_SlaveConfigSynchro                        build/stm32f4xx_hal_tim.o
HAL_TIM_SlaveConfigSynchro_IT                     build/stm32f4xx_hal_tim.o
HAL_TIM_TriggerCallback                           build/stm32f4xx_hal_tim.o
HAL_TIM_TriggerHalfCpltCallback                   build/stm32f4xx_hal_tim.o
HAL_UARTEx_GetRxEventType                         build/stm32f4xx_hal_uart.o
HAL_UARTEx_ReceiveToIdle                          build/stm32f4xx_hal_uart.o
HAL_UARTEx_ReceiveToIdle_DMA                      build/stm32f4xx_hal_uart.o
HAL_UARTEx_ReceiveToIdle_IT                       build/stm32f4xx_hal_uart.o
HAL_UARTEx_RxEventCallback                        build/stm32f4xx_hal_uart.o
HAL_UART_Abort                                    build/stm32f4xx_hal_uart.o
HAL_UART_AbortCpltCallback                        build/stm32f4xx_hal_uart.o
HAL_UART_AbortReceive                             build/stm32f4xx_hal_uart.o
HAL_UART_AbortReceiveCpltCallback                 build/stm32f4xx_hal_uart.o
HAL_UART_AbortReceive_IT                          build/stm32f4xx_hal_uart.o
HAL_UART_AbortTransmit                            build/stm32f4xx_hal_uart.o
HAL_UART_AbortTransmitCpltCallback                build/stm32f4xx_hal_uart.o
HAL_UART_AbortTransmit_IT                         build/stm32f4xx_hal_uart.o
HAL_UART_Abort_IT                                 build/stm32f4xx_hal_uart.o
HAL_UART_DMAPause                                 build/stm32f4xx_hal_uart.o
HAL_UART_DMAResume                                build/stm32f4xx_hal_uart.o
HAL_UART_DMAStop                                  build/stm32f4xx_hal_uart.o
HAL_UART_DeInit                                   build/stm32f4xx_hal_uart.o
HAL_UART_ErrorCallback                            build/stm32f4xx_hal_uart.o
HAL_UART_GetError                                 build/stm32f4xx_hal_uart.o
HAL_UART_GetState                                 build/stm32f4xx_hal_uart.o
HAL_UART_IRQHandler                               build/stm32f4xx_hal_uart.o
HAL_UART_Init                                     build/stm32f4xx_hal_uart.o
                                                  build/usart.o
HAL_UART_MspDeInit                                build/usart.o
HAL_UART_MspInit                                  build/usart.o
HAL_UART_Receive                                  build/stm32f4xx_hal_uart.o
HAL_UART_Receive_DMA                              build/stm32f4xx_hal_uart.o
HAL_UART_Receive_IT                               build/stm32f4xx_hal_uart.o
HAL_UART_RxCpltCallback                           build/stm32f4xx_hal_uart.o
HAL_UART_RxHalfCpltCallback                       build/stm32f4xx_hal_uart.o
HAL_UART_Transmit                                 build/stm32f4xx_hal_uart.o
                                                  build/unitreeA1_cmd.o
HAL_UART_Transmit_DMA                             build/stm32f4xx_hal_uart.o
HAL_UART_Transmit_IT                              build/stm32f4xx_hal_uart.o
HAL_UART_TxCpltCallback                           build/stm32f4xx_hal_uart.o
HAL_UART_TxHalfCpltCallback                       build/stm32f4xx_hal_uart.o
HASH_RNG_IRQHandler                               build/startup_stm32f405xx.o
HardFault_Handler                                 build/stm32f4xx_it.o
I2C1_ER_IRQHandler                                build/startup_stm32f405xx.o
I2C1_EV_IRQHandler                                build/startup_stm32f405xx.o
I2C2_ER_IRQHandler                                build/startup_stm32f405xx.o
I2C2_EV_IRQHandler                                build/startup_stm32f405xx.o
I2C3_ER_IRQHandler                                build/startup_stm32f405xx.o
I2C3_EV_IRQHandler                                build/startup_stm32f405xx.o
MASTER_Synchro                                    build/spi_deal.o
MX_DMA_Init                                       build/dma.o
                                                  build/main.o
MX_GPIO_Init                                      build/gpio.o
                                                  build/main.o
MX_SPI2_Init                                      build/spi.o
                                                  build/main.o
MX_TIM4_Init                                      build/tim.o
                                                  build/main.o
MX_USART1_UART_Init                               build/usart.o
                                                  build/main.o
MX_USART2_UART_Init                               build/usart.o
                                                  build/main.o