Archive member included to satisfy reference by file (symbol)

/usr/share/gcc-arm-none-eabi-10.3-2021.10/bin/../lib/gcc/arm-none-eabi/10.3.1/../../../../arm-none-eabi/lib/thumb/v7e-m+fp/hard/libc_nano.a(lib_a-exit.o)
                              /usr/share/gcc-arm-none-eabi-10.3-2021.10/bin/../lib/gcc/arm-none-eabi/10.3.1/../../../../arm-none-eabi/lib/thumb/v7e-m+fp/hard/crt0.o (exit)
/usr/share/gcc-arm-none-eabi-10.3-2021.10/bin/../lib/gcc/arm-none-eabi/10.3.1/../../../../arm-none-eabi/lib/thumb/v7e-m+fp/hard/libc_nano.a(lib_a-impure.o)
                              /usr/share/gcc-arm-none-eabi-10.3-2021.10/bin/../lib/gcc/arm-none-eabi/10.3.1/../../../../arm-none-eabi/lib/thumb/v7e-m+fp/hard/libc_nano.a(lib_a-exit.o) (_global_impure_ptr)
/usr/share/gcc-arm-none-eabi-10.3-2021.10/bin/../lib/gcc/arm-none-eabi/10.3.1/../../../../arm-none-eabi/lib/thumb/v7e-m+fp/hard/libc_nano.a(lib_a-init.o)
                              /usr/share/gcc-arm-none-eabi-10.3-2021.10/bin/../lib/gcc/arm-none-eabi/10.3.1/../../../../arm-none-eabi/lib/thumb/v7e-m+fp/hard/crt0.o (__libc_init_array)
/usr/share/gcc-arm-none-eabi-10.3-2021.10/bin/../lib/gcc/arm-none-eabi/10.3.1/../../../../arm-none-eabi/lib/thumb/v7e-m+fp/hard/libc_nano.a(lib_a-malloc.o)
                              build/ecatcoe.o (malloc)
/usr/share/gcc-arm-none-eabi-10.3-2021.10/bin/../lib/gcc/arm-none-eabi/10.3.1/../../../../arm-none-eabi/lib/thumb/v7e-m+fp/hard/libc_nano.a(lib_a-memcpy-stub.o)
                              build/mailbox.o (memcpy)
/usr/share/gcc-arm-none-eabi-10.3-2021.10/bin/../lib/gcc/arm-none-eabi/10.3.1/../../../../arm-none-eabi/lib/thumb/v7e-m+fp/hard/libc_nano.a(lib_a-memset.o)
                              /usr/share/gcc-arm-none-eabi-10.3-2021.10/bin/../lib/gcc/arm-none-eabi/10.3.1/../../../../arm-none-eabi/lib/thumb/v7e-m+fp/hard/crt0.o (memset)
/usr/share/gcc-arm-none-eabi-10.3-2021.10/bin/../lib/gcc/arm-none-eabi/10.3.1/../../../../arm-none-eabi/lib/thumb/v7e-m+fp/hard/libc_nano.a(lib_a-nano-freer.o)
                              /usr/share/gcc-arm-none-eabi-10.3-2021.10/bin/../lib/gcc/arm-none-eabi/10.3.1/../../../../arm-none-eabi/lib/thumb/v7e-m+fp/hard/libc_nano.a(lib_a-malloc.o) (_free_r)
/usr/share/gcc-arm-none-eabi-10.3-2021.10/bin/../lib/gcc/arm-none-eabi/10.3.1/../../../../arm-none-eabi/lib/thumb/v7e-m+fp/hard/libc_nano.a(lib_a-nano-mallocr.o)
                              /usr/share/gcc-arm-none-eabi-10.3-2021.10/bin/../lib/gcc/arm-none-eabi/10.3.1/../../../../arm-none-eabi/lib/thumb/v7e-m+fp/hard/libc_nano.a(lib_a-malloc.o) (_malloc_r)
/usr/share/gcc-arm-none-eabi-10.3-2021.10/bin/../lib/gcc/arm-none-eabi/10.3.1/../../../../arm-none-eabi/lib/thumb/v7e-m+fp/hard/libc_nano.a(lib_a-sbrkr.o)
                              /usr/share/gcc-arm-none-eabi-10.3-2021.10/bin/../lib/gcc/arm-none-eabi/10.3.1/../../../../arm-none-eabi/lib/thumb/v7e-m+fp/hard/libc_nano.a(lib_a-nano-mallocr.o) (_sbrk_r)
/usr/share/gcc-arm-none-eabi-10.3-2021.10/bin/../lib/gcc/arm-none-eabi/10.3.1/../../../../arm-none-eabi/lib/thumb/v7e-m+fp/hard/libc_nano.a(lib_a-strlen.o)
                              build/objdef.o (strlen)
/usr/share/gcc-arm-none-eabi-10.3-2021.10/bin/../lib/gcc/arm-none-eabi/10.3.1/../../../../arm-none-eabi/lib/thumb/v7e-m+fp/hard/libc_nano.a(lib_a-mlock.o)
                              /usr/share/gcc-arm-none-eabi-10.3-2021.10/bin/../lib/gcc/arm-none-eabi/10.3.1/../../../../arm-none-eabi/lib/thumb/v7e-m+fp/hard/libc_nano.a(lib_a-nano-freer.o) (__malloc_lock)
/usr/share/gcc-arm-none-eabi-10.3-2021.10/bin/../lib/gcc/arm-none-eabi/10.3.1/../../../../arm-none-eabi/lib/thumb/v7e-m+fp/hard/libc_nano.a(lib_a-reent.o)
                              /usr/share/gcc-arm-none-eabi-10.3-2021.10/bin/../lib/gcc/arm-none-eabi/10.3.1/../../../../arm-none-eabi/lib/thumb/v7e-m+fp/hard/libc_nano.a(lib_a-sbrkr.o) (errno)
/usr/share/gcc-arm-none-eabi-10.3-2021.10/bin/../lib/gcc/arm-none-eabi/10.3.1/../../../../arm-none-eabi/lib/thumb/v7e-m+fp/hard/libc_nano.a(lib_a-lock.o)
                              /usr/share/gcc-arm-none-eabi-10.3-2021.10/bin/../lib/gcc/arm-none-eabi/10.3.1/../../../../arm-none-eabi/lib/thumb/v7e-m+fp/hard/libc_nano.a(lib_a-mlock.o) (__retarget_lock_acquire_recursive)
/usr/share/gcc-arm-none-eabi-10.3-2021.10/bin/../lib/gcc/arm-none-eabi/10.3.1/../../../../arm-none-eabi/lib/thumb/v7e-m+fp/hard/libnosys.a(sbrk.o)
                              /usr/share/gcc-arm-none-eabi-10.3-2021.10/bin/../lib/gcc/arm-none-eabi/10.3.1/../../../../arm-none-eabi/lib/thumb/v7e-m+fp/hard/libc_nano.a(lib_a-sbrkr.o) (_sbrk)
/usr/share/gcc-arm-none-eabi-10.3-2021.10/bin/../lib/gcc/arm-none-eabi/10.3.1/../../../../arm-none-eabi/lib/thumb/v7e-m+fp/hard/libnosys.a(_exit.o)
                              /usr/share/gcc-arm-none-eabi-10.3-2021.10/bin/../lib/gcc/arm-none-eabi/10.3.1/../../../../arm-none-eabi/lib/thumb/v7e-m+fp/hard/libc_nano.a(lib_a-exit.o) (_exit)
[...]
Memory Configuration

Name             Origin             Length             Attributes
RAM              0x0000000020000000 0x0000000000030000 xrw
CCMRAM           0x0000000010000000 0x0000000000010000 xrw
FLASH            0x0000000008000000 0x0000000000100000 xr
*default*        0x0000000000000000 0xffffffffffffffff

Linker script and memory map

LOAD /usr/share/gcc-arm-none-eabi-10.3-2021.10/bin/../lib/gcc/arm-none-eabi/10.3.1/thumb/v7e-m+fp/hard/crti.o
LOAD /usr/share/gcc-arm-none-eabi-10.3-2021.10/bin/../lib/gcc/arm-none-eabi/10.3.1/thumb/v7e-m+fp/hard/crtbegin.o
LOAD /usr/share/gcc-arm-none-eabi-10.3-2021.10/bin/../lib/gcc/arm-none-eabi/10.3.1/../../../../arm-none-eabi/lib/thumb/v7e-m+fp/hard/crt0.o
LOAD build/stm32f4xx_it.o
LOAD build/misc.o
LOAD build/stm32f4xx_adc.o
LOAD build/stm32f4xx_can.o
LOAD build/stm32f4xx_cec.o
LOAD build/stm32f4xx_crc.o
LOAD build/stm32f4xx_cryp.o
LOAD build/stm32f4xx_cryp_aes.o
LOAD build/stm32f4xx_cryp_des.o
LOAD build/stm32f4xx_cryp_tdes.o
LOAD build/stm32f4xx_dac.o
LOAD build/stm32f4xx_dbgmcu.o
LOAD build/stm32f4xx_dcmi.o
LOAD build/stm32f4xx_dma.o
LOAD build/stm32f4xx_dma2d.o
LOAD build/stm32f4xx_dsi.o
LOAD build/stm32f4xx_exti.o
LOAD build/stm32f4xx_flash.o
LOAD build/stm32f4xx_flash_ramfunc.o
LOAD build/stm32f4xx_fmc.o
LOAD build/stm32f4xx_fmpi2c.o
LOAD build/stm32f4xx_gpio.o
LOAD build/stm32f4xx_hash.o
LOAD build/stm32f4xx_hash_md5.o
LOAD build/stm32f4xx_hash_sha1.o
LOAD build/stm32f4xx_i2c.o
LOAD build/stm32f4xx_iwdg.o
LOAD build/stm32f4xx_lptim.o
LOAD build/stm32f4xx_ltdc.o
LOAD build/stm32f4xx_pwr.o
LOAD build/stm32f4xx_qspi.o
LOAD build/stm32f4xx_rcc.o
LOAD build/stm32f4xx_rng.o
LOAD build/stm32f4xx_rtc.o
LOAD build/stm32f4xx_sai.o
LOAD build/stm32f4xx_sdio.o
LOAD build/stm32f4xx_spdifrx.o
LOAD build/stm32f4xx_spi.o
LOAD build/stm32f4xx_syscfg.o
LOAD build/stm32f4xx_tim.o
LOAD build/stm32f4xx_usart.o
LOAD build/stm32f4xx_wwdg.o
LOAD build/EXIT.o
LOAD build/RST.o
LOAD build/SPI1.o
LOAD build/Timer.o
LOAD build/bsp_can.o
LOAD build/bsp_delay.o
LOAD build/bsp_led.o
LOAD build/bsp_tim.o
LOAD build/bsp_usart.o
LOAD build/system_stm32f4xx.o
LOAD build/unitreeA1_cmd.o
LOAD build/bootmode.o
LOAD build/diag.o
LOAD build/ecataoe.o
LOAD build/ecatcoe.o
LOAD build/ecateoe.o
LOAD build/ecatfoe.o
LOAD build/ecatslv.o
LOAD build/ecatsoe.o
LOAD build/emcy.o
LOAD build/eoeappl.o
LOAD build/fc1100hw.o
LOAD build/mailbox.o
LOAD build/objdef.o
LOAD build/sdoserv.o
LOAD build/aoeappl.o
LOAD build/coeappl.o
LOAD build/ecatappl.o
LOAD build/el9800appl.o
LOAD build/el9800hw.o
LOAD build/foeappl.o
LOAD build/startup_stm32f427_437xx.o
LOAD /usr/share/gcc-arm-none-eabi-10.3-2021.10/bin/../lib/gcc/arm-none-eabi/10.3.1/../../../../arm-none-eabi/lib/thumb/v7e-m+fp/hard/libc_nano.a
LOAD /usr/share/gcc-arm-none-eabi-10.3-2021.10/bin/../lib/gcc/arm-none-eabi/10.3.1/../../../../arm-none-eabi/lib/thumb/v7e-m+fp/hard/libm.a
LOAD /usr/share/gcc-arm-none-eabi-10.3-2021.10/bin/../lib/gcc/arm-none-eabi/10.3.1/../../../../arm-none-eabi/lib/thumb/v7e-m+fp/hard/libnosys.a
START GROUP
LOAD /usr/share/gcc-arm-none-eabi-10.3-2021.10/bin/../lib/gcc/arm-none-eabi/10.3.1/thumb/v7e-m+fp/hard/libgcc.a
LOAD /usr/share/gcc-arm-none-eabi-10.3-2021.10/bin/../lib/gcc/arm-none-eabi/10.3.1/../../../../arm-none-eabi/lib/thumb/v7e-m+fp/hard/libc_nano.a
END GROUP
START GROUP
LOAD /usr/share/gcc-arm-none-eabi-10.3-2021.10/bin/../lib/gcc/arm-none-eabi/10.3.1/thumb/v7e-m+fp/hard/libgcc.a
LOAD /usr/share/gcc-arm-none-eabi-10.3-2021.10/bin/../lib/gcc/arm-none-eabi/10.3.1/../../../../arm-none-eabi/lib/thumb/v7e-m+fp/hard/libc_nano.a
END GROUP
LOAD /usr/share/gcc-arm-none-eabi-10.3-2021.10/bin/../lib/gcc/arm-none-eabi/10.3.1/thumb/v7e-m+fp/hard/crtend.o
LOAD /usr/share/gcc-arm-none-eabi-10.3-2021.10/bin/../lib/gcc/arm-none-eabi/10.3.1/thumb/v7e-m+fp/hard/crtn.o
                0x0000000020030000                _estack = (ORIGIN (RAM) + LENGTH (RAM))
                0x0000000000000200                _Min_Heap_Size = 0x200
                0x0000000000000400                _Min_Stack_Size = 0x400

.isr_vector     0x0000000008000000      0x1ac
                0x0000000008000000                . = ALIGN (0x4)
 *(.isr_vector)
 .isr_vector    0x0000000008000000      0x1ac build/startup_stm32f427_437xx.o
                0x0000000008000000                g_pfnVectors
                0x00000000080001ac                . = ALIGN (0x4)

.text           0x00000000080001b0     0x78a8
                0x00000000080001b0                . = ALIGN (0x4)
 *(.text)
 .text          0x00000000080001b0       0x40 /usr/share/gcc-arm-none-eabi-10.3-2021.10/bin/../lib/gcc/arm-none-eabi/10.3.1/thumb/v7e-m+fp/hard/crtbegin.o
 .text          0x00000000080001f0       0x10 /usr/share/gcc-arm-none-eabi-10.3-2021.10/bin/../lib/gcc/arm-none-eabi/10.3.1/../../../../arm-none-eabi/lib/thumb/v7e-m+fp/hard/libc_nano.a(lib_a-strlen.o)
                0x00000000080001f0                strlen
 .text          0x0000000008000200      0x254 /usr/share/gcc-arm-none-eabi-10.3-2021.10/bin/../lib/gcc/arm-none-eabi/10.3.1/thumb/v7e-m+fp/hard/libgcc.a(_arm_muldf3.o)
                0x0000000008000200                __aeabi_dmul
                0x0000000008000200                __muldf3
 .text          0x0000000008000454      0x378 /usr/share/gcc-arm-none-eabi-10.3-2021.10/bin/../lib/gcc/arm-none-eabi/10.3.1/thumb/v7e-m+fp/hard/libgcc.a(_arm_addsubdf3.o)
                0x0000000008000454                __aeabi_drsub
                0x000000000800045c                __aeabi_dsub
                0x000000000800045c                __subdf3
                0x0000000008000460                __adddf3
                0x0000000008000460                __aeabi_dadd
                0x00000000080006d8                __aeabi_ui2d
                0x00000000080006d8                __floatunsidf
                0x00000000080006f8                __floatsidf
                0x00000000080006f8                __aeabi_i2d
                0x000000000800071c                __extendsfdf2
                0x000000000800071c                __aeabi_f2d
                0x0000000008000760                __aeabi_ul2d
                0x0000000008000760                __floatundidf
                0x0000000008000770                __floatdidf
                0x0000000008000770                __aeabi_l2d
 .text          0x00000000080007cc       0xa0 /usr/share/gcc-arm-none-eabi-10.3-2021.10/bin/../lib/gcc/arm-none-eabi/10.3.1/thumb/v7e-m+fp/hard/libgcc.a(_arm_truncdfsf2.o)
                0x00000000080007cc                __aeabi_d2f
                0x00000000080007cc                __truncdfsf2
 *(.text*)
 .text.NMI_Handler
                0x000000000800086c        0x2 build/stm32f4xx_it.o
                0x000000000800086c                NMI_Handler
 .text.HardFault_Handler
                0x000000000800086e        0x2 build/stm32f4xx_it.o
                0x000000000800086e                HardFault_Handler
 .text.MemManage_Handler
                0x0000000008000870        0x2 build/stm32f4xx_it.o
                0x0000000008000870                MemManage_Handler
 .text.BusFault_Handler
                0x0000000008000872        0x2 build/stm32f4xx_it.o
                0x0000000008000872                BusFault_Handler
 .text.UsageFault_Handler
                0x0000000008000874        0x2 build/stm32f4xx_it.o
                0x0000000008000874                UsageFault_Handler
 .text.SVC_Handler
                0x0000000008000876        0x2 build/stm32f4xx_it.o
                0x0000000008000876                SVC_Handler
 .text.DebugMon_Handler
                0x0000000008000878        0x2 build/stm32f4xx_it.o
                0x0000000008000878                DebugMon_Handler
 .text.PendSV_Handler
                0x000000000800087a        0x2 build/stm32f4xx_it.o
                0x000000000800087a                PendSV_Handler
 .text.SysTick_Handler
                0x000000000800087c        0x2 build/stm32f4xx_it.o
                0x000000000800087c                SysTick_Handler
 *fill*         0x000000000800087e        0x2 
 .text.NVIC_PriorityGroupConfig
                0x0000000008000880       0x14 build/misc.o
                0x0000000008000880                NVIC_PriorityGroupConfig
 .text.NVIC_Init
                0x0000000008000894       0x64 build/misc.o
                0x0000000008000894                NVIC_Init
 .text.CAN_DeInit
                0x00000000080008f8       0x38 build/stm32f4xx_can.o
                0x00000000080008f8                CAN_DeInit
 .text.CAN_Init
                0x0000000008000930      0x10e build/stm32f4xx_can.o
                0x0000000008000930                CAN_Init
 *fill*         0x0000000008000a3e        0x2 
 .text.CAN_FilterInit
                0x0000000008000a40      0x10c build/stm32f4xx_can.o
                0x0000000008000a40                CAN_FilterInit
 .text.CAN_StructInit
                0x0000000008000b4c       0x20 build/stm32f4xx_can.o
                0x0000000008000b4c                CAN_StructInit
 .text.CAN_Transmit
                0x0000000008000b6c       0xd6 build/stm32f4xx_can.o
                0x0000000008000b6c                CAN_Transmit
 .text.CAN_Receive
                0x0000000008000c42       0xac build/stm32f4xx_can.o
                0x0000000008000c42                CAN_Receive
 .text.CAN_ITConfig
                0x0000000008000cee       0x14 build/stm32f4xx_can.o
                0x0000000008000cee                CAN_ITConfig
 *fill*         0x0000000008000d02        0x2 
 .text.DMA_DeInit
                0x0000000008000d04      0x158 build/stm32f4xx_dma.o
                0x0000000008000d04                DMA_DeInit
 .text.DMA_Init
                0x0000000008000e5c       0x58 build/stm32f4xx_dma.o
                0x0000000008000e5c                DMA_Init
 .text.DMA_Cmd  0x0000000008000eb4       0x16 build/stm32f4xx_dma.o
                0x0000000008000eb4                DMA_Cmd
 .text.DMA_GetCmdStatus
                0x0000000008000eca       0x10 build/stm32f4xx_dma.o
                0x0000000008000eca                DMA_GetCmdStatus
 *fill*         0x0000000008000eda        0x2 
 .text.EXTI_Init
                0x0000000008000edc       0x90 build/stm32f4xx_exti.o
                0x0000000008000edc                EXTI_Init
 .text.EXTI_ClearITPendingBit
                0x0000000008000f6c        0xc build/stm32f4xx_exti.o
                0x0000000008000f6c                EXTI_ClearITPendingBit
 .text.GPIO_Init
                0x0000000008000f78       0xa6 build/stm32f4xx_gpio.o
                0x0000000008000f78                GPIO_Init
 .text.GPIO_SetBits
                0x000000000800101e        0x4 build/stm32f4xx_gpio.o
                0x000000000800101e                GPIO_SetBits
 .text.GPIO_ResetBits
                0x0000000008001022        0x4 build/stm32f4xx_gpio.o
                0x0000000008001022                GPIO_ResetBits
 .text.GPIO_PinAFConfig
                0x0000000008001026       0x34 build/stm32f4xx_gpio.o
                0x0000000008001026                GPIO_PinAFConfig
 *fill*         0x000000000800105a        0x2 
 .text.RCC_GetClocksFreq
                0x000000000800105c       0xb8 build/stm32f4xx_rcc.o
                0x000000000800105c                RCC_GetClocksFreq
 .text.RCC_AHB1PeriphClockCmd
                0x0000000008001114       0x1c build/stm32f4xx_rcc.o
                0x0000000008001114                RCC_AHB1PeriphClockCmd
 .text.RCC_APB1PeriphClockCmd
                0x0000000008001130       0x1c build/stm32f4xx_rcc.o
                0x0000000008001130                RCC_APB1PeriphClockCmd
 .text.RCC_APB2PeriphClockCmd
                0x000000000800114c       0x1c build/stm32f4xx_rcc.o
                0x000000000800114c                RCC_APB2PeriphClockCmd
 .text.RCC_APB1PeriphResetCmd
                0x0000000008001168       0x1c build/stm32f4xx_rcc.o
                0x0000000008001168                RCC_APB1PeriphResetCmd
 .text.RCC_APB2PeriphResetCmd
                0x0000000008001184       0x1c build/stm32f4xx_rcc.o
                0x0000000008001184                RCC_APB2PeriphResetCmd
 .text.SPI_I2S_DeInit
                0x00000000080011a0       0xc4 build/stm32f4xx_spi.o
                0x00000000080011a0                SPI_I2S_DeInit
 .text.SPI_Init
                0x0000000008001264       0x4e build/stm32f4xx_spi.o
                0x0000000008001264                SPI_Init
 .text.SPI_Cmd  0x00000000080012b2       0x1c build/stm32f4xx_spi.o
                0x00000000080012b2                SPI_Cmd
 .text.SPI_I2S_ReceiveData
                0x00000000080012ce        0x6 build/stm32f4xx_spi.o
                0x00000000080012ce                SPI_I2S_ReceiveData
 .text.SPI_I2S_SendData
                0x00000000080012d4        0x4 build/stm32f4xx_spi.o
                0x00000000080012d4                SPI_I2S_SendData
 .text.SPI_I2S_GetFlagStatus
                0x00000000080012d8        0xe build/stm32f4xx_spi.o
                0x00000000080012d8                SPI_I2S_GetFlagStatus
 *fill*         0x00000000080012e6        0x2 
 .text.SYSCFG_EXTILineConfig
                0x00000000080012e8       0x38 build/stm32f4xx_syscfg.o
                0x00000000080012e8                SYSCFG_EXTILineConfig
 .text.TIM_DeInit
                0x0000000008001320      0x198 build/stm32f4xx_tim.o
                0x0000000008001320                TIM_DeInit
 .text.TIM_TimeBaseInit
                0x00000000080014b8       0x7c build/stm32f4xx_tim.o
                0x00000000080014b8                TIM_TimeBaseInit
 .text.TIM_Cmd  0x0000000008001534       0x1c build/stm32f4xx_tim.o
                0x0000000008001534                TIM_Cmd
 .text.TIM_ITConfig
                0x0000000008001550       0x18 build/stm32f4xx_tim.o
                0x0000000008001550                TIM_ITConfig
 .text.TIM_ClearFlag
                0x0000000008001568        0x8 build/stm32f4xx_tim.o
                0x0000000008001568                TIM_ClearFlag
 .text.TIM_GetITStatus
                0x0000000008001570       0x18 build/stm32f4xx_tim.o
                0x0000000008001570                TIM_GetITStatus
 .text.TIM_ClearITPendingBit
                0x0000000008001588        0x8 build/stm32f4xx_tim.o
                0x0000000008001588                TIM_ClearITPendingBit
 .text.USART_Init
                0x0000000008001590       0xcc build/stm32f4xx_usart.o
                0x0000000008001590                USART_Init
 .text.USART_Cmd
                0x000000000800165c       0x1c build/stm32f4xx_usart.o
                0x000000000800165c                USART_Cmd
 .text.USART_OverSampling8Cmd
                0x0000000008001678       0x1c build/stm32f4xx_usart.o
                0x0000000008001678                USART_OverSampling8Cmd
 .text.USART_SendData
                0x0000000008001694        0x8 build/stm32f4xx_usart.o
                0x0000000008001694                USART_SendData
 .text.USART_DMACmd
                0x000000000800169c       0x18 build/stm32f4xx_usart.o
                0x000000000800169c                USART_DMACmd
 .text.USART_ITConfig
                0x00000000080016b4       0x36 build/stm32f4xx_usart.o
                0x00000000080016b4                USART_ITConfig
 .text.USART_GetFlagStatus
                0x00000000080016ea        0xe build/stm32f4xx_usart.o
                0x00000000080016ea                USART_GetFlagStatus
 .text.USART_GetITStatus
                0x00000000080016f8       0x4a build/stm32f4xx_usart.o
                0x00000000080016f8                USART_GetITStatus
 *fill*         0x0000000008001742        0x2 
 .text.EXTI8_Configuration
                0x0000000008001744       0x78 build/EXIT.o
                0x0000000008001744                EXTI8_Configuration
 .text.EXTI0_Configuration
                0x00000000080017bc       0x74 build/EXIT.o
                0x00000000080017bc                EXTI0_Configuration
 .text.EXTI1_Configuration
                0x0000000008001830       0x74 build/EXIT.o
                0x0000000008001830                EXTI1_Configuration
 .text.rst_high
                0x00000000080018a4       0x10 build/RST.o
                0x00000000080018a4                rst_high
 .text.rst_setup
                0x00000000080018b4       0x3c build/RST.o
                0x00000000080018b4                rst_setup
 .text.SPI1_Init
                0x00000000080018f0       0x58 build/SPI1.o
                0x00000000080018f0                SPI1_Init
 .text.SPI1_GPIO_Init
                0x0000000008001948       0xac build/SPI1.o
                0x0000000008001948                SPI1_GPIO_Init
 .text.WR_CMD   0x00000000080019f4       0x34 build/SPI1.o
                0x00000000080019f4                WR_CMD
 .text.TIM_Configuration
                0x0000000008001a28       0x7e build/Timer.o
                0x0000000008001a28                TIM_Configuration
 *fill*         0x0000000008001aa6        0x2 
 .text.CAN1_GPIO_Config
                0x0000000008001aa8       0x6c build/bsp_can.o
 .text.CAN2_GPIO_Config
                0x0000000008001b14       0x68 build/bsp_can.o
 .text.CAN1_Mode_Config
                0x0000000008001b7c       0x60 build/bsp_can.o
 .text.CAN2_Mode_Config
                0x0000000008001bdc       0x68 build/bsp_can.o
 .text.CAN1_NVIC_Config
                0x0000000008001c44       0x30 build/bsp_can.o
 .text.CAN2_NVIC_Config
                0x0000000008001c74       0x30 build/bsp_can.o
 .text.CAN1_Filter_Config
                0x0000000008001ca4       0x44 build/bsp_can.o
 .text.CAN2_Filter_Config
                0x0000000008001ce8       0x48 build/bsp_can.o
 .text.CAN1_Config
                0x0000000008001d30       0x14 build/bsp_can.o
                0x0000000008001d30                CAN1_Config
 .text.CAN2_Config
                0x0000000008001d44       0x14 build/bsp_can.o
                0x0000000008001d44                CAN2_Config
 .text.CAN1_RX0_IRQHandler
                0x0000000008001d58       0x18 build/bsp_can.o
                0x0000000008001d58                CAN1_RX0_IRQHandler
 .text.CAN2_RX0_IRQHandler
                0x0000000008001d70       0x18 build/bsp_can.o
                0x0000000008001d70                CAN2_RX0_IRQHandler
 .text.SysTick_Init
                0x0000000008001d88       0x3c build/bsp_delay.o
                0x0000000008001d88                SysTick_Init
 .text.led_setup
                0x0000000008001dc4       0x78 build/bsp_led.o
                0x0000000008001dc4                led_setup
 .text.TIMx_NVIC_Configuration
                0x0000000008001e3c       0x2e build/bsp_tim.o
 *fill*         0x0000000008001e6a        0x2 
 .text.TIM_Mode_Config
                0x0000000008001e6c       0x48 build/bsp_tim.o
 .text.TIMx_Configuration
                0x0000000008001eb4        0xc build/bsp_tim.o
                0x0000000008001eb4                TIMx_Configuration
 .text.TIM6_DAC_IRQHandler
                0x0000000008001ec0       0x48 build/bsp_tim.o
                0x0000000008001ec0                TIM6_DAC_IRQHandler
 .text.sbus_to_rc
                0x0000000008001f08       0x3e build/bsp_usart.o
 *fill*         0x0000000008001f46        0x2 
 .text.unitreeA1_rx
                0x0000000008001f48      0x178 build/bsp_usart.o
                0x0000000008001f48                unitreeA1_rx
 .text.USART1_IRQHandler
                0x00000000080020c0       0xe4 build/bsp_usart.o
                0x00000000080020c0                USART1_IRQHandler
 .text.USART2_IRQHandler
                0x00000000080021a4       0xf8 build/bsp_usart.o
                0x00000000080021a4                USART2_IRQHandler
 .text.USART3_IRQHandler
                0x000000000800229c       0xe4 build/bsp_usart.o
                0x000000000800229c                USART3_IRQHandler
 .text.USART6_IRQHandler
                0x0000000008002380       0xe8 build/bsp_usart.o
                0x0000000008002380                USART6_IRQHandler
 .text.RC1_init
                0x0000000008002468      0x154 build/bsp_usart.o
                0x0000000008002468                RC1_init
 .text.RC2_init
                0x00000000080025bc      0x170 build/bsp_usart.o
                0x00000000080025bc                RC2_init
 .text.RC3_init
                0x000000000800272c      0x158 build/bsp_usart.o
                0x000000000800272c                RC3_init
 .text.RC6_init
                0x0000000008002884      0x158 build/bsp_usart.o
                0x0000000008002884                RC6_init
 .text.remote_control_init
                0x00000000080029dc       0x3c build/bsp_usart.o
                0x00000000080029dc                remote_control_init
 .text.SendData
                0x0000000008002a18       0x36 build/bsp_usart.o
                0x0000000008002a18                SendData
 *fill*         0x0000000008002a4e        0x2 
 .text.SetSysClock
                0x0000000008002a50       0xec build/system_stm32f4xx.o
 .text.SystemInit
                0x0000000008002b3c       0x50 build/system_stm32f4xx.o
                0x0000000008002b3c                SystemInit
 *fill*         0x0000000008002b8c        0x4 
 .text.modfiy_cmd
                0x0000000008002b90       0x68 build/unitreeA1_cmd.o
                0x0000000008002b90                modfiy_cmd
 .text.crc32_core
                0x0000000008002bf8       0x58 build/unitreeA1_cmd.o
                0x0000000008002bf8                crc32_core
 .text.unitreeA1_tx
                0x0000000008002c50      0x124 build/unitreeA1_cmd.o
                0x0000000008002c50                unitreeA1_tx
 .text.COE_Init
                0x0000000008002d74       0x14 build/ecatcoe.o
                0x0000000008002d74                COE_Init
 .text.COE_ServiceInd
                0x0000000008002d88       0x2c build/ecatcoe.o
                0x0000000008002d88                COE_ServiceInd
 .text.COE_ContinueInd
                0x0000000008002db4       0x50 build/ecatcoe.o
                0x0000000008002db4                COE_ContinueInd
 .text.ResetALEventMask
                0x0000000008002e04       0x40 build/ecatslv.o
                0x0000000008002e04                ResetALEventMask
 .text.SetALEventMask
                0x0000000008002e44       0x40 build/ecatslv.o
                0x0000000008002e44                SetALEventMask
 .text.UpdateEEPROMLoadedState
                0x0000000008002e84       0x40 build/ecatslv.o
                0x0000000008002e84                UpdateEEPROMLoadedState
 .text.GetSyncMan
                0x0000000008002ec4       0x1c build/ecatslv.o
                0x0000000008002ec4                GetSyncMan
 .text.DisableSyncManChannel
                0x0000000008002ee0       0x38 build/ecatslv.o
                0x0000000008002ee0                DisableSyncManChannel
 .text.EnableSyncManChannel
                0x0000000008002f18       0x36 build/ecatslv.o
                0x0000000008002f18                EnableSyncManChannel
 *fill*         0x0000000008002f4e        0x2 
 .text.CheckSmSettings
                0x0000000008002f50      0x2c0 build/ecatslv.o
                0x0000000008002f50                CheckSmSettings
 .text.StartInputHandler
                0x0000000008003210      0x598 build/ecatslv.o
                0x0000000008003210                StartInputHandler
 .text.StartOutputHandler
                0x00000000080037a8       0x3c build/ecatslv.o
                0x00000000080037a8                StartOutputHandler
 .text.StopOutputHandler
                0x00000000080037e4       0x14 build/ecatslv.o
                0x00000000080037e4                StopOutputHandler
 .text.StopInputHandler
                0x00000000080037f8       0xc8 build/ecatslv.o
                0x00000000080037f8                StopInputHandler
 .text.BackToInitTransition
                0x00000000080038c0        0xc build/ecatslv.o
                0x00000000080038c0                BackToInitTransition
 .text.SetALStatus
                0x00000000080038cc       0x4c build/ecatslv.o
                0x00000000080038cc                SetALStatus
 .text.AL_ControlInd
                0x0000000008003918      0x540 build/ecatslv.o
                0x0000000008003918                AL_ControlInd
 .text.AL_ControlRes
                0x0000000008003e58      0x224 build/ecatslv.o
                0x0000000008003e58                AL_ControlRes
 .text.DC_CheckWatchdog
                0x000000000800407c       0xe0 build/ecatslv.o
                0x000000000800407c                DC_CheckWatchdog
 .text.CheckIfEcatError
                0x000000000800415c       0x98 build/ecatslv.o
                0x000000000800415c                CheckIfEcatError
 .text.ECAT_Init
                0x00000000080041f4      0x114 build/ecatslv.o
                0x00000000080041f4                ECAT_Init
 .text.ECAT_Main
                0x0000000008004308      0x150 build/ecatslv.o
                0x0000000008004308                ECAT_Main
 .text.PutInMbxQueue
                0x0000000008004458       0x2a build/mailbox.o
                0x0000000008004458                PutInMbxQueue
 .text.GetOutOfMbxQueue
                0x0000000008004482       0x28 build/mailbox.o
                0x0000000008004482                GetOutOfMbxQueue
 *fill*         0x00000000080044aa        0x2 
 .text.MBX_Init
                0x00000000080044ac       0xd4 build/mailbox.o
                0x00000000080044ac                MBX_Init
 .text.MBX_StartMailboxHandler
                0x0000000008004580       0x98 build/mailbox.o
                0x0000000008004580                MBX_StartMailboxHandler
 .text.MBX_StopMailboxHandler
                0x0000000008004618       0xf4 build/mailbox.o
                0x0000000008004618                MBX_StopMailboxHandler
 .text.MailboxServiceInd
                0x000000000800470c       0x16 build/mailbox.o
                0x000000000800470c                MailboxServiceInd
 *fill*         0x0000000008004722        0x2 
 .text.MBX_CopyToSendMailbox
                0x0000000008004724       0xe8 build/mailbox.o
                0x0000000008004724                MBX_CopyToSendMailbox
 .text.MBX_MailboxReadInd
                0x000000000800480c       0x94 build/mailbox.o
                0x000000000800480c                MBX_MailboxReadInd
 .text.MBX_MailboxRepeatReq
                0x00000000080048a0       0x60 build/mailbox.o
                0x00000000080048a0                MBX_MailboxRepeatReq
 .text.MBX_MailboxSendReq
                0x0000000008004900       0x88 build/mailbox.o
                0x0000000008004900                MBX_MailboxSendReq
 .text.MBX_MailboxWriteInd
                0x0000000008004988       0x70 build/mailbox.o
                0x0000000008004988                MBX_MailboxWriteInd
 .text.MBX_CheckAndCopyMailbox
                0x00000000080049f8      0x108 build/mailbox.o
                0x00000000080049f8                MBX_CheckAndCopyMailbox
 .text.MBX_Main
                0x0000000008004b00       0x4c build/mailbox.o
                0x0000000008004b00                MBX_Main
 .text.OBJ_GetObjectHandle
                0x0000000008004b4c       0x16 build/objdef.o
                0x0000000008004b4c                OBJ_GetObjectHandle
 .text.OBJ_GetObjectLength
                0x0000000008004b62       0x8e build/objdef.o
                0x0000000008004b62                OBJ_GetObjectLength
 .text.OBJ_CopyNumberToString
                0x0000000008004bf0       0x48 build/objdef.o
                0x0000000008004bf0                OBJ_CopyNumberToString
 .text.OBJ_GetDesc
                0x0000000008004c38       0xd0 build/objdef.o
                0x0000000008004c38                OBJ_GetDesc
 .text.OBJ_GetEntryDesc
                0x0000000008004d08       0x22 build/objdef.o
                0x0000000008004d08                OBJ_GetEntryDesc
 .text.OBJ_GetNoOfObjects
                0x0000000008004d2a       0x6a build/objdef.o
                0x0000000008004d2a                OBJ_GetNoOfObjects
 .text.OBJ_GetObjectList
                0x0000000008004d94       0xbc build/objdef.o
                0x0000000008004d94                OBJ_GetObjectList
 .text.OBJ_GetObjDesc
                0x0000000008004e50        0x4 build/objdef.o
                0x0000000008004e50                OBJ_GetObjDesc
 .text.OBJ_GetEntryOffset
                0x0000000008004e54      0x180 build/objdef.o
                0x0000000008004e54                OBJ_GetEntryOffset
 .text.CheckSyncTypeValue
                0x0000000008004fd4      0x12c build/objdef.o
                0x0000000008004fd4                CheckSyncTypeValue
 .text.OBJ_Read
                0x0000000008005100      0x464 build/objdef.o
                0x0000000008005100                OBJ_Read
 .text.OBJ_Write
                0x0000000008005564      0x548 build/objdef.o
                0x0000000008005564                OBJ_Write
 .text.SdoUploadSegmentInd
                0x0000000008005aac      0x13c build/sdoserv.o
 .text.SdoDownloadSegmentInd
                0x0000000008005be8      0x260 build/sdoserv.o
 .text.SdoRes   0x0000000008005e48       0xd8 build/sdoserv.o
                0x0000000008005e48                SdoRes
 .text.SDOS_SdoInd
                0x0000000008005f20      0x458 build/sdoserv.o
                0x0000000008005f20                SDOS_SdoInd
 .text.SDOS_SdoRes
                0x0000000008006378       0xd4 build/sdoserv.o
                0x0000000008006378                SDOS_SdoRes
 .text.SDOS_SdoInfoInd
                0x000000000800644c      0x2d8 build/sdoserv.o
                0x000000000800644c                SDOS_SdoInfoInd
 .text.COE_GetObjectDictionary
                0x0000000008006724        0xc build/coeappl.o
                0x0000000008006724                COE_GetObjectDictionary
 .text.COE_AddObjectToDic
                0x0000000008006730       0x74 build/coeappl.o
                0x0000000008006730                COE_AddObjectToDic
 .text.COE_RemoveDicEntry
                0x00000000080067a4       0x3c build/coeappl.o
                0x00000000080067a4                COE_RemoveDicEntry
 .text.COE_ClearObjDictionary
                0x00000000080067e0       0x20 build/coeappl.o
                0x00000000080067e0                COE_ClearObjDictionary
 .text.AddObjectsToObjDictionary
                0x0000000008006800       0x24 build/coeappl.o
                0x0000000008006800                AddObjectsToObjDictionary
 .text.COE_ObjDictionaryInit
                0x0000000008006824       0x28 build/coeappl.o
                0x0000000008006824                COE_ObjDictionaryInit
 .text.COE_ObjInit
                0x000000000800684c       0xa8 build/coeappl.o
                0x000000000800684c                COE_ObjInit
 .text.COE_Main
                0x00000000080068f4       0xb0 build/coeappl.o
                0x00000000080068f4                COE_Main
 .text.PDO_InputMapping
                0x00000000080069a4       0x28 build/ecatappl.o
                0x00000000080069a4                PDO_InputMapping
 .text.PDO_OutputMapping
                0x00000000080069cc       0x28 build/ecatappl.o
                0x00000000080069cc                PDO_OutputMapping
 .text.ECAT_CheckTimer
                0x00000000080069f4       0x3c build/ecatappl.o
                0x00000000080069f4                ECAT_CheckTimer
 .text.HandleBusCycleCalculation
                0x0000000008006a30       0x9c build/ecatappl.o
                0x0000000008006a30                HandleBusCycleCalculation
 .text.Sync1_Isr
                0x0000000008006acc       0x40 build/ecatappl.o
                0x0000000008006acc                Sync1_Isr
 .text.MainInit
                0x0000000008006b0c       0x4c build/ecatappl.o
                0x0000000008006b0c                MainInit
 .text.ECAT_Application
                0x0000000008006b58        0x8 build/ecatappl.o
                0x0000000008006b58                ECAT_Application
 .text.PDI_Isr  0x0000000008006b60      0x118 build/ecatappl.o
                0x0000000008006b60                PDI_Isr
 .text.Sync0_Isr
                0x0000000008006c78      0x108 build/ecatappl.o
                0x0000000008006c78                Sync0_Isr
 .text.MainLoop
                0x0000000008006d80       0xa0 build/ecatappl.o
                0x0000000008006d80                MainLoop
 .text.APPL_AckErrorInd
                0x0000000008006e20        0x2 build/el9800appl.o
                0x0000000008006e20                APPL_AckErrorInd
 .text.APPL_StartMailboxHandler
                0x0000000008006e22        0x4 build/el9800appl.o
                0x0000000008006e22                APPL_StartMailboxHandler
 .text.APPL_StopMailboxHandler
                0x0000000008006e26        0x4 build/el9800appl.o
                0x0000000008006e26                APPL_StopMailboxHandler
 .text.APPL_StartInputHandler
                0x0000000008006e2a        0x4 build/el9800appl.o
                0x0000000008006e2a                APPL_StartInputHandler
 .text.APPL_StopInputHandler
                0x0000000008006e2e        0x4 build/el9800appl.o
                0x0000000008006e2e                APPL_StopInputHandler
 .text.APPL_StartOutputHandler
                0x0000000008006e32        0x4 build/el9800appl.o
                0x0000000008006e32                APPL_StartOutputHandler
 *fill*         0x0000000008006e36        0x2 
 .text.APPL_StopOutputHandler
                0x0000000008006e38       0x8c build/el9800appl.o
                0x0000000008006e38                APPL_StopOutputHandler
 .text.APPL_GenerateMapping
                0x0000000008006ec4       0xec build/el9800appl.o
                0x0000000008006ec4                APPL_GenerateMapping
 .text.APPL_InputMapping
                0x0000000008006fb0      0x104 build/el9800appl.o
                0x0000000008006fb0                APPL_InputMapping
 .text.APPL_OutputMapping
                0x00000000080070b4       0xf4 build/el9800appl.o
                0x00000000080070b4                APPL_OutputMapping
 .text.APPL_Application
                0x00000000080071a8      0x218 build/el9800appl.o
                0x00000000080071a8                APPL_Application
 .text.ReadObject0x1802
                0x00000000080073c0       0x68 build/el9800appl.o
                0x00000000080073c0                ReadObject0x1802
 .text.main     0x0000000008007428       0x34 build/el9800appl.o
                0x0000000008007428                main
 .text.AddressingEsc
                0x000000000800745c       0x34 build/el9800hw.o
 .text.ISR_AddressingEsc
                0x0000000008007490       0x34 build/el9800hw.o
 .text.GPIO_Config
                0x00000000080074c4       0x74 build/el9800hw.o
                0x00000000080074c4                GPIO_Config
 .text.HW_Release
                0x0000000008007538        0x2 build/el9800hw.o
                0x0000000008007538                HW_Release
 *fill*         0x000000000800753a        0x2 
 .text.HW_EscRead
                0x000000000800753c       0x3c build/el9800hw.o
                0x000000000800753c                HW_EscRead
 .text.HW_EscReadIsr
                0x0000000008007578       0x3c build/el9800hw.o
                0x0000000008007578                HW_EscReadIsr
 .text.GetInterruptRegister
                0x00000000080075b4       0x34 build/el9800hw.o
 .text.HW_GetALEventRegister
                0x00000000080075e8       0x10 build/el9800hw.o
                0x00000000080075e8                HW_GetALEventRegister
 .text.ISR_GetInterruptRegister
                0x00000000080075f8       0x38 build/el9800hw.o
 .text.HW_GetALEventRegister_Isr
                0x0000000008007630       0x10 build/el9800hw.o
                0x0000000008007630                HW_GetALEventRegister_Isr
 .text.HW_EscWrite
                0x0000000008007640       0x44 build/el9800hw.o
                0x0000000008007640                HW_EscWrite
 .text.HW_Init  0x0000000008007684       0x84 build/el9800hw.o
                0x0000000008007684                HW_Init
 .text.HW_EscWriteIsr
                0x0000000008007708       0x3c build/el9800hw.o
                0x0000000008007708                HW_EscWriteIsr
 .text.EXTI9_5_IRQHandler
                0x0000000008007744       0x10 build/el9800hw.o
                0x0000000008007744                EXTI9_5_IRQHandler
 .text.EXTI0_IRQHandler
                0x0000000008007754        0xe build/el9800hw.o
                0x0000000008007754                EXTI0_IRQHandler
 .text.EXTI1_IRQHandler
                0x0000000008007762        0xe build/el9800hw.o
                0x0000000008007762                EXTI1_IRQHandler
 .text.TIM2_IRQHandler
                0x0000000008007770       0x24 build/el9800hw.o
                0x0000000008007770                TIM2_IRQHandler
 .text.Reset_Handler
                0x0000000008007794       0x44 build/startup_stm32f427_437xx.o
                0x0000000008007794                Reset_Handler
 .text.Default_Handler
                0x00000000080077d8        0x2 build/startup_stm32f427_437xx.o
                0x00000000080077d8                RTC_Alarm_IRQHandler
                0x00000000080077d8                HASH_RNG_IRQHandler
                0x00000000080077d8                EXTI2_IRQHandler
                0x00000000080077d8                TIM8_CC_IRQHandler
                0x00000000080077d8                UART8_IRQHandler
                0x00000000080077d8                SPI4_IRQHandler
                0x00000000080077d8                TIM1_CC_IRQHandler
                0x00000000080077d8                DMA2_Stream5_IRQHandler
                0x00000000080077d8                DMA1_Stream5_IRQHandler
                0x00000000080077d8                PVD_IRQHandler
                0x00000000080077d8                SDIO_IRQHandler
                0x00000000080077d8                TAMP_STAMP_IRQHandler
                0x00000000080077d8                CAN2_RX1_IRQHandler
                0x00000000080077d8                EXTI3_IRQHandler
                0x00000000080077d8                TIM8_TRG_COM_TIM14_IRQHandler
                0x00000000080077d8                TIM1_UP_TIM10_IRQHandler
                0x00000000080077d8                TIM8_UP_TIM13_IRQHandler
                0x00000000080077d8                I2C3_ER_IRQHandler
                0x00000000080077d8                I2C2_EV_IRQHandler
                0x00000000080077d8                DMA1_Stream2_IRQHandler
                0x00000000080077d8                FPU_IRQHandler
                0x00000000080077d8                OTG_HS_WKUP_IRQHandler
                0x00000000080077d8                LTDC_ER_IRQHandler
                0x00000000080077d8                CAN2_SCE_IRQHandler
                0x00000000080077d8                DMA2_Stream2_IRQHandler
                0x00000000080077d8                SPI1_IRQHandler
                0x00000000080077d8                TIM1_BRK_TIM9_IRQHandler
                0x00000000080077d8                DCMI_IRQHandler
                0x00000000080077d8                DMA2_Stream3_IRQHandler
                0x00000000080077d8                CRYP_IRQHandler
                0x00000000080077d8                CAN1_RX1_IRQHandler
                0x00000000080077d8                UART5_IRQHandler
                0x00000000080077d8                DMA2_Stream0_IRQHandler
                0x00000000080077d8                TIM4_IRQHandler
                0x00000000080077d8                I2C1_EV_IRQHandler
                0x00000000080077d8                DMA1_Stream6_IRQHandler
                0x00000000080077d8                DMA1_Stream1_IRQHandler
                0x00000000080077d8                UART4_IRQHandler
                0x00000000080077d8                TIM3_IRQHandler
                0x00000000080077d8                RCC_IRQHandler
                0x00000000080077d8                TIM8_BRK_TIM12_IRQHandler
                0x00000000080077d8                Default_Handler
                0x00000000080077d8                EXTI15_10_IRQHandler
                0x00000000080077d8                ADC_IRQHandler
                0x00000000080077d8                DMA1_Stream7_IRQHandler
                0x00000000080077d8                SPI5_IRQHandler
                0x00000000080077d8                TIM7_IRQHandler
                0x00000000080077d8                CAN2_TX_IRQHandler
                0x00000000080077d8                TIM5_IRQHandler
                0x00000000080077d8                DMA2_Stream7_IRQHandler
                0x00000000080077d8                I2C3_EV_IRQHandler
                0x00000000080077d8                RTC_WKUP_IRQHandler
                0x00000000080077d8                LTDC_IRQHandler
                0x00000000080077d8                ETH_WKUP_IRQHandler
                0x00000000080077d8                SPI2_IRQHandler
                0x00000000080077d8                OTG_HS_EP1_IN_IRQHandler
                0x00000000080077d8                DMA1_Stream0_IRQHandler
                0x00000000080077d8                CAN1_TX_IRQHandler
                0x00000000080077d8                EXTI4_IRQHandler
                0x00000000080077d8                FSMC_IRQHandler
                0x00000000080077d8                ETH_IRQHandler
                0x00000000080077d8                OTG_HS_EP1_OUT_IRQHandler
                0x00000000080077d8                WWDG_IRQHandler
                0x00000000080077d8                SPI6_IRQHandler
                0x00000000080077d8                OTG_FS_WKUP_IRQHandler
                0x00000000080077d8                TIM1_TRG_COM_TIM11_IRQHandler
                0x00000000080077d8                OTG_HS_IRQHandler
                0x00000000080077d8                DMA2D_IRQHandler
                0x00000000080077d8                UART7_IRQHandler
                0x00000000080077d8                I2C2_ER_IRQHandler
                0x00000000080077d8                DMA2_Stream1_IRQHandler
                0x00000000080077d8                CAN1_SCE_IRQHandler
                0x00000000080077d8                FLASH_IRQHandler
                0x00000000080077d8                DMA2_Stream4_IRQHandler
                0x00000000080077d8                OTG_FS_IRQHandler
                0x00000000080077d8                SPI3_IRQHandler
                0x00000000080077d8                DMA1_Stream4_IRQHandler
                0x00000000080077d8                I2C1_ER_IRQHandler
                0x00000000080077d8                DMA2_Stream6_IRQHandler
                0x00000000080077d8                SAI1_IRQHandler
                0x00000000080077d8                DMA1_Stream3_IRQHandler
 *fill*         0x00000000080077da        0x2 
 .text.malloc   0x00000000080077dc       0x10 /usr/share/gcc-arm-none-eabi-10.3-2021.10/bin/../lib/gcc/arm-none-eabi/10.3.1/../../../../arm-none-eabi/lib/thumb/v7e-m+fp/hard/libc_nano.a(lib_a-malloc.o)
                0x00000000080077dc                malloc
 .text.free     0x00000000080077ec       0x10 /usr/share/gcc-arm-none-eabi-10.3-2021.10/bin/../lib/gcc/arm-none-eabi/10.3.1/../../../../arm-none-eabi/lib/thumb/v7e-m+fp/hard/libc_nano.a(lib_a-malloc.o)
                0x00000000080077ec                free
 .text.memcpy   0x00000000080077fc       0x1c /usr/share/gcc-arm-none-eabi-10.3-2021.10/bin/../lib/gcc/arm-none-eabi/10.3.1/../../../../arm-none-eabi/lib/thumb/v7e-m+fp/hard/libc_nano.a(lib_a-memcpy-stub.o)
                0x00000000080077fc                memcpy
 .text.memset   0x0000000008007818       0x10 /usr/share/gcc-arm-none-eabi-10.3-2021.10/bin/../lib/gcc/arm-none-eabi/10.3.1/../../../../arm-none-eabi/lib/thumb/v7e-m+fp/hard/libc_nano.a(lib_a-memset.o)
                0x0000000008007818                memset
 .text._free_r  0x0000000008007828       0x98 /usr/share/gcc-arm-none-eabi-10.3-2021.10/bin/../lib/gcc/arm-none-eabi/10.3.1/../../../../arm-none-eabi/lib/thumb/v7e-m+fp/hard/libc_nano.a(lib_a-nano-freer.o)
                0x0000000008007828                _free_r
 .text.sbrk_aligned
                0x00000000080078c0       0x40 /usr/share/gcc-arm-none-eabi-10.3-2021.10/bin/../lib/gcc/arm-none-eabi/10.3.1/../../../../arm-none-eabi/lib/thumb/v7e-m+fp/hard/libc_nano.a(lib_a-nano-mallocr.o)
 .text._malloc_r
                0x0000000008007900       0xe8 /usr/share/gcc-arm-none-eabi-10.3-2021.10/bin/../lib/gcc/arm-none-eabi/10.3.1/../../../../arm-none-eabi/lib/thumb/v7e-m+fp/hard/libc_nano.a(lib_a-nano-mallocr.o)
                0x0000000008007900                _malloc_r
 .text._sbrk_r  0x00000000080079e8       0x20 /usr/share/gcc-arm-none-eabi-10.3-2021.10/bin/../lib/gcc/arm-none-eabi/10.3.1/../../../../arm-none-eabi/lib/thumb/v7e-m+fp/hard/libc_nano.a(lib_a-sbrkr.o)
                0x00000000080079e8                _sbrk_r
 .text.__malloc_lock
                0x0000000008007a08        0xc /usr/share/gcc-arm-none-eabi-10.3-2021.10/bin/../lib/gcc/arm-none-eabi/10.3.1/../../../../arm-none-eabi/lib/thumb/v7e-m+fp/hard/libc_nano.a(lib_a-mlock.o)
                0x0000000008007a08                __malloc_lock
 .text.__malloc_unlock
                0x0000000008007a14        0xc /usr/share/gcc-arm-none-eabi-10.3-2021.10/bin/../lib/gcc/arm-none-eabi/10.3.1/../../../../arm-none-eabi/lib/thumb/v7e-m+fp/hard/libc_nano.a(lib_a-mlock.o)
                0x0000000008007a14                __malloc_unlock
 .text.__retarget_lock_acquire_recursive
                0x0000000008007a20        0x2 /usr/share/gcc-arm-none-eabi-10.3-2021.10/bin/../lib/gcc/arm-none-eabi/10.3.1/../../../../arm-none-eabi/lib/thumb/v7e-m+fp/hard/libc_nano.a(lib_a-lock.o)
                0x0000000008007a20                __retarget_lock_acquire_recursive
 .text.__retarget_lock_release_recursive
                0x0000000008007a22        0x2 /usr/share/gcc-arm-none-eabi-10.3-2021.10/bin/../lib/gcc/arm-none-eabi/10.3.1/../../../../arm-none-eabi/lib/thumb/v7e-m+fp/hard/libc_nano.a(lib_a-lock.o)
                0x0000000008007a22                __retarget_lock_release_recursive
 .text._sbrk    0x0000000008007a24       0x1c /usr/share/gcc-arm-none-eabi-10.3-2021.10/bin/../lib/gcc/arm-none-eabi/10.3.1/../../../../arm-none-eabi/lib/thumb/v7e-m+fp/hard/libnosys.a(sbrk.o)
                0x0000000008007a24                _sbrk
 *(.glue_7)
 .glue_7        0x0000000008007a40        0x0 linker stubs
 *(.glue_7t)
 .glue_7t       0x0000000008007a40        0x0 linker stubs
 *(.eh_frame)
 .eh_frame      0x0000000008007a40        0x0 /usr/share/gcc-arm-none-eabi-10.3-2021.10/bin/../lib/gcc/arm-none-eabi/10.3.1/thumb/v7e-m+fp/hard/crtbegin.o
 *(.init)
 .init          0x0000000008007a40        0x4 /usr/share/gcc-arm-none-eabi-10.3-2021.10/bin/../lib/gcc/arm-none-eabi/10.3.1/thumb/v7e-m+fp/hard/crti.o
                0x0000000008007a40                _init
 .init          0x0000000008007a44        0x8 /usr/share/gcc-arm-none-eabi-10.3-2021.10/bin/../lib/gcc/arm-none-eabi/10.3.1/thumb/v7e-m+fp/hard/crtn.o
 *(.fini)
 .fini          0x0000000008007a4c        0x4 /usr/share/gcc-arm-none-eabi-10.3-2021.10/bin/../lib/gcc/arm-none-eabi/10.3.1/thumb/v7e-m+fp/hard/crti.o
                0x0000000008007a4c                _fini
 .fini          0x0000000008007a50        0x8 /usr/share/gcc-arm-none-eabi-10.3-2021.10/bin/../lib/gcc/arm-none-eabi/10.3.1/thumb/v7e-m+fp/hard/crtn.o
                0x0000000008007a58                . = ALIGN (0x4)
                0x0000000008007a58                _etext = .

.vfp11_veneer   0x0000000008007a58        0x0
 .vfp11_veneer  0x0000000008007a58        0x0 linker stubs

.v4_bx          0x0000000008007a58        0x0
 .v4_bx         0x0000000008007a58        0x0 linker stubs

.iplt           0x0000000008007a58        0x0
 .iplt          0x0000000008007a58        0x0 /usr/share/gcc-arm-none-eabi-10.3-2021.10/bin/../lib/gcc/arm-none-eabi/10.3.1/thumb/v7e-m+fp/hard/crtbegin.o

.rodata         0x0000000008007a58      0xe88
                0x0000000008007a58                . = ALIGN (0x4)
 *(.rodata)
 *(.rodata*)
 .rodata.cBitMask
                0x0000000008007a58       0x20 build/objdef.o
                0x0000000008007a58                cBitMask
 .rodata.cAbortCode
                0x0000000008007a78       0x78 build/sdoserv.o
                0x0000000008007a78                cAbortCode
 .rodata.aName0x1000
                0x0000000008007af0        0xc build/coeappl.o
                0x0000000008007af0                aName0x1000
 .rodata.aName0x1001
                0x0000000008007afc        0xf build/coeappl.o
                0x0000000008007afc                aName0x1001
 *fill*         0x0000000008007b0b        0x1 
 .rodata.aName0x1008
                0x0000000008007b0c        0xc build/coeappl.o
                0x0000000008007b0c                aName0x1008
 .rodata.aName0x1009
                0x0000000008007b18       0x11 build/coeappl.o
                0x0000000008007b18                aName0x1009
 *fill*         0x0000000008007b29        0x3 
 .rodata.aName0x100A
                0x0000000008007b2c       0x11 build/coeappl.o
                0x0000000008007b2c                aName0x100A
 *fill*         0x0000000008007b3d        0x3 
 .rodata.aName0x1018
                0x0000000008007b40       0x39 build/coeappl.o
                0x0000000008007b40                aName0x1018
 *fill*         0x0000000008007b79        0x3 
 .rodata.aName0x10F1
                0x0000000008007b7c       0x3f build/coeappl.o
                0x0000000008007b7c                aName0x10F1
 *fill*         0x0000000008007bbb        0x1 
 .rodata.aName0x1601
                0x0000000008007bbc        0xf build/coeappl.o
                0x0000000008007bbc                aName0x1601
 *fill*         0x0000000008007bcb        0x1 
 .rodata.aName0x1802
                0x0000000008007bcc       0x3f build/coeappl.o
                0x0000000008007bcc                aName0x1802
 *fill*         0x0000000008007c0b        0x1 
 .rodata.aName0x1A00
                0x0000000008007c0c        0xf build/coeappl.o
                0x0000000008007c0c                aName0x1A00
 *fill*         0x0000000008007c1b        0x1 
 .rodata.aName0x1A02
                0x0000000008007c1c        0xf build/coeappl.o
                0x0000000008007c1c                aName0x1A02
 *fill*         0x0000000008007c2b        0x1 
 .rodata.aName0x1C00
                0x0000000008007c2c       0x12 build/coeappl.o
                0x0000000008007c2c                aName0x1C00
 *fill*         0x0000000008007c3e        0x2 
 .rodata.aName0x1C12
                0x0000000008007c40        0xd build/coeappl.o
                0x0000000008007c40                aName0x1C12
 *fill*         0x0000000008007c4d        0x3 
 .rodata.aName0x1C13
                0x0000000008007c50        0xd build/coeappl.o
                0x0000000008007c50                aName0x1C13
 *fill*         0x0000000008007c5d        0x3 
 .rodata.aName0x1C32
                0x0000000008007c60      0x100 build/coeappl.o
                0x0000000008007c60                aName0x1C32
 .rodata.aName0x1C33
                0x0000000008007d60       0xff build/coeappl.o
                0x0000000008007d60                aName0x1C33
 *fill*         0x0000000008007e5f        0x1 
 .rodata.aName0x6000
                0x0000000008007e60       0x55 build/coeappl.o
                0x0000000008007e60                aName0x6000
 *fill*         0x0000000008007eb5        0x3 
 .rodata.aName0x6020
                0x0000000008007eb8      0x192 build/coeappl.o
                0x0000000008007eb8                aName0x6020
 *fill*         0x000000000800804a        0x2 
 .rodata.aName0x7010
                0x000000000800804c      0x116 build/coeappl.o
                0x000000000800804c                aName0x7010
 *fill*         0x0000000008008162        0x2 
 .rodata.aName0x8020
                0x0000000008008164       0x73 build/coeappl.o
                0x0000000008008164                aName0x8020
 *fill*         0x00000000080081d7        0x1 
 .rodata.aName0xF000
                0x00000000080081d8       0x49 build/coeappl.o
                0x00000000080081d8                aName0xF000
 *fill*         0x0000000008008221        0x3 
 .rodata.aName0xF010
                0x0000000008008224       0x14 build/coeappl.o
                0x0000000008008224                aName0xF010
 .rodata.asEntryDesc0x0800
                0x0000000008008238       0x12 build/coeappl.o
                0x0000000008008238                asEntryDesc0x0800
 *fill*         0x000000000800824a        0x2 
 .rodata.asEntryDesc0x1018
                0x000000000800824c       0x1e build/coeappl.o
                0x000000000800824c                asEntryDesc0x1018
 *fill*         0x000000000800826a        0x2 
 .rodata.asEntryDesc0x10F1
                0x000000000800826c       0x12 build/coeappl.o
                0x000000000800826c                asEntryDesc0x10F1
 *fill*         0x000000000800827e        0x2 
 .rodata.asEntryDesc0x1601
                0x0000000008008280       0xd8 build/coeappl.o
                0x0000000008008280                asEntryDesc0x1601
 .rodata.asEntryDesc0x1802
                0x0000000008008358       0x3c build/coeappl.o
                0x0000000008008358                asEntryDesc0x1802
 .rodata.asEntryDesc0x1A00
                0x0000000008008394       0x3c build/coeappl.o
                0x0000000008008394                asEntryDesc0x1A00
 .rodata.asEntryDesc0x1A02
                0x00000000080083d0      0x108 build/coeappl.o
                0x00000000080083d0                asEntryDesc0x1A02
 .rodata.asEntryDesc0x1C00
                0x00000000080084d8        0xc build/coeappl.o
                0x00000000080084d8                asEntryDesc0x1C00
 .rodata.asEntryDesc0x1C3x
                0x00000000080084e4       0xc6 build/coeappl.o
                0x00000000080084e4                asEntryDesc0x1C3x
 *fill*         0x00000000080085aa        0x2 
 .rodata.asEntryDesc0x6000
                0x00000000080085ac       0x3c build/coeappl.o
                0x00000000080085ac                asEntryDesc0x6000
 .rodata.asEntryDesc0x6020
                0x00000000080085e8      0x13e build/coeappl.o
                0x00000000080085e8                asEntryDesc0x6020
 *fill*         0x0000000008008726        0x2 
 .rodata.asEntryDesc0x7010
                0x0000000008008728       0xd8 build/coeappl.o
                0x0000000008008728                asEntryDesc0x7010
 .rodata.asEntryDesc0x8020
                0x0000000008008800       0x7e build/coeappl.o
                0x0000000008008800                asEntryDesc0x8020
 *fill*         0x000000000800887e        0x2 
 .rodata.asEntryDesc0xF000
                0x0000000008008880       0x12 build/coeappl.o
                0x0000000008008880                asEntryDesc0xF000
 *fill*         0x0000000008008892        0x2 
 .rodata.asEntryDesc0xF010
                0x0000000008008894       0x18 build/coeappl.o
                0x0000000008008894                asEntryDesc0xF010
 .rodata.asPDOAssignEntryDesc
                0x00000000080088ac        0xc build/coeappl.o
                0x00000000080088ac                asPDOAssignEntryDesc
 .rodata.sEntryDesc0x1000
                0x00000000080088b8        0x6 build/coeappl.o
                0x00000000080088b8                sEntryDesc0x1000
 *fill*         0x00000000080088be        0x2 
 .rodata.sEntryDesc0x1001
                0x00000000080088c0        0x6 build/coeappl.o
                0x00000000080088c0                sEntryDesc0x1001
 *fill*         0x00000000080088c6        0x2 
 .rodata.sEntryDesc0x1008
                0x00000000080088c8        0x6 build/coeappl.o
                0x00000000080088c8                sEntryDesc0x1008
 *fill*         0x00000000080088ce        0x2 
 .rodata.sEntryDesc0x1009
                0x00000000080088d0        0x6 build/coeappl.o
                0x00000000080088d0                sEntryDesc0x1009
 *fill*         0x00000000080088d6        0x2 
 .rodata.sEntryDesc0x100A
                0x00000000080088d8        0x6 build/coeappl.o
                0x00000000080088d8                sEntryDesc0x100A
                0x00000000080088e0                . = ALIGN (0x4)
 *fill*         0x00000000080088de        0x2 

.rel.dyn        0x00000000080088e0        0x0
 .rel.iplt      0x00000000080088e0        0x0 /usr/share/gcc-arm-none-eabi-10.3-2021.10/bin/../lib/gcc/arm-none-eabi/10.3.1/thumb/v7e-m+fp/hard/crtbegin.o

.ARM.extab
 *(.ARM.extab* .gnu.linkonce.armextab.*)

.ARM            0x00000000080088e0        0x0
                0x00000000080088e0                __exidx_start = .
 *(.ARM.exidx*)
                0x00000000080088e0                __exidx_end = .

.preinit_array  0x00000000080088e0        0x0
                0x00000000080088e0                PROVIDE (__preinit_array_start = .)
 *(.preinit_array*)
                0x00000000080088e0                PROVIDE (__preinit_array_end = .)

.init_array     0x00000000080088e0        0x4
                0x00000000080088e0                PROVIDE (__init_array_start = .)
 *(SORT_BY_NAME(.init_array.*))
 *(.init_array*)
 .init_array    0x00000000080088e0        0x4 /usr/share/gcc-arm-none-eabi-10.3-2021.10/bin/../lib/gcc/arm-none-eabi/10.3.1/thumb/v7e-m+fp/hard/crtbegin.o
                0x00000000080088e4                PROVIDE (__init_array_end = .)

.fini_array     0x00000000080088e4        0x4
                [!provide]                        PROVIDE (__fini_array_start = .)
 *(SORT_BY_NAME(.fini_array.*))
 *(.fini_array*)
 .fini_array    0x00000000080088e4        0x4 /usr/share/gcc-arm-none-eabi-10.3-2021.10/bin/../lib/gcc/arm-none-eabi/10.3.1/thumb/v7e-m+fp/hard/crtbegin.o
                [!provide]                        PROVIDE (__fini_array_end = .)
                0x00000000080088e8                _sidata = LOADADDR (.data)

.data           0x0000000020000000      0x6f8 load address 0x00000000080088e8
                0x0000000020000000                . = ALIGN (0x4)
                0x0000000020000000                _sdata = .
 *(.data)
 *(.data*)
 .data.APBAHBPrescTable
                0x0000000020000000       0x10 build/stm32f4xx_rcc.o
 .data.SystemCoreClock
                0x0000000020000010        0x4 build/system_stm32f4xx.o
                0x0000000020000010                SystemCoreClock
 .data.aSubindexDesc
                0x0000000020000014        0xd build/objdef.o
                0x0000000020000014                aSubindexDesc
 *fill*         0x0000000020000021        0x3 
 .data.sErrorSettings
                0x0000000020000024        0xc build/objdef.o
                0x0000000020000024                sErrorSettings
 .data.ApplicationObjDic
                0x0000000020000030      0x230 build/coeappl.o
                0x0000000020000030                ApplicationObjDic
 .data.GenObjDic
                0x0000000020000260      0x1b8 build/coeappl.o
                0x0000000020000260                GenObjDic
 .data.acDevicename
                0x0000000020000418        0xb build/coeappl.o
                0x0000000020000418                acDevicename
 *fill*         0x0000000020000423        0x1 
 .data.acHardwareversion
                0x0000000020000424        0x5 build/coeappl.o
                0x0000000020000424                acHardwareversion
 *fill*         0x0000000020000429        0x3 
 .data.acSoftwareversion
                0x000000002000042c        0x5 build/coeappl.o
                0x000000002000042c                acSoftwareversion
 *fill*         0x0000000020000431        0x3 
 .data.apEnum0800
                0x0000000020000434        0x8 build/coeappl.o
                0x0000000020000434                apEnum0800
 .data.sEnum0800_Value00
                0x000000002000043c       0x18 build/coeappl.o
                0x000000002000043c                sEnum0800_Value00
 .data.sEnum0800_Value01
                0x0000000020000454       0x1a build/coeappl.o
                0x0000000020000454                sEnum0800_Value01
 *fill*         0x000000002000046e        0x2 
 .data.sIdentity
                0x0000000020000470       0x14 build/coeappl.o
                0x0000000020000470                sIdentity
 .data.sSyncmanagertype
                0x0000000020000484        0x6 build/coeappl.o
                0x0000000020000484                sSyncmanagertype
 *fill*         0x000000002000048a        0x2 
 .data.u32Devicetype
                0x000000002000048c        0x4 build/coeappl.o
                0x000000002000048c                u32Devicetype
 .data.TxPDO1802Subindex0
                0x0000000020000490        0x2 build/el9800appl.o
                0x0000000020000490                TxPDO1802Subindex0
 *fill*         0x0000000020000492        0x2 
 .data.sAIInputs
                0x0000000020000494       0x3c build/el9800appl.o
                0x0000000020000494                sAIInputs
 .data.sAISettings
                0x00000000200004d0       0x10 build/el9800appl.o
                0x00000000200004d0                sAISettings
 .data.sAITxPDOMap
                0x00000000200004e0       0xb0 build/el9800appl.o
                0x00000000200004e0                sAITxPDOMap
 .data.sDIInputs
                0x0000000020000590        0x4 build/el9800appl.o
                0x0000000020000590                sDIInputs
 .data.sDITxPDOMap
                0x0000000020000594       0x28 build/el9800appl.o
                0x0000000020000594                sDITxPDOMap
 .data.sDOOutputs
                0x00000000200005bc       0x22 build/el9800appl.o
                0x00000000200005bc                sDOOutputs
 *fill*         0x00000000200005de        0x2 
 .data.sDORxPDOMap
                0x00000000200005e0       0x90 build/el9800appl.o
                0x00000000200005e0                sDORxPDOMap
 .data.sModulardeviceprofile
                0x0000000020000670        0x6 build/el9800appl.o
                0x0000000020000670                sModulardeviceprofile
 *fill*         0x0000000020000676        0x2 
 .data.sModulelist
                0x0000000020000678       0x10 build/el9800appl.o
                0x0000000020000678                sModulelist
 .data.sRxPDOassign
                0x0000000020000688        0x4 build/el9800appl.o
                0x0000000020000688                sRxPDOassign
 .data.sTxPDOassign
                0x000000002000068c        0x6 build/el9800appl.o
                0x000000002000068c                sTxPDOassign
 *fill*         0x0000000020000692        0x2 
 .data._impure_ptr
                0x0000000020000694        0x4 /usr/share/gcc-arm-none-eabi-10.3-2021.10/bin/../lib/gcc/arm-none-eabi/10.3.1/../../../../arm-none-eabi/lib/thumb/v7e-m+fp/hard/libc_nano.a(lib_a-impure.o)
                0x0000000020000694                _impure_ptr
 .data.impure_data
                0x0000000020000698       0x60 /usr/share/gcc-arm-none-eabi-10.3-2021.10/bin/../lib/gcc/arm-none-eabi/10.3.1/../../../../arm-none-eabi/lib/thumb/v7e-m+fp/hard/libc_nano.a(lib_a-impure.o)
                0x00000000200006f8                . = ALIGN (0x4)
                0x00000000200006f8                _edata = .
                0x0000000008008fe0                _siccmram = LOADADDR (.ccmram)

.igot.plt       0x00000000200006f8        0x0 load address 0x0000000008008fe0
 .igot.plt      0x00000000200006f8        0x0 /usr/share/gcc-arm-none-eabi-10.3-2021.10/bin/../lib/gcc/arm-none-eabi/10.3.1/thumb/v7e-m+fp/hard/crtbegin.o

.ccmram         0x0000000010000000        0x0 load address 0x0000000008008fe0
                0x0000000010000000                . = ALIGN (0x4)
                0x0000000010000000                _sccmram = .
 *(.ccmram)
 *(.ccmram*)
                0x0000000010000000                . = ALIGN (0x4)
                0x0000000010000000                _eccmram = .
                0x0000000010000000                . = ALIGN (0x4)

.bss            0x00000000200006f8     0x128c
                0x00000000200006f8                _sbss = .
                0x00000000200006f8                __bss_start__ = _sbss
 *(.bss)
 .bss           0x00000000200006f8       0x1c /usr/share/gcc-arm-none-eabi-10.3-2021.10/bin/../lib/gcc/arm-none-eabi/10.3.1/thumb/v7e-m+fp/hard/crtbegin.o
 *(.bss*)
 .bss.Can1_RxMessage
                0x0000000020000714       0x14 build/bsp_can.o
                0x0000000020000714                Can1_RxMessage
 .bss.Can1_TxMessage
                0x0000000020000728       0x14 build/bsp_can.o
                0x0000000020000728                Can1_TxMessage
 .bss.Can2_RxMessage
                0x000000002000073c       0x14 build/bsp_can.o
                0x000000002000073c                Can2_RxMessage
 .bss.Can2_TxMessage
                0x0000000020000750       0x14 build/bsp_can.o
                0x0000000020000750                Can2_TxMessage
 .bss.a1_buf_LB
                0x0000000020000764        0xc build/bsp_usart.o
                0x0000000020000764                a1_buf_LB
 .bss.a1_buf_LF
                0x0000000020000770        0xc build/bsp_usart.o
                0x0000000020000770                a1_buf_LF
 .bss.a1_buf_RB
                0x000000002000077c        0xc build/bsp_usart.o
                0x000000002000077c                a1_buf_RB
 .bss.a1_buf_RF
                0x0000000020000788        0xc build/bsp_usart.o
                0x0000000020000788                a1_buf_RF
 .bss.sbus_rx1_buf
                0x0000000020000794      0x100 build/bsp_usart.o
 .bss.sbus_rx2_buf
                0x0000000020000894      0x100 build/bsp_usart.o
 .bss.sbus_rx3_buf
                0x0000000020000994      0x100 build/bsp_usart.o
 .bss.sbus_rx6_buf
                0x0000000020000a94      0x100 build/bsp_usart.o
 .bss.this_time_rx_len.0
                0x0000000020000b94        0x2 build/bsp_usart.o
 .bss.this_time_rx_len.1
                0x0000000020000b96        0x2 build/bsp_usart.o
 .bss.this_time_rx_len.2
                0x0000000020000b98        0x2 build/bsp_usart.o
 .bss.this_time_rx_len.3
                0x0000000020000b9a        0x2 build/bsp_usart.o
 .bss.cmd_leg   0x0000000020000b9c      0x108 build/unitreeA1_cmd.o
                0x0000000020000b9c                cmd_leg
 .bss.data_leg  0x0000000020000ca4      0x220 build/unitreeA1_cmd.o
                0x0000000020000ca4                data_leg
 .bss.data_motor
                0x0000000020000ec4      0x660 build/unitreeA1_cmd.o
                0x0000000020000ec4                data_motor
 .bss.pCoeSendStored
                0x0000000020001524        0x4 build/ecatcoe.o
                0x0000000020001524                pCoeSendStored
 .bss.EcatWdValue
                0x0000000020001528        0x2 build/ecatslv.o
                0x0000000020001528                EcatWdValue
 .bss.EepromLoaded
                0x000000002000152a        0x1 build/ecatslv.o
                0x000000002000152a                EepromLoaded
 *fill*         0x000000002000152b        0x1 
 .bss.EsmTimeoutCounter
                0x000000002000152c        0x2 build/ecatslv.o
                0x000000002000152c                EsmTimeoutCounter
 .bss.LatchInputSync0Counter
                0x000000002000152e        0x2 build/ecatslv.o
                0x000000002000152e                LatchInputSync0Counter
 .bss.LatchInputSync0Value
                0x0000000020001530        0x2 build/ecatslv.o
                0x0000000020001530                LatchInputSync0Value
 .bss.SMActivate
                0x0000000020001532        0x2 build/ecatslv.o
                0x0000000020001532                SMActivate
 .bss.Sync0WdCounter
                0x0000000020001534        0x2 build/ecatslv.o
                0x0000000020001534                Sync0WdCounter
 .bss.Sync0WdValue
                0x0000000020001536        0x2 build/ecatslv.o
                0x0000000020001536                Sync0WdValue
 .bss.Sync1WdCounter
                0x0000000020001538        0x2 build/ecatslv.o
                0x0000000020001538                Sync1WdCounter
 .bss.Sync1WdValue
                0x000000002000153a        0x2 build/ecatslv.o
                0x000000002000153a                Sync1WdValue
 .bss.SyncManInfo
                0x000000002000153c        0x8 build/ecatslv.o
                0x000000002000153c                SyncManInfo
 .bss.b3BufferMode
                0x0000000020001544        0x1 build/ecatslv.o
                0x0000000020001544                b3BufferMode
 .bss.bApplEsmPending
                0x0000000020001545        0x1 build/ecatslv.o
                0x0000000020001545                bApplEsmPending
 .bss.bDcRunning
                0x0000000020001546        0x1 build/ecatslv.o
                0x0000000020001546                bDcRunning
 .bss.bDcSyncActive
                0x0000000020001547        0x1 build/ecatslv.o
                0x0000000020001547                bDcSyncActive
 .bss.bEcatFirstOutputsReceived
                0x0000000020001548        0x1 build/ecatslv.o
                0x0000000020001548                bEcatFirstOutputsReceived
 .bss.bEcatInputUpdateRunning
                0x0000000020001549        0x1 build/ecatslv.o
                0x0000000020001549                bEcatInputUpdateRunning
 .bss.bEcatOutputUpdateRunning
                0x000000002000154a        0x1 build/ecatslv.o
                0x000000002000154a                bEcatOutputUpdateRunning
 .bss.bEcatWaitForAlControlRes
                0x000000002000154b        0x1 build/ecatslv.o
                0x000000002000154b                bEcatWaitForAlControlRes
 .bss.bEscIntEnabled
                0x000000002000154c        0x1 build/ecatslv.o
                0x000000002000154c                bEscIntEnabled
 .bss.bLocalErrorFlag
                0x000000002000154d        0x1 build/ecatslv.o
                0x000000002000154d                bLocalErrorFlag
 .bss.bSmSyncSequenceValid
                0x000000002000154e        0x1 build/ecatslv.o
                0x000000002000154e                bSmSyncSequenceValid
 .bss.bWdTrigger
                0x000000002000154f        0x1 build/ecatslv.o
                0x000000002000154f                bWdTrigger
 .bss.i16WaitForPllRunningCnt
                0x0000000020001550        0x2 build/ecatslv.o
                0x0000000020001550                i16WaitForPllRunningCnt
 .bss.i16WaitForPllRunningTimeout
                0x0000000020001552        0x2 build/ecatslv.o
                0x0000000020001552                i16WaitForPllRunningTimeout
 .bss.nAlStatus
                0x0000000020001554        0x1 build/ecatslv.o
                0x0000000020001554                nAlStatus
 *fill*         0x0000000020001555        0x1 
 .bss.nEcatStateTrans
                0x0000000020001556        0x2 build/ecatslv.o
                0x0000000020001556                nEcatStateTrans
 .bss.nEscAddrInputData
                0x0000000020001558        0x2 build/ecatslv.o
                0x0000000020001558                nEscAddrInputData
 .bss.nEscAddrOutputData
                0x000000002000155a        0x2 build/ecatslv.o
                0x000000002000155a                nEscAddrOutputData
 .bss.nMaxEscAddress
                0x000000002000155c        0x2 build/ecatslv.o
                0x000000002000155c                nMaxEscAddress
 .bss.nMaxSyncMan
                0x000000002000155e        0x1 build/ecatslv.o
                0x000000002000155e                nMaxSyncMan
 *fill*         0x000000002000155f        0x1 
 .bss.nPdInputSize
                0x0000000020001560        0x2 build/ecatslv.o
                0x0000000020001560                nPdInputSize
 .bss.nPdOutputSize
                0x0000000020001562        0x2 build/ecatslv.o
                0x0000000020001562                nPdOutputSize
 .bss.u16ALEventMask
                0x0000000020001564        0x2 build/ecatslv.o
                0x0000000020001564                u16ALEventMask
 .bss.u16LocalErrorCode
                0x0000000020001566        0x2 build/ecatslv.o
                0x0000000020001566                u16LocalErrorCode
 .bss.u16SmSync0Counter
                0x0000000020001568        0x2 build/ecatslv.o
                0x0000000020001568                u16SmSync0Counter
 .bss.u16SmSync0Value
                0x000000002000156a        0x2 build/ecatslv.o
                0x000000002000156a                u16SmSync0Value
 .bss.u16dummy  0x000000002000156c        0x2 build/ecatslv.o
                0x000000002000156c                u16dummy
 *fill*         0x000000002000156e        0x2 
 .bss.asMbx     0x0000000020001570      0x200 build/mailbox.o
                0x0000000020001570                asMbx
 .bss.bMbxRepeatToggle
                0x0000000020001770        0x1 build/mailbox.o
                0x0000000020001770                bMbxRepeatToggle
 .bss.bMbxRunning
                0x0000000020001771        0x1 build/mailbox.o
                0x0000000020001771                bMbxRunning
 .bss.bNoMbxMemoryAvailable
                0x0000000020001772        0x1 build/mailbox.o
                0x0000000020001772                bNoMbxMemoryAvailable
 .bss.bReceiveMbxIsLocked
                0x0000000020001773        0x1 build/mailbox.o
                0x0000000020001773                bReceiveMbxIsLocked
 .bss.bSendMbxIsFull
                0x0000000020001774        0x1 build/mailbox.o
                0x0000000020001774                bSendMbxIsFull
 *fill*         0x0000000020001775        0x3 
 .bss.psReadMbx
                0x0000000020001778        0x4 build/mailbox.o
                0x0000000020001778                psReadMbx
 .bss.psRepeatMbx
                0x000000002000177c        0x4 build/mailbox.o
                0x000000002000177c                psRepeatMbx
 .bss.psStoreMbx
                0x0000000020001780        0x4 build/mailbox.o
                0x0000000020001780                psStoreMbx
 .bss.psWriteMbx
                0x0000000020001784        0x4 build/mailbox.o
                0x0000000020001784                psWriteMbx
 .bss.sMbxReceiveQueue
                0x0000000020001788       0x34 build/mailbox.o
                0x0000000020001788                sMbxReceiveQueue
 .bss.sMbxSendQueue
                0x00000000200017bc       0x34 build/mailbox.o
                0x00000000200017bc                sMbxSendQueue
 .bss.u16EscAddrReceiveMbx
                0x00000000200017f0        0x2 build/mailbox.o
                0x00000000200017f0                u16EscAddrReceiveMbx
 .bss.u16EscAddrSendMbx
                0x00000000200017f2        0x2 build/mailbox.o
                0x00000000200017f2                u16EscAddrSendMbx
 .bss.u16ReceiveMbxSize
                0x00000000200017f4        0x2 build/mailbox.o
                0x00000000200017f4                u16ReceiveMbxSize
 .bss.u16SendMbxSize
                0x00000000200017f6        0x2 build/mailbox.o
                0x00000000200017f6                u16SendMbxSize
 .bss.u8MailboxSendReqStored
                0x00000000200017f8        0x1 build/mailbox.o
                0x00000000200017f8                u8MailboxSendReqStored
 .bss.u8MbxReadCounter
                0x00000000200017f9        0x1 build/mailbox.o
                0x00000000200017f9                u8MbxReadCounter
 .bss.u8MbxWriteCounter
                0x00000000200017fa        0x1 build/mailbox.o
                0x00000000200017fa                u8MbxWriteCounter
 .bss.bSyncSetByUser
                0x00000000200017fb        0x1 build/objdef.o
                0x00000000200017fb                bSyncSetByUser
 .bss.sCycleDiag
                0x00000000200017fc        0x2 build/objdef.o
                0x00000000200017fc                sCycleDiag
 *fill*         0x00000000200017fe        0x2 
 .bss.sSyncManInPar
                0x0000000020001800       0x44 build/objdef.o
                0x0000000020001800                sSyncManInPar
 .bss.sSyncManOutPar
                0x0000000020001844       0x44 build/objdef.o
                0x0000000020001844                sSyncManOutPar
 .bss.aSdoInfoHeader
                0x0000000020001888        0xe build/sdoserv.o
                0x0000000020001888                aSdoInfoHeader
 .bss.bSdoInWork
                0x0000000020001896        0x1 build/sdoserv.o
                0x0000000020001896                bSdoInWork
 .bss.bSdoSegAccess
                0x0000000020001897        0x1 build/sdoserv.o
                0x0000000020001897                bSdoSegAccess
 .bss.bSdoSegFollows
                0x0000000020001898        0x1 build/sdoserv.o
                0x0000000020001898                bSdoSegFollows
 .bss.bSdoSegLastToggle
                0x0000000020001899        0x1 build/sdoserv.o
                0x0000000020001899                bSdoSegLastToggle
 .bss.bStoreCompleteAccess
                0x000000002000189a        0x1 build/sdoserv.o
                0x000000002000189a                bStoreCompleteAccess
 *fill*         0x000000002000189b        0x1 
 .bss.nSdoInfoFragmentsLeft
                0x000000002000189c        0x2 build/sdoserv.o
                0x000000002000189c                nSdoInfoFragmentsLeft
 .bss.nSdoInfoIndex
                0x000000002000189e        0x2 build/sdoserv.o
                0x000000002000189e                nSdoInfoIndex
 .bss.nSdoSegBytesToHandle
                0x00000000200018a0        0x4 build/sdoserv.o
                0x00000000200018a0                nSdoSegBytesToHandle
 .bss.nSdoSegCompleteSize
                0x00000000200018a4        0x4 build/sdoserv.o
                0x00000000200018a4                nSdoSegCompleteSize
 .bss.nSdoSegIndex
                0x00000000200018a8        0x2 build/sdoserv.o
                0x00000000200018a8                nSdoSegIndex
 .bss.nSdoSegService
                0x00000000200018aa        0x1 build/sdoserv.o
                0x00000000200018aa                nSdoSegService
 .bss.nSdoSegSubindex
                0x00000000200018ab        0x1 build/sdoserv.o
                0x00000000200018ab                nSdoSegSubindex
 .bss.pSdoInfoObjEntry
                0x00000000200018ac        0x4 build/sdoserv.o
                0x00000000200018ac                pSdoInfoObjEntry
 .bss.pSdoPendFunc
                0x00000000200018b0        0x4 build/sdoserv.o
                0x00000000200018b0                pSdoPendFunc
 .bss.pSdoResStored
                0x00000000200018b4        0x4 build/sdoserv.o
                0x00000000200018b4                pSdoResStored
 .bss.pSdoSegData
                0x00000000200018b8        0x4 build/sdoserv.o
                0x00000000200018b8                pSdoSegData
 .bss.pSdoSegObjEntry
                0x00000000200018bc        0x4 build/sdoserv.o
                0x00000000200018bc                pSdoSegObjEntry
 .bss.pStoreData
                0x00000000200018c0        0x4 build/sdoserv.o
                0x00000000200018c0                pStoreData
 .bss.u16StoreIndex
                0x00000000200018c4        0x2 build/sdoserv.o
                0x00000000200018c4                u16StoreIndex
 *fill*         0x00000000200018c6        0x2 
 .bss.u32StoreDataSize
                0x00000000200018c8        0x4 build/sdoserv.o
                0x00000000200018c8                u32StoreDataSize
 .bss.u8PendingSdo
                0x00000000200018cc        0x1 build/sdoserv.o
                0x00000000200018cc                u8PendingSdo
 .bss.u8StoreSubindex
                0x00000000200018cd        0x1 build/sdoserv.o
                0x00000000200018cd                u8StoreSubindex
 *fill*         0x00000000200018ce        0x2 
 .bss.ObjDicList
                0x00000000200018d0        0x4 build/coeappl.o
                0x00000000200018d0                ObjDicList
 .bss.u16ErrorRegister
                0x00000000200018d4        0x2 build/coeappl.o
                0x00000000200018d4                u16ErrorRegister
 *fill*         0x00000000200018d6        0x2 
 .bss.StartTimerCnt
                0x00000000200018d8        0x4 build/ecatappl.o
                0x00000000200018d8                StartTimerCnt
 .bss.aPdInputData
                0x00000000200018dc       0x44 build/ecatappl.o
                0x00000000200018dc                aPdInputData
 .bss.aPdOutputData
                0x0000000020001920       0x44 build/ecatappl.o
                0x0000000020001920                aPdOutputData
 .bss.bCycleTimeMeasurementStarted
                0x0000000020001964        0x1 build/ecatappl.o
                0x0000000020001964                bCycleTimeMeasurementStarted
 .bss.bInitFinished
                0x0000000020001965        0x1 build/ecatappl.o
                0x0000000020001965                bInitFinished
 .bss.bRunApplication
                0x0000000020001966        0x1 build/ecatappl.o
                0x0000000020001966                bRunApplication
 *fill*         0x0000000020001967        0x1 
 .bss.u16BusCycleCntMs
                0x0000000020001968        0x2 build/ecatappl.o
                0x0000000020001968                u16BusCycleCntMs
 *fill*         0x000000002000196a        0x2 
 .bss.EscALEvent
                0x000000002000196c        0x2 build/el9800hw.o
                0x000000002000196c                EscALEvent
 *fill*         0x000000002000196e        0x2 
 .bss.__malloc_free_list
                0x0000000020001970        0x4 /usr/share/gcc-arm-none-eabi-10.3-2021.10/bin/../lib/gcc/arm-none-eabi/10.3.1/../../../../arm-none-eabi/lib/thumb/v7e-m+fp/hard/libc_nano.a(lib_a-nano-mallocr.o)
                0x0000000020001970                __malloc_free_list
 .bss.__malloc_sbrk_start
                0x0000000020001974        0x4 /usr/share/gcc-arm-none-eabi-10.3-2021.10/bin/../lib/gcc/arm-none-eabi/10.3.1/../../../../arm-none-eabi/lib/thumb/v7e-m+fp/hard/libc_nano.a(lib_a-nano-mallocr.o)
                0x0000000020001974                __malloc_sbrk_start
 .bss.errno     0x0000000020001978        0x4 /usr/share/gcc-arm-none-eabi-10.3-2021.10/bin/../lib/gcc/arm-none-eabi/10.3.1/../../../../arm-none-eabi/lib/thumb/v7e-m+fp/hard/libc_nano.a(lib_a-reent.o)
                0x0000000020001978                errno
 .bss.__lock___malloc_recursive_mutex
                0x000000002000197c        0x1 /usr/share/gcc-arm-none-eabi-10.3-2021.10/bin/../lib/gcc/arm-none-eabi/10.3.1/../../../../arm-none-eabi/lib/thumb/v7e-m+fp/hard/libc_nano.a(lib_a-lock.o)
                0x000000002000197c                __lock___malloc_recursive_mutex
 *fill*         0x000000002000197d        0x3 
 .bss.heap_end.0
                0x0000000020001980        0x4 /usr/share/gcc-arm-none-eabi-10.3-2021.10/bin/../lib/gcc/arm-none-eabi/10.3.1/../../../../arm-none-eabi/lib/thumb/v7e-m+fp/hard/libnosys.a(sbrk.o)
 *(COMMON)
                0x0000000020001984                . = ALIGN (0x4)
                0x0000000020001984                _ebss = .
                0x0000000020001984                __bss_end__ = _ebss

._user_heap_stack
                0x0000000020001984      0x604
                0x0000000020001988                . = ALIGN (0x8)
 *fill*         0x0000000020001984        0x4 
                0x0000000020001988                PROVIDE (end = .)
                [!provide]                        PROVIDE (_end = .)
                0x0000000020001b88                . = (. + _Min_Heap_Size)
 *fill*         0x0000000020001988      0x200 
                0x0000000020001f88                . = (. + _Min_Stack_Size)
 *fill*         0x0000000020001b88      0x400 
                0x0000000020001f88                . = ALIGN (0x8)

/DISCARD/
 libc.a(*)
 libm.a(*)
 libgcc.a(*)

.ARM.attributes
                0x0000000000000000       0x30
 *(.ARM.attributes)
 .ARM.attributes
                0x0000000000000000       0x1e /usr/share/gcc-arm-none-eabi-10.3-2021.10/bin/../lib/gcc/arm-none-eabi/10.3.1/thumb/v7e-m+fp/hard/crti.o
 .ARM.attributes
                0x000000000000001e       0x34 /usr/share/gcc-arm-none-eabi-10.3-2021.10/bin/../lib/gcc/arm-none-eabi/10.3.1/thumb/v7e-m+fp/hard/crtbegin.o
 .ARM.attributes
                0x0000000000000052       0x34 build/stm32f4xx_it.o
 .ARM.attributes
                0x0000000000000086       0x34 build/misc.o
 .ARM.attributes
                0x00000000000000ba       0x34 build/stm32f4xx_can.o
 .ARM.attributes
                0x00000000000000ee       0x34 build/stm32f4xx_dma.o
 .ARM.attributes
                0x0000000000000122       0x34 build/stm32f4xx_exti.o
 .ARM.attributes
                0x0000000000000156       0x34 build/stm32f4xx_gpio.o
 .ARM.attributes
                0x000000000000018a       0x34 build/stm32f4xx_rcc.o
 .ARM.attributes
                0x00000000000001be       0x34 build/stm32f4xx_spi.o
 .ARM.attributes
                0x00000000000001f2       0x34 build/stm32f4xx_syscfg.o
 .ARM.attributes
                0x0000000000000226       0x34 build/stm32f4xx_tim.o
 .ARM.attributes
                0x000000000000025a       0x34 build/stm32f4xx_usart.o
 .ARM.attributes
                0x000000000000028e       0x34 build/EXIT.o
 .ARM.attributes
                0x00000000000002c2       0x34 build/RST.o
 .ARM.attributes
                0x00000000000002f6       0x34 build/SPI1.o
 .ARM.attributes
                0x000000000000032a       0x34 build/Timer.o
 .ARM.attributes
                0x000000000000035e       0x34 build/bsp_can.o
 .ARM.attributes
                0x0000000000000392       0x34 build/bsp_delay.o
 .ARM.attributes
                0x00000000000003c6       0x34 build/bsp_led.o
 .ARM.attributes
                0x00000000000003fa       0x34 build/bsp_tim.o
 .ARM.attributes
                0x000000000000042e       0x34 build/bsp_usart.o
 .ARM.attributes
                0x0000000000000462       0x34 build/system_stm32f4xx.o
 .ARM.attributes
                0x0000000000000496       0x34 build/unitreeA1_cmd.o
 .ARM.attributes
                0x00000000000004ca       0x34 build/ecatcoe.o
 .ARM.attributes
                0x00000000000004fe       0x34 build/ecatslv.o
 .ARM.attributes
                0x0000000000000532       0x34 build/mailbox.o
 .ARM.attributes
                0x0000000000000566       0x34 build/objdef.o
 .ARM.attributes
                0x000000000000059a       0x34 build/sdoserv.o
 .ARM.attributes
                0x00000000000005ce       0x34 build/coeappl.o
 .ARM.attributes
                0x0000000000000602       0x34 build/ecatappl.o
 .ARM.attributes
                0x0000000000000636       0x34 build/el9800appl.o
 .ARM.attributes
                0x000000000000066a       0x34 build/el9800hw.o
 .ARM.attributes
                0x000000000000069e       0x21 build/startup_stm32f427_437xx.o
 .ARM.attributes
                0x00000000000006bf       0x34 /usr/share/gcc-arm-none-eabi-10.3-2021.10/bin/../lib/gcc/arm-none-eabi/10.3.1/../../../../arm-none-eabi/lib/thumb/v7e-m+fp/hard/libc_nano.a(lib_a-impure.o)
 .ARM.attributes
                0x00000000000006f3       0x34 /usr/share/gcc-arm-none-eabi-10.3-2021.10/bin/../lib/gcc/arm-none-eabi/10.3.1/../../../../arm-none-eabi/lib/thumb/v7e-m+fp/hard/libc_nano.a(lib_a-malloc.o)
 .ARM.attributes
                0x0000000000000727       0x34 /usr/share/gcc-arm-none-eabi-10.3-2021.10/bin/../lib/gcc/arm-none-eabi/10.3.1/../../../../arm-none-eabi/lib/thumb/v7e-m+fp/hard/libc_nano.a(lib_a-memcpy-stub.o)
 .ARM.attributes
                0x000000000000075b       0x34 /usr/share/gcc-arm-none-eabi-10.3-2021.10/bin/../lib/gcc/arm-none-eabi/10.3.1/../../../../arm-none-eabi/lib/thumb/v7e-m+fp/hard/libc_nano.a(lib_a-memset.o)
 .ARM.attributes
                0x000000000000078f       0x34 /usr/share/gcc-arm-none-eabi-10.3-2021.10/bin/../lib/gcc/arm-none-eabi/10.3.1/../../../../arm-none-eabi/lib/thumb/v7e-m+fp/hard/libc_nano.a(lib_a-nano-freer.o)
 .ARM.attributes
                0x00000000000007c3       0x34 /usr/share/gcc-arm-none-eabi-10.3-2021.10/bin/../lib/gcc/arm-none-eabi/10.3.1/../../../../arm-none-eabi/lib/thumb/v7e-m+fp/hard/libc_nano.a(lib_a-nano-mallocr.o)
 .ARM.attributes
                0x00000000000007f7       0x34 /usr/share/gcc-arm-none-eabi-10.3-2021.10/bin/../lib/gcc/arm-none-eabi/10.3.1/../../../../arm-none-eabi/lib/thumb/v7e-m+fp/hard/libc_nano.a(lib_a-sbrkr.o)
 .ARM.attributes
                0x000000000000082b       0x17 /usr/share/gcc-arm-none-eabi-10.3-2021.10/bin/../lib/gcc/arm-none-eabi/10.3.1/../../../../arm-none-eabi/lib/thumb/v7e-m+fp/hard/libc_nano.a(lib_a-strlen.o)
 .ARM.attributes
                0x0000000000000842       0x34 /usr/share/gcc-arm-none-eabi-10.3-2021.10/bin/../lib/gcc/arm-none-eabi/10.3.1/../../../../arm-none-eabi/lib/thumb/v7e-m+fp/hard/libc_nano.a(lib_a-mlock.o)
 .ARM.attributes
                0x0000000000000876       0x34 /usr/share/gcc-arm-none-eabi-10.3-2021.10/bin/../lib/gcc/arm-none-eabi/10.3.1/../../../../arm-none-eabi/lib/thumb/v7e-m+fp/hard/libc_nano.a(lib_a-reent.o)
 .ARM.attributes
                0x00000000000008aa       0x34 /usr/share/gcc-arm-none-eabi-10.3-2021.10/bin/../lib/gcc/arm-none-eabi/10.3.1/../../../../arm-none-eabi/lib/thumb/v7e-m+fp/hard/libc_nano.a(lib_a-lock.o)
 .ARM.attributes
                0x00000000000008de       0x34 /usr/share/gcc-arm-none-eabi-10.3-2021.10/bin/../lib/gcc/arm-none-eabi/10.3.1/../../../../arm-none-eabi/lib/thumb/v7e-m+fp/hard/libnosys.a(sbrk.o)
 .ARM.attributes
                0x0000000000000912       0x1e /usr/share/gcc-arm-none-eabi-10.3-2021.10/bin/../lib/gcc/arm-none-eabi/10.3.1/thumb/v7e-m+fp/hard/libgcc.a(_arm_muldf3.o)
 .ARM.attributes
                0x0000000000000930       0x1e /usr/share/gcc-arm-none-eabi-10.3-2021.10/bin/../lib/gcc/arm-none-eabi/10.3.1/thumb/v7e-m+fp/hard/libgcc.a(_arm_addsubdf3.o)
 .ARM.attributes
                0x000000000000094e       0x1e /usr/share/gcc-arm-none-eabi-10.3-2021.10/bin/../lib/gcc/arm-none-eabi/10.3.1/thumb/v7e-m+fp/hard/libgcc.a(_arm_truncdfsf2.o)
 .ARM.attributes
                0x000000000000096c       0x1e /usr/share/gcc-arm-none-eabi-10.3-2021.10/bin/../lib/gcc/arm-none-eabi/10.3.1/thumb/v7e-m+fp/hard/crtn.o
OUTPUT(build/stm32F4_ax58100_hw.elf elf32-littlearm)
LOAD linker stubs
LOAD /usr/share/gcc-arm-none-eabi-10.3-2021.10/bin/../lib/gcc/arm-none-eabi/10.3.1/../../../../arm-none-eabi/lib/thumb/v7e-m+fp/hard/libc.a
LOAD /usr/share/gcc-arm-none-eabi-10.3-2021.10/bin/../lib/gcc/arm-none-eabi/10.3.1/../../../../arm-none-eabi/lib/thumb/v7e-m+fp/hard/libm.a
LOAD /usr/share/gcc-arm-none-eabi-10.3-2021.10/bin/../lib/gcc/arm-none-eabi/10.3.1/thumb/v7e-m+fp/hard/libgcc.a

.debug_info     0x0000000000000000    0x18c00
 .debug_info    0x0000000000000000      0x10e build/stm32f4xx_it.o
 .debug_info    0x000000000000010e      0x57c build/misc.o
 .debug_info    0x000000000000068a      0xe4b build/stm32f4xx_can.o
 .debug_info    0x00000000000014d5      0x7d4 build/stm32f4xx_dma.o
 .debug_info    0x0000000000001ca9      0x361 build/stm32f4xx_exti.o
 .debug_info    0x000000000000200a      0x8b1 build/stm32f4xx_gpio.o
 .debug_info    0x00000000000028bb     0x1016 build/stm32f4xx_rcc.o
 .debug_info    0x00000000000038d1      0xda4 build/stm32f4xx_spi.o
 .debug_info    0x0000000000004675      0x2e0 build/stm32f4xx_syscfg.o
 .debug_info    0x0000000000004955     0x2456 build/stm32f4xx_tim.o
 .debug_info    0x0000000000006dab      0xc72 build/stm32f4xx_usart.o
 .debug_info    0x0000000000007a1d      0x8f9 build/EXIT.o
 .debug_info    0x0000000000008316      0x382 build/RST.o
 .debug_info    0x0000000000008698      0x73e build/SPI1.o
 .debug_info    0x0000000000008dd6      0x76c build/Timer.o
 .debug_info    0x0000000000009542      0xfc7 build/bsp_can.o
 .debug_info    0x000000000000a509      0x7eb build/bsp_delay.o
 .debug_info    0x000000000000acf4      0x32e build/bsp_led.o
 .debug_info    0x000000000000b022      0xb03 build/bsp_tim.o
 .debug_info    0x000000000000bb25     0x1fdd build/bsp_usart.o
 .debug_info    0x000000000000db02      0x661 build/system_stm32f4xx.o
 .debug_info    0x000000000000e163      0x9c7 build/unitreeA1_cmd.o
 .debug_info    0x000000000000eb2a      0x520 build/ecatcoe.o
 .debug_info    0x000000000000f04a     0x19c1 build/ecatslv.o
 .debug_info    0x0000000000010a0b      0xc4c build/mailbox.o
 .debug_info    0x0000000000011657     0x1139 build/objdef.o
 .debug_info    0x0000000000012790     0x133f build/sdoserv.o
 .debug_info    0x0000000000013acf     0x15f1 build/coeappl.o
 .debug_info    0x00000000000150c0      0xf04 build/ecatappl.o
 .debug_info    0x0000000000015fc4     0x1897 build/el9800appl.o
 .debug_info    0x000000000001785b     0x1383 build/el9800hw.o
 .debug_info    0x0000000000018bde       0x22 build/startup_stm32f427_437xx.o

.debug_abbrev   0x0000000000000000     0x3dec
 .debug_abbrev  0x0000000000000000       0x44 build/stm32f4xx_it.o
 .debug_abbrev  0x0000000000000044      0x187 build/misc.o
 .debug_abbrev  0x00000000000001cb      0x25b build/stm32f4xx_can.o
 .debug_abbrev  0x0000000000000426      0x180 build/stm32f4xx_dma.o
 .debug_abbrev  0x00000000000005a6      0x1f5 build/stm32f4xx_exti.o
 .debug_abbrev  0x000000000000079b      0x20e build/stm32f4xx_gpio.o
 .debug_abbrev  0x00000000000009a9      0x204 build/stm32f4xx_rcc.o
 .debug_abbrev  0x0000000000000bad      0x1ce build/stm32f4xx_spi.o
 .debug_abbrev  0x0000000000000d7b      0x175 build/stm32f4xx_syscfg.o
 .debug_abbrev  0x0000000000000ef0      0x1e1 build/stm32f4xx_tim.o
 .debug_abbrev  0x00000000000010d1      0x1cd build/stm32f4xx_usart.o
 .debug_abbrev  0x000000000000129e      0x176 build/EXIT.o
 .debug_abbrev  0x0000000000001414      0x150 build/RST.o
 .debug_abbrev  0x0000000000001564      0x19f build/SPI1.o
 .debug_abbrev  0x0000000000001703      0x165 build/Timer.o
 .debug_abbrev  0x0000000000001868      0x1f0 build/bsp_can.o
 .debug_abbrev  0x0000000000001a58      0x1ee build/bsp_delay.o
 .debug_abbrev  0x0000000000001c46      0x145 build/bsp_led.o
 .debug_abbrev  0x0000000000001d8b      0x1ed build/bsp_tim.o
 .debug_abbrev  0x0000000000001f78      0x2de build/bsp_usart.o
 .debug_abbrev  0x0000000000002256      0x187 build/system_stm32f4xx.o
 .debug_abbrev  0x00000000000023dd      0x20e build/unitreeA1_cmd.o
 .debug_abbrev  0x00000000000025eb      0x1da build/ecatcoe.o
 .debug_abbrev  0x00000000000027c5      0x307 build/ecatslv.o
 .debug_abbrev  0x0000000000002acc      0x233 build/mailbox.o
 .debug_abbrev  0x0000000000002cff      0x2a1 build/objdef.o
 .debug_abbrev  0x0000000000002fa0      0x2fe build/sdoserv.o
 .debug_abbrev  0x000000000000329e      0x237 build/coeappl.o
 .debug_abbrev  0x00000000000034d5      0x2b5 build/ecatappl.o
 .debug_abbrev  0x000000000000378a      0x30d build/el9800appl.o
 .debug_abbrev  0x0000000000003a97      0x343 build/el9800hw.o
 .debug_abbrev  0x0000000000003dda       0x12 build/startup_stm32f427_437xx.o

.debug_aranges  0x0000000000000000     0x10c8
 .debug_aranges
                0x0000000000000000       0x60 build/stm32f4xx_it.o
 .debug_aranges