Archive member included to satisfy reference by file (symbol)

/usr/share/gcc-arm-none-eabi-10.3-2021.10/bin/../lib/gcc/arm-none-eabi/10.3.1/../../../../arm-none-eabi/lib/thumb/v7e-m+fp/hard/libc_nano.a(lib_a-exit.o)
                              /usr/share/gcc-arm-none-eabi-10.3-2021.10/bin/../lib/gcc/arm-none-eabi/10.3.1/../../../../arm-none-eabi/lib/thumb/v7e-m+fp/hard/crt0.o (exit)
/usr/share/gcc-arm-none-eabi-10.3-2021.10/bin/../lib/gcc/arm-none-eabi/10.3.1/../../../../arm-none-eabi/lib/thumb/v7e-m+fp/hard/libc_nano.a(lib_a-impure.o)
                              /usr/share/gcc-arm-none-eabi-10.3-2021.10/bin/../lib/gcc/arm-none-eabi/10.3.1/../../../../arm-none-eabi/lib/thumb/v7e-m+fp/hard/libc_nano.a(lib_a-exit.o) (_global_impure_ptr)
/usr/share/gcc-arm-none-eabi-10.3-2021.10/bin/../lib/gcc/arm-none-eabi/10.3.1/../../../../arm-none-eabi/lib/thumb/v7e-m+fp/hard/libc_nano.a(lib_a-init.o)
                              /usr/share/gcc-arm-none-eabi-10.3-2021.10/bin/../lib/gcc/arm-none-eabi/10.3.1/../../../../arm-none-eabi/lib/thumb/v7e-m+fp/hard/crt0.o (__libc_init_array)
/usr/share/gcc-arm-none-eabi-10.3-2021.10/bin/../lib/gcc/arm-none-eabi/10.3.1/../../../../arm-none-eabi/lib/thumb/v7e-m+fp/hard/libc_nano.a(lib_a-malloc.o)
                              build/ecatcoe.o (malloc)
/usr/share/gcc-arm-none-eabi-10.3-2021.10/bin/../lib/gcc/arm-none-eabi/10.3.1/../../../../arm-none-eabi/lib/thumb/v7e-m+fp/hard/libc_nano.a(lib_a-memcpy-stub.o)
                              build/mailbox.o (memcpy)
/usr/share/gcc-arm-none-eabi-10.3-2021.10/bin/../lib/gcc/arm-none-eabi/10.3.1/../../../../arm-none-eabi/lib/thumb/v7e-m+fp/hard/libc_nano.a(lib_a-memset.o)
                              /usr/share/gcc-arm-none-eabi-10.3-2021.10/bin/../lib/gcc/arm-none-eabi/10.3.1/../../../../arm-none-eabi/lib/thumb/v7e-m+fp/hard/crt0.o (memset)
/usr/share/gcc-arm-none-eabi-10.3-2021.10/bin/../lib/gcc/arm-none-eabi/10.3.1/../../../../arm-none-eabi/lib/thumb/v7e-m+fp/hard/libc_nano.a(lib_a-nano-freer.o)
                              /usr/share/gcc-arm-none-eabi-10.3-2021.10/bin/../lib/gcc/arm-none-eabi/10.3.1/../../../../arm-none-eabi/lib/thumb/v7e-m+fp/hard/libc_nano.a(lib_a-malloc.o) (_free_r)
/usr/share/gcc-arm-none-eabi-10.3-2021.10/bin/../lib/gcc/arm-none-eabi/10.3.1/../../../../arm-none-eabi/lib/thumb/v7e-m+fp/hard/libc_nano.a(lib_a-nano-mallocr.o)
                              /usr/share/gcc-arm-none-eabi-10.3-2021.10/bin/../lib/gcc/arm-none-eabi/10.3.1/../../../../arm-none-eabi/lib/thumb/v7e-m+fp/hard/libc_nano.a(lib_a-malloc.o) (_malloc_r)
/usr/share/gcc-arm-none-eabi-10.3-2021.10/bin/../lib/gcc/arm-none-eabi/10.3.1/../../../../arm-none-eabi/lib/thumb/v7e-m+fp/hard/libc_nano.a(lib_a-sbrkr.o)
                              /usr/share/gcc-arm-none-eabi-10.3-2021.10/bin/../lib/gcc/arm-none-eabi/10.3.1/../../../../arm-none-eabi/lib/thumb/v7e-m+fp/hard/libc_nano.a(lib_a-nano-mallocr.o) (_sbrk_r)
/usr/share/gcc-arm-none-eabi-10.3-2021.10/bin/../lib/gcc/arm-none-eabi/10.3.1/../../../../arm-none-eabi/lib/thumb/v7e-m+fp/hard/libc_nano.a(lib_a-strlen.o)
                              build/objdef.o (strlen)
/usr/share/gcc-arm-none-eabi-10.3-2021.10/bin/../lib/gcc/arm-none-eabi/10.3.1/../../../../arm-none-eabi/lib/thumb/v7e-m+fp/hard/libc_nano.a(lib_a-mlock.o)
                              /usr/share/gcc-arm-none-eabi-10.3-2021.10/bin/../lib/gcc/arm-none-eabi/10.3.1/../../../../arm-none-eabi/lib/thumb/v7e-m+fp/hard/libc_nano.a(lib_a-nano-freer.o) (__malloc_lock)
/usr/share/gcc-arm-none-eabi-10.3-2021.10/bin/../lib/gcc/arm-none-eabi/10.3.1/../../../../arm-none-eabi/lib/thumb/v7e-m+fp/hard/libc_nano.a(lib_a-reent.o)
                              /usr/share/gcc-arm-none-eabi-10.3-2021.10/bin/../lib/gcc/arm-none-eabi/10.3.1/../../../../arm-none-eabi/lib/thumb/v7e-m+fp/hard/libc_nano.a(lib_a-sbrkr.o) (errno)
/usr/share/gcc-arm-none-eabi-10.3-2021.10/bin/../lib/gcc/arm-none-eabi/10.3.1/../../../../arm-none-eabi/lib/thumb/v7e-m+fp/hard/libc_nano.a(lib_a-lock.o)
                              /usr/share/gcc-arm-none-eabi-10.3-2021.10/bin/../lib/gcc/arm-none-eabi/10.3.1/../../../../arm-none-eabi/lib/thumb/v7e-m+fp/hard/libc_nano.a(lib_a-mlock.o) (__retarget_lock_acquire_recursive)
/usr/share/gcc-arm-none-eabi-10.3-2021.10/bin/../lib/gcc/arm-none-eabi/10.3.1/../../../../arm-none-eabi/lib/thumb/v7e-m+fp/hard/libnosys.a(sbrk.o)
                              /usr/share/gcc-arm-none-eabi-10.3-2021.10/bin/../lib/gcc/arm-none-eabi/10.3.1/../../../../arm-none-eabi/lib/thumb/v7e-m+fp/hard/libc_nano.a(lib_a-sbrkr.o) (_sbrk)
/usr/share/gcc-arm-none-eabi-10.3-2021.10/bin/../lib/gcc/arm-none-eabi/10.3.1/../../../../arm-none-eabi/lib/thumb/v7e-m+fp/hard/libnosys.a(_exit.o)
                              /usr/share/gcc-arm-none-eabi-10.3-2021.10/bin/../lib/gcc/arm-none-eabi/10.3.1/../../../../arm-none-eabi/lib/thumb/v7e-m+fp/hard/libc_nano.a(lib_a-exit.o) (_exit)

Discarded input sections

[...]
Memory Configuration

Name             Origin             Length             Attributes
RAM              0x0000000020000000 0x0000000000020000 xrw
CCMRAM           0x0000000010000000 0x0000000000010000 xrw
FLASH            0x0000000008000000 0x0000000000100000 xr
*default*        0x0000000000000000 0xffffffffffffffff

Linker script and memory map

LOAD /usr/share/gcc-arm-none-eabi-10.3-2021.10/bin/../lib/gcc/arm-none-eabi/10.3.1/thumb/v7e-m+fp/hard/crti.o
LOAD /usr/share/gcc-arm-none-eabi-10.3-2021.10/bin/../lib/gcc/arm-none-eabi/10.3.1/thumb/v7e-m+fp/hard/crtbegin.o
LOAD /usr/share/gcc-arm-none-eabi-10.3-2021.10/bin/../lib/gcc/arm-none-eabi/10.3.1/../../../../arm-none-eabi/lib/thumb/v7e-m+fp/hard/crt0.o
LOAD build/stm32f4xx_it.o
LOAD build/misc.o
LOAD build/stm32f4xx_adc.o
LOAD build/stm32f4xx_can.o
LOAD build/stm32f4xx_cec.o
LOAD build/stm32f4xx_crc.o
LOAD build/stm32f4xx_cryp.o
LOAD build/stm32f4xx_cryp_aes.o
LOAD build/stm32f4xx_cryp_des.o
LOAD build/stm32f4xx_cryp_tdes.o
LOAD build/stm32f4xx_dac.o
LOAD build/stm32f4xx_dbgmcu.o
LOAD build/stm32f4xx_dcmi.o
LOAD build/stm32f4xx_dma.o
LOAD build/stm32f4xx_dma2d.o
LOAD build/stm32f4xx_dsi.o
LOAD build/stm32f4xx_exti.o
LOAD build/stm32f4xx_flash.o
LOAD build/stm32f4xx_flash_ramfunc.o
LOAD build/stm32f4xx_fmpi2c.o
LOAD build/stm32f4xx_fsmc.o
LOAD build/stm32f4xx_gpio.o
LOAD build/stm32f4xx_hash.o
LOAD build/stm32f4xx_hash_md5.o
LOAD build/stm32f4xx_hash_sha1.o
LOAD build/stm32f4xx_i2c.o
LOAD build/stm32f4xx_iwdg.o
LOAD build/stm32f4xx_lptim.o
LOAD build/stm32f4xx_ltdc.o
LOAD build/stm32f4xx_pwr.o
LOAD build/stm32f4xx_qspi.o
LOAD build/stm32f4xx_rcc.o
LOAD build/stm32f4xx_rng.o
LOAD build/stm32f4xx_rtc.o
LOAD build/stm32f4xx_sai.o
LOAD build/stm32f4xx_sdio.o
LOAD build/stm32f4xx_spdifrx.o
LOAD build/stm32f4xx_spi.o
LOAD build/stm32f4xx_syscfg.o
LOAD build/stm32f4xx_tim.o
LOAD build/stm32f4xx_usart.o
LOAD build/stm32f4xx_wwdg.o
LOAD build/EXIT.o
LOAD build/RST.o
LOAD build/SPI1.o
LOAD build/Timer.o
LOAD build/bsp_can.o
LOAD build/bsp_led.o
LOAD build/bsp_spi2.o
LOAD build/system_stm32f4xx.o
LOAD build/bootmode.o
LOAD build/diag.o
LOAD build/ecataoe.o
LOAD build/ecatcoe.o
LOAD build/ecateoe.o
LOAD build/ecatfoe.o
LOAD build/ecatslv.o
LOAD build/ecatsoe.o
LOAD build/emcy.o
LOAD build/eoeappl.o
LOAD build/fc1100hw.o
LOAD build/mailbox.o
LOAD build/objdef.o
LOAD build/sdoserv.o
LOAD build/aoeappl.o
LOAD build/coeappl.o
LOAD build/ecatappl.o
LOAD build/el9800appl.o
LOAD build/el9800hw.o
LOAD build/foeappl.o
LOAD build/startup_stm32f405xx.o
LOAD /usr/share/gcc-arm-none-eabi-10.3-2021.10/bin/../lib/gcc/arm-none-eabi/10.3.1/../../../../arm-none-eabi/lib/thumb/v7e-m+fp/hard/libc_nano.a
LOAD /usr/share/gcc-arm-none-eabi-10.3-2021.10/bin/../lib/gcc/arm-none-eabi/10.3.1/../../../../arm-none-eabi/lib/thumb/v7e-m+fp/hard/libm.a
LOAD /usr/share/gcc-arm-none-eabi-10.3-2021.10/bin/../lib/gcc/arm-none-eabi/10.3.1/../../../../arm-none-eabi/lib/thumb/v7e-m+fp/hard/libnosys.a
START GROUP
LOAD /usr/share/gcc-arm-none-eabi-10.3-2021.10/bin/../lib/gcc/arm-none-eabi/10.3.1/thumb/v7e-m+fp/hard/libgcc.a
LOAD /usr/share/gcc-arm-none-eabi-10.3-2021.10/bin/../lib/gcc/arm-none-eabi/10.3.1/../../../../arm-none-eabi/lib/thumb/v7e-m+fp/hard/libc_nano.a
END GROUP
START GROUP
LOAD /usr/share/gcc-arm-none-eabi-10.3-2021.10/bin/../lib/gcc/arm-none-eabi/10.3.1/thumb/v7e-m+fp/hard/libgcc.a
LOAD /usr/share/gcc-arm-none-eabi-10.3-2021.10/bin/../lib/gcc/arm-none-eabi/10.3.1/../../../../arm-none-eabi/lib/thumb/v7e-m+fp/hard/libc_nano.a
END GROUP
LOAD /usr/share/gcc-arm-none-eabi-10.3-2021.10/bin/../lib/gcc/arm-none-eabi/10.3.1/thumb/v7e-m+fp/hard/crtend.o
LOAD /usr/share/gcc-arm-none-eabi-10.3-2021.10/bin/../lib/gcc/arm-none-eabi/10.3.1/thumb/v7e-m+fp/hard/crtn.o
                0x0000000020020000                _estack = (ORIGIN (RAM) + LENGTH (RAM))
                0x0000000000000200                _Min_Heap_Size = 0x200
                0x0000000000000400                _Min_Stack_Size = 0x400

.isr_vector     0x0000000008000000      0x188
                0x0000000008000000                . = ALIGN (0x4)
 *(.isr_vector)
 .isr_vector    0x0000000008000000      0x188 build/startup_stm32f405xx.o
                0x0000000008000000                g_pfnVectors
                0x0000000008000188                . = ALIGN (0x4)

.text           0x0000000008000188     0x5fb4
                0x0000000008000188                . = ALIGN (0x4)
 *(.text)
 .text          0x0000000008000188       0x40 /usr/share/gcc-arm-none-eabi-10.3-2021.10/bin/../lib/gcc/arm-none-eabi/10.3.1/thumb/v7e-m+fp/hard/crtbegin.o
 .text          0x00000000080001c8       0x10 /usr/share/gcc-arm-none-eabi-10.3-2021.10/bin/../lib/gcc/arm-none-eabi/10.3.1/../../../../arm-none-eabi/lib/thumb/v7e-m+fp/hard/libc_nano.a(lib_a-strlen.o)
                0x00000000080001c8                strlen
 *(.text*)
 .text.NMI_Handler
                0x00000000080001d8        0x2 build/stm32f4xx_it.o
                0x00000000080001d8                NMI_Handler
 .text.HardFault_Handler
                0x00000000080001da        0x2 build/stm32f4xx_it.o
                0x00000000080001da                HardFault_Handler
 .text.MemManage_Handler
                0x00000000080001dc        0x2 build/stm32f4xx_it.o
                0x00000000080001dc                MemManage_Handler
 .text.BusFault_Handler
                0x00000000080001de        0x2 build/stm32f4xx_it.o
                0x00000000080001de                BusFault_Handler
 .text.UsageFault_Handler
                0x00000000080001e0        0x2 build/stm32f4xx_it.o
                0x00000000080001e0                UsageFault_Handler
 .text.SVC_Handler
                0x00000000080001e2        0x2 build/stm32f4xx_it.o
                0x00000000080001e2                SVC_Handler
 .text.DebugMon_Handler
                0x00000000080001e4        0x2 build/stm32f4xx_it.o
                0x00000000080001e4                DebugMon_Handler
 .text.PendSV_Handler
                0x00000000080001e6        0x2 build/stm32f4xx_it.o
                0x00000000080001e6                PendSV_Handler
 .text.SysTick_Handler
                0x00000000080001e8        0x2 build/stm32f4xx_it.o
                0x00000000080001e8                SysTick_Handler
 *fill*         0x00000000080001ea        0x2 
 .text.NVIC_PriorityGroupConfig
                0x00000000080001ec       0x14 build/misc.o
                0x00000000080001ec                NVIC_PriorityGroupConfig
 .text.NVIC_Init
                0x0000000008000200       0x64 build/misc.o
                0x0000000008000200                NVIC_Init
 .text.CAN_DeInit
                0x0000000008000264       0x38 build/stm32f4xx_can.o
                0x0000000008000264                CAN_DeInit
 .text.CAN_Init
                0x000000000800029c      0x10e build/stm32f4xx_can.o
                0x000000000800029c                CAN_Init
 *fill*         0x00000000080003aa        0x2 
 .text.CAN_FilterInit
                0x00000000080003ac      0x10c build/stm32f4xx_can.o
                0x00000000080003ac                CAN_FilterInit
 .text.CAN_StructInit
                0x00000000080004b8       0x20 build/stm32f4xx_can.o
                0x00000000080004b8                CAN_StructInit
 .text.CAN_Transmit
                0x00000000080004d8       0xd6 build/stm32f4xx_can.o
                0x00000000080004d8                CAN_Transmit
 .text.CAN_Receive
                0x00000000080005ae       0xac build/stm32f4xx_can.o
                0x00000000080005ae                CAN_Receive
 .text.CAN_ITConfig
                0x000000000800065a       0x14 build/stm32f4xx_can.o
                0x000000000800065a                CAN_ITConfig
 *fill*         0x000000000800066e        0x2 
 .text.EXTI_Init
                0x0000000008000670       0x90 build/stm32f4xx_exti.o
                0x0000000008000670                EXTI_Init
 .text.EXTI_ClearITPendingBit
                0x0000000008000700        0xc build/stm32f4xx_exti.o
                0x0000000008000700                EXTI_ClearITPendingBit
 .text.GPIO_Init
                0x000000000800070c       0xa6 build/stm32f4xx_gpio.o
                0x000000000800070c                GPIO_Init
 .text.GPIO_SetBits
                0x00000000080007b2        0x4 build/stm32f4xx_gpio.o
                0x00000000080007b2                GPIO_SetBits
 .text.GPIO_ResetBits
                0x00000000080007b6        0x4 build/stm32f4xx_gpio.o
                0x00000000080007b6                GPIO_ResetBits
 .text.GPIO_ToggleBits
                0x00000000080007ba        0x8 build/stm32f4xx_gpio.o
                0x00000000080007ba                GPIO_ToggleBits
 .text.GPIO_PinAFConfig
                0x00000000080007c2       0x34 build/stm32f4xx_gpio.o
                0x00000000080007c2                GPIO_PinAFConfig
 *fill*         0x00000000080007f6        0x2 
 .text.RCC_AHB1PeriphClockCmd
                0x00000000080007f8       0x1c build/stm32f4xx_rcc.o
                0x00000000080007f8                RCC_AHB1PeriphClockCmd
 .text.RCC_APB1PeriphClockCmd
                0x0000000008000814       0x1c build/stm32f4xx_rcc.o
                0x0000000008000814                RCC_APB1PeriphClockCmd
 .text.RCC_APB2PeriphClockCmd
                0x0000000008000830       0x1c build/stm32f4xx_rcc.o
                0x0000000008000830                RCC_APB2PeriphClockCmd
 .text.RCC_APB1PeriphResetCmd
                0x000000000800084c       0x1c build/stm32f4xx_rcc.o
                0x000000000800084c                RCC_APB1PeriphResetCmd
 .text.RCC_APB2PeriphResetCmd
                0x0000000008000868       0x1c build/stm32f4xx_rcc.o
                0x0000000008000868                RCC_APB2PeriphResetCmd
 .text.SPI_I2S_DeInit
                0x0000000008000884       0xc4 build/stm32f4xx_spi.o
                0x0000000008000884                SPI_I2S_DeInit
 .text.SPI_Init
                0x0000000008000948       0x4e build/stm32f4xx_spi.o
                0x0000000008000948                SPI_Init
 .text.SPI_Cmd  0x0000000008000996       0x1c build/stm32f4xx_spi.o
                0x0000000008000996                SPI_Cmd
 .text.SPI_I2S_ReceiveData
                0x00000000080009b2        0x6 build/stm32f4xx_spi.o
                0x00000000080009b2                SPI_I2S_ReceiveData
 .text.SPI_I2S_SendData
                0x00000000080009b8        0x4 build/stm32f4xx_spi.o
                0x00000000080009b8                SPI_I2S_SendData
 .text.SPI_I2S_GetFlagStatus
                0x00000000080009bc        0xe build/stm32f4xx_spi.o
                0x00000000080009bc                SPI_I2S_GetFlagStatus
 *fill*         0x00000000080009ca        0x2 
 .text.SYSCFG_EXTILineConfig
                0x00000000080009cc       0x38 build/stm32f4xx_syscfg.o
                0x00000000080009cc                SYSCFG_EXTILineConfig
 .text.TIM_DeInit
                0x0000000008000a04      0x198 build/stm32f4xx_tim.o
                0x0000000008000a04                TIM_DeInit
 .text.TIM_TimeBaseInit
                0x0000000008000b9c       0x7c build/stm32f4xx_tim.o
                0x0000000008000b9c                TIM_TimeBaseInit
 .text.TIM_Cmd  0x0000000008000c18       0x1c build/stm32f4xx_tim.o
                0x0000000008000c18                TIM_Cmd
 .text.TIM_ITConfig
                0x0000000008000c34       0x18 build/stm32f4xx_tim.o
                0x0000000008000c34                TIM_ITConfig
 .text.TIM_ClearFlag
                0x0000000008000c4c        0x8 build/stm32f4xx_tim.o
                0x0000000008000c4c                TIM_ClearFlag
 .text.TIM_ClearITPendingBit
                0x0000000008000c54        0x8 build/stm32f4xx_tim.o
                0x0000000008000c54                TIM_ClearITPendingBit
 .text.EXTI8_Configuration
                0x0000000008000c5c       0x78 build/EXIT.o
                0x0000000008000c5c                EXTI8_Configuration
 .text.EXTI0_Configuration
                0x0000000008000cd4       0x74 build/EXIT.o
                0x0000000008000cd4                EXTI0_Configuration
 .text.EXTI1_Configuration
                0x0000000008000d48       0x74 build/EXIT.o
                0x0000000008000d48                EXTI1_Configuration
 .text.rst_high
                0x0000000008000dbc       0x10 build/RST.o
                0x0000000008000dbc                rst_high
 .text.rst_setup
                0x0000000008000dcc       0x3c build/RST.o
                0x0000000008000dcc                rst_setup
 .text.SPI1_Init
                0x0000000008000e08       0x5c build/SPI1.o
                0x0000000008000e08                SPI1_Init
 .text.SPI1_GPIO_Init
                0x0000000008000e64       0xa0 build/SPI1.o
                0x0000000008000e64                SPI1_GPIO_Init
 .text.WR_CMD   0x0000000008000f04       0x34 build/SPI1.o
                0x0000000008000f04                WR_CMD
 .text.TIM_Configuration
                0x0000000008000f38       0x7e build/Timer.o
                0x0000000008000f38                TIM_Configuration
 *fill*         0x0000000008000fb6        0x2 
 .text.CAN1_GPIO_Config
                0x0000000008000fb8       0x6c build/bsp_can.o
 .text.CAN2_GPIO_Config
                0x0000000008001024       0x68 build/bsp_can.o
 .text.CAN1_Mode_Config
                0x000000000800108c       0x60 build/bsp_can.o
 .text.CAN2_Mode_Config
                0x00000000080010ec       0x68 build/bsp_can.o
 .text.CAN1_NVIC_Config
                0x0000000008001154       0x2e build/bsp_can.o
 .text.CAN2_NVIC_Config
                0x0000000008001182       0x2e build/bsp_can.o
 .text.CAN1_Filter_Config
                0x00000000080011b0       0x44 build/bsp_can.o
 .text.CAN2_Filter_Config
                0x00000000080011f4       0x48 build/bsp_can.o
 .text.CAN1_Config
                0x000000000800123c       0x14 build/bsp_can.o
                0x000000000800123c                CAN1_Config
 .text.CAN2_Config
                0x0000000008001250       0x14 build/bsp_can.o
                0x0000000008001250                CAN2_Config
 .text.CAN1_RX0_IRQHandler
                0x0000000008001264       0x24 build/bsp_can.o
                0x0000000008001264                CAN1_RX0_IRQHandler
 .text.CAN2_RX0_IRQHandler
                0x0000000008001288       0x24 build/bsp_can.o
                0x0000000008001288                CAN2_RX0_IRQHandler
 .text.led_setup
                0x00000000080012ac       0x78 build/bsp_led.o
                0x00000000080012ac                led_setup
 .text.SetSysClock
                0x0000000008001324       0xc4 build/system_stm32f4xx.o
 .text.SystemInit
                0x00000000080013e8       0x50 build/system_stm32f4xx.o
                0x00000000080013e8                SystemInit
 .text.COE_Init
                0x0000000008001438       0x14 build/ecatcoe.o
                0x0000000008001438                COE_Init
 .text.COE_ServiceInd
                0x000000000800144c       0x2c build/ecatcoe.o
                0x000000000800144c                COE_ServiceInd
 .text.COE_ContinueInd
                0x0000000008001478       0x50 build/ecatcoe.o
                0x0000000008001478                COE_ContinueInd
 .text.ResetALEventMask
                0x00000000080014c8       0x40 build/ecatslv.o
                0x00000000080014c8                ResetALEventMask
 .text.SetALEventMask
                0x0000000008001508       0x40 build/ecatslv.o
                0x0000000008001508                SetALEventMask
 .text.UpdateEEPROMLoadedState
                0x0000000008001548       0x40 build/ecatslv.o
                0x0000000008001548                UpdateEEPROMLoadedState
 .text.GetSyncMan
                0x0000000008001588       0x1c build/ecatslv.o
                0x0000000008001588                GetSyncMan
 .text.DisableSyncManChannel
                0x00000000080015a4       0x38 build/ecatslv.o
                0x00000000080015a4                DisableSyncManChannel
 .text.EnableSyncManChannel
                0x00000000080015dc       0x36 build/ecatslv.o
                0x00000000080015dc                EnableSyncManChannel
 *fill*         0x0000000008001612        0x2 
 .text.CheckSmSettings
                0x0000000008001614      0x2c0 build/ecatslv.o
                0x0000000008001614                CheckSmSettings
 .text.StartInputHandler
                0x00000000080018d4      0x598 build/ecatslv.o
                0x00000000080018d4                StartInputHandler
 .text.StartOutputHandler
                0x0000000008001e6c       0x3c build/ecatslv.o
                0x0000000008001e6c                StartOutputHandler
 .text.StopOutputHandler
                0x0000000008001ea8       0x14 build/ecatslv.o
                0x0000000008001ea8                StopOutputHandler
 .text.StopInputHandler
                0x0000000008001ebc       0xc8 build/ecatslv.o
                0x0000000008001ebc                StopInputHandler
 .text.BackToInitTransition
                0x0000000008001f84        0xc build/ecatslv.o
                0x0000000008001f84                BackToInitTransition
 .text.SetALStatus
                0x0000000008001f90       0x4c build/ecatslv.o
                0x0000000008001f90                SetALStatus
 .text.AL_ControlInd
                0x0000000008001fdc      0x540 build/ecatslv.o
                0x0000000008001fdc                AL_ControlInd
 .text.AL_ControlRes
                0x000000000800251c      0x224 build/ecatslv.o
                0x000000000800251c                AL_ControlRes
 .text.DC_CheckWatchdog
                0x0000000008002740       0xe0 build/ecatslv.o
                0x0000000008002740                DC_CheckWatchdog
 .text.CheckIfEcatError
                0x0000000008002820       0x98 build/ecatslv.o
                0x0000000008002820                CheckIfEcatError
 .text.ECAT_Init
                0x00000000080028b8      0x114 build/ecatslv.o
                0x00000000080028b8                ECAT_Init
 .text.ECAT_Main
                0x00000000080029cc      0x150 build/ecatslv.o
                0x00000000080029cc                ECAT_Main
 .text.PutInMbxQueue
                0x0000000008002b1c       0x2a build/mailbox.o
                0x0000000008002b1c                PutInMbxQueue
 .text.GetOutOfMbxQueue
                0x0000000008002b46       0x28 build/mailbox.o
                0x0000000008002b46                GetOutOfMbxQueue
 *fill*         0x0000000008002b6e        0x2 
 .text.MBX_Init
                0x0000000008002b70       0xd4 build/mailbox.o
                0x0000000008002b70                MBX_Init
 .text.MBX_StartMailboxHandler
                0x0000000008002c44       0x98 build/mailbox.o
                0x0000000008002c44                MBX_StartMailboxHandler
 .text.MBX_StopMailboxHandler
                0x0000000008002cdc       0xf4 build/mailbox.o
                0x0000000008002cdc                MBX_StopMailboxHandler
 .text.MailboxServiceInd
                0x0000000008002dd0       0x16 build/mailbox.o
                0x0000000008002dd0                MailboxServiceInd
 *fill*         0x0000000008002de6        0x2 
 .text.MBX_CopyToSendMailbox
                0x0000000008002de8       0xe8 build/mailbox.o
                0x0000000008002de8                MBX_CopyToSendMailbox
 .text.MBX_MailboxReadInd
                0x0000000008002ed0       0x94 build/mailbox.o
                0x0000000008002ed0                MBX_MailboxReadInd
 .text.MBX_MailboxRepeatReq
                0x0000000008002f64       0x60 build/mailbox.o
                0x0000000008002f64                MBX_MailboxRepeatReq
 .text.MBX_MailboxSendReq
                0x0000000008002fc4       0x88 build/mailbox.o
                0x0000000008002fc4                MBX_MailboxSendReq
 .text.MBX_MailboxWriteInd
                0x000000000800304c       0x70 build/mailbox.o
                0x000000000800304c                MBX_MailboxWriteInd
 .text.MBX_CheckAndCopyMailbox
                0x00000000080030bc      0x108 build/mailbox.o
                0x00000000080030bc                MBX_CheckAndCopyMailbox
 .text.MBX_Main
                0x00000000080031c4       0x4c build/mailbox.o
                0x00000000080031c4                MBX_Main
 .text.OBJ_GetObjectHandle
                0x0000000008003210       0x16 build/objdef.o
                0x0000000008003210                OBJ_GetObjectHandle
 .text.OBJ_GetObjectLength
                0x0000000008003226       0x8e build/objdef.o
                0x0000000008003226                OBJ_GetObjectLength
 .text.OBJ_CopyNumberToString
                0x00000000080032b4       0x48 build/objdef.o
                0x00000000080032b4                OBJ_CopyNumberToString
 .text.OBJ_GetDesc
                0x00000000080032fc       0xd0 build/objdef.o
                0x00000000080032fc                OBJ_GetDesc
 .text.OBJ_GetEntryDesc
                0x00000000080033cc       0x22 build/objdef.o
                0x00000000080033cc                OBJ_GetEntryDesc
 .text.OBJ_GetNoOfObjects
                0x00000000080033ee       0x6a build/objdef.o
                0x00000000080033ee                OBJ_GetNoOfObjects
 .text.OBJ_GetObjectList
                0x0000000008003458       0xbc build/objdef.o
                0x0000000008003458                OBJ_GetObjectList
 .text.OBJ_GetObjDesc
                0x0000000008003514        0x4 build/objdef.o
                0x0000000008003514                OBJ_GetObjDesc
 .text.OBJ_GetEntryOffset
                0x0000000008003518      0x180 build/objdef.o
                0x0000000008003518                OBJ_GetEntryOffset
 .text.CheckSyncTypeValue
                0x0000000008003698      0x12c build/objdef.o
                0x0000000008003698                CheckSyncTypeValue
 .text.OBJ_Read
                0x00000000080037c4      0x464 build/objdef.o
                0x00000000080037c4                OBJ_Read
 .text.OBJ_Write
                0x0000000008003c28      0x548 build/objdef.o
                0x0000000008003c28                OBJ_Write
 .text.SdoUploadSegmentInd
                0x0000000008004170      0x13c build/sdoserv.o
 .text.SdoDownloadSegmentInd
                0x00000000080042ac      0x260 build/sdoserv.o
 .text.SdoRes   0x000000000800450c       0xd8 build/sdoserv.o
                0x000000000800450c                SdoRes
 .text.SDOS_SdoInd
                0x00000000080045e4      0x458 build/sdoserv.o
                0x00000000080045e4                SDOS_SdoInd
 .text.SDOS_SdoRes
                0x0000000008004a3c       0xd4 build/sdoserv.o
                0x0000000008004a3c                SDOS_SdoRes
 .text.SDOS_SdoInfoInd
                0x0000000008004b10      0x2d8 build/sdoserv.o
                0x0000000008004b10                SDOS_SdoInfoInd
 .text.COE_GetObjectDictionary
                0x0000000008004de8        0xc build/coeappl.o
                0x0000000008004de8                COE_GetObjectDictionary
 .text.COE_AddObjectToDic
                0x0000000008004df4       0x74 build/coeappl.o
                0x0000000008004df4                COE_AddObjectToDic
 .text.COE_RemoveDicEntry
                0x0000000008004e68       0x3c build/coeappl.o
                0x0000000008004e68                COE_RemoveDicEntry
 .text.COE_ClearObjDictionary
                0x0000000008004ea4       0x20 build/coeappl.o
                0x0000000008004ea4                COE_ClearObjDictionary
 .text.AddObjectsToObjDictionary
                0x0000000008004ec4       0x24 build/coeappl.o
                0x0000000008004ec4                AddObjectsToObjDictionary
 .text.COE_ObjDictionaryInit
                0x0000000008004ee8       0x28 build/coeappl.o
                0x0000000008004ee8                COE_ObjDictionaryInit
 .text.COE_ObjInit
                0x0000000008004f10       0xa8 build/coeappl.o
                0x0000000008004f10                COE_ObjInit
 .text.COE_Main
                0x0000000008004fb8       0xb0 build/coeappl.o
                0x0000000008004fb8                COE_Main
 .text.PDO_InputMapping
                0x0000000008005068       0x28 build/ecatappl.o
                0x0000000008005068                PDO_InputMapping
 .text.PDO_OutputMapping
                0x0000000008005090       0x28 build/ecatappl.o
                0x0000000008005090                PDO_OutputMapping
 .text.ECAT_CheckTimer
                0x00000000080050b8       0x3c build/ecatappl.o
                0x00000000080050b8                ECAT_CheckTimer
 .text.HandleBusCycleCalculation
                0x00000000080050f4       0x9c build/ecatappl.o
                0x00000000080050f4                HandleBusCycleCalculation
 .text.Sync1_Isr
                0x0000000008005190       0x40 build/ecatappl.o
                0x0000000008005190                Sync1_Isr
 .text.MainInit
                0x00000000080051d0       0x40 build/ecatappl.o
                0x00000000080051d0                MainInit
 .text.ECAT_Application
                0x0000000008005210        0x8 build/ecatappl.o
                0x0000000008005210                ECAT_Application
 .text.PDI_Isr  0x0000000008005218      0x118 build/ecatappl.o
                0x0000000008005218                PDI_Isr
 .text.Sync0_Isr
                0x0000000008005330      0x108 build/ecatappl.o
                0x0000000008005330                Sync0_Isr
 .text.MainLoop
                0x0000000008005438       0xa0 build/ecatappl.o
                0x0000000008005438                MainLoop
 .text.APPL_AckErrorInd
                0x00000000080054d8        0x2 build/el9800appl.o
                0x00000000080054d8                APPL_AckErrorInd
 .text.APPL_StartMailboxHandler
                0x00000000080054da        0x4 build/el9800appl.o
                0x00000000080054da                APPL_StartMailboxHandler
 .text.APPL_StopMailboxHandler
                0x00000000080054de        0x4 build/el9800appl.o
                0x00000000080054de                APPL_StopMailboxHandler
 .text.APPL_StartInputHandler
                0x00000000080054e2        0x4 build/el9800appl.o
                0x00000000080054e2                APPL_StartInputHandler
 .text.APPL_StopInputHandler
                0x00000000080054e6        0x4 build/el9800appl.o
                0x00000000080054e6                APPL_StopInputHandler
 .text.APPL_StartOutputHandler
                0x00000000080054ea        0x4 build/el9800appl.o
                0x00000000080054ea                APPL_StartOutputHandler
 *fill*         0x00000000080054ee        0x2 
 .text.APPL_StopOutputHandler
                0x00000000080054f0       0x8c build/el9800appl.o
                0x00000000080054f0                APPL_StopOutputHandler
 .text.APPL_GenerateMapping
                0x000000000800557c       0xec build/el9800appl.o
                0x000000000800557c                APPL_GenerateMapping
 .text.APPL_InputMapping
                0x0000000008005668      0x104 build/el9800appl.o
                0x0000000008005668                APPL_InputMapping
 .text.APPL_OutputMapping
                0x000000000800576c       0xf4 build/el9800appl.o
                0x000000000800576c                APPL_OutputMapping
 .text.APPL_Application
                0x0000000008005860      0x1f4 build/el9800appl.o
                0x0000000008005860                APPL_Application
 .text.ReadObject0x1802
                0x0000000008005a54       0x68 build/el9800appl.o
                0x0000000008005a54                ReadObject0x1802
 .text.main     0x0000000008005abc       0x28 build/el9800appl.o
                0x0000000008005abc                main
 .text.AddressingEsc
                0x0000000008005ae4       0x30 build/el9800hw.o
 .text.ISR_AddressingEsc
                0x0000000008005b14       0x30 build/el9800hw.o
 .text.GPIO_Config
                0x0000000008005b44       0x90 build/el9800hw.o
                0x0000000008005b44                GPIO_Config
 .text.HW_Release
                0x0000000008005bd4        0x2 build/el9800hw.o
                0x0000000008005bd4                HW_Release
 *fill*         0x0000000008005bd6        0x2 
 .text.HW_EscRead
                0x0000000008005bd8       0x3c build/el9800hw.o
                0x0000000008005bd8                HW_EscRead
 .text.HW_EscReadIsr
                0x0000000008005c14       0x3c build/el9800hw.o
                0x0000000008005c14                HW_EscReadIsr
 .text.GetInterruptRegister
                0x0000000008005c50       0x30 build/el9800hw.o
 .text.HW_GetALEventRegister
                0x0000000008005c80       0x10 build/el9800hw.o
                0x0000000008005c80                HW_GetALEventRegister
 .text.ISR_GetInterruptRegister
                0x0000000008005c90       0x34 build/el9800hw.o
 .text.HW_GetALEventRegister_Isr
                0x0000000008005cc4       0x10 build/el9800hw.o
                0x0000000008005cc4                HW_GetALEventRegister_Isr
 .text.HW_EscWrite
                0x0000000008005cd4       0x40 build/el9800hw.o
                0x0000000008005cd4                HW_EscWrite
 .text.HW_Init  0x0000000008005d14       0x84 build/el9800hw.o
                0x0000000008005d14                HW_Init
 .text.HW_EscWriteIsr
                0x0000000008005d98       0x3c build/el9800hw.o
                0x0000000008005d98                HW_EscWriteIsr
 .text.EXTI3_IRQHandler
                0x0000000008005dd4        0xe build/el9800hw.o
                0x0000000008005dd4                EXTI3_IRQHandler
 .text.EXTI1_IRQHandler
                0x0000000008005de2        0xe build/el9800hw.o
                0x0000000008005de2                EXTI1_IRQHandler
 .text.EXTI0_IRQHandler
                0x0000000008005df0        0xe build/el9800hw.o
                0x0000000008005df0                EXTI0_IRQHandler
 *fill*         0x0000000008005dfe        0x2 
 .text.TIM2_IRQHandler
                0x0000000008005e00       0x24 build/el9800hw.o
                0x0000000008005e00                TIM2_IRQHandler
 .text.Reset_Handler
                0x0000000008005e24       0x50 build/startup_stm32f405xx.o
                0x0000000008005e24                Reset_Handler
 .text.Default_Handler
                0x0000000008005e74        0x2 build/startup_stm32f405xx.o
                0x0000000008005e74                RTC_Alarm_IRQHandler
                0x0000000008005e74                HASH_RNG_IRQHandler
                0x0000000008005e74                EXTI2_IRQHandler
                0x0000000008005e74                TIM8_CC_IRQHandler
                0x0000000008005e74                TIM1_CC_IRQHandler
                0x0000000008005e74                DMA2_Stream5_IRQHandler
                0x0000000008005e74                DMA1_Stream5_IRQHandler
                0x0000000008005e74                PVD_IRQHandler
                0x0000000008005e74                SDIO_IRQHandler
                0x0000000008005e74                TAMP_STAMP_IRQHandler
                0x0000000008005e74                CAN2_RX1_IRQHandler
                0x0000000008005e74                TIM8_TRG_COM_TIM14_IRQHandler
                0x0000000008005e74                TIM1_UP_TIM10_IRQHandler
                0x0000000008005e74                TIM8_UP_TIM13_IRQHandler
                0x0000000008005e74                I2C3_ER_IRQHandler
                0x0000000008005e74                I2C2_EV_IRQHandler
                0x0000000008005e74                DMA1_Stream2_IRQHandler
                0x0000000008005e74                FPU_IRQHandler
                0x0000000008005e74                OTG_HS_WKUP_IRQHandler
                0x0000000008005e74                CAN2_SCE_IRQHandler
                0x0000000008005e74                DMA2_Stream2_IRQHandler
                0x0000000008005e74                SPI1_IRQHandler
                0x0000000008005e74                TIM6_DAC_IRQHandler
                0x0000000008005e74                TIM1_BRK_TIM9_IRQHandler
                0x0000000008005e74                DMA2_Stream3_IRQHandler
                0x0000000008005e74                USART6_IRQHandler
                0x0000000008005e74                USART3_IRQHandler
                0x0000000008005e74                CAN1_RX1_IRQHandler
                0x0000000008005e74                UART5_IRQHandler
                0x0000000008005e74                DMA2_Stream0_IRQHandler
                0x0000000008005e74                TIM4_IRQHandler
                0x0000000008005e74                I2C1_EV_IRQHandler
                0x0000000008005e74                DMA1_Stream6_IRQHandler
                0x0000000008005e74                DMA1_Stream1_IRQHandler
                0x0000000008005e74                UART4_IRQHandler
                0x0000000008005e74                TIM3_IRQHandler
                0x0000000008005e74                RCC_IRQHandler
                0x0000000008005e74                TIM8_BRK_TIM12_IRQHandler
                0x0000000008005e74                Default_Handler
                0x0000000008005e74                EXTI15_10_IRQHandler
                0x0000000008005e74                ADC_IRQHandler
                0x0000000008005e74                DMA1_Stream7_IRQHandler
                0x0000000008005e74                TIM7_IRQHandler
                0x0000000008005e74                CAN2_TX_IRQHandler
                0x0000000008005e74                TIM5_IRQHandler
                0x0000000008005e74                DMA2_Stream7_IRQHandler
                0x0000000008005e74                I2C3_EV_IRQHandler
                0x0000000008005e74                EXTI9_5_IRQHandler
                0x0000000008005e74                RTC_WKUP_IRQHandler
                0x0000000008005e74                SPI2_IRQHandler
                0x0000000008005e74                OTG_HS_EP1_IN_IRQHandler
                0x0000000008005e74                DMA1_Stream0_IRQHandler
                0x0000000008005e74                CAN1_TX_IRQHandler
                0x0000000008005e74                EXTI4_IRQHandler
                0x0000000008005e74                FSMC_IRQHandler
                0x0000000008005e74                OTG_HS_EP1_OUT_IRQHandler
                0x0000000008005e74                WWDG_IRQHandler
                0x0000000008005e74                OTG_FS_WKUP_IRQHandler
                0x0000000008005e74                TIM1_TRG_COM_TIM11_IRQHandler
                0x0000000008005e74                OTG_HS_IRQHandler
                0x0000000008005e74                USART2_IRQHandler
                0x0000000008005e74                I2C2_ER_IRQHandler
                0x0000000008005e74                DMA2_Stream1_IRQHandler
                0x0000000008005e74                CAN1_SCE_IRQHandler
                0x0000000008005e74                FLASH_IRQHandler
                0x0000000008005e74                DMA2_Stream4_IRQHandler
                0x0000000008005e74                USART1_IRQHandler
                0x0000000008005e74                OTG_FS_IRQHandler
                0x0000000008005e74                SPI3_IRQHandler
                0x0000000008005e74                DMA1_Stream4_IRQHandler
                0x0000000008005e74                I2C1_ER_IRQHandler
                0x0000000008005e74                DMA2_Stream6_IRQHandler
                0x0000000008005e74                DMA1_Stream3_IRQHandler
 *fill*         0x0000000008005e76        0x2 
 .text.__libc_init_array
                0x0000000008005e78       0x48 /usr/share/gcc-arm-none-eabi-10.3-2021.10/bin/../lib/gcc/arm-none-eabi/10.3.1/../../../../arm-none-eabi/lib/thumb/v7e-m+fp/hard/libc_nano.a(lib_a-init.o)
                0x0000000008005e78                __libc_init_array
 .text.malloc   0x0000000008005ec0       0x10 /usr/share/gcc-arm-none-eabi-10.3-2021.10/bin/../lib/gcc/arm-none-eabi/10.3.1/../../../../arm-none-eabi/lib/thumb/v7e-m+fp/hard/libc_nano.a(lib_a-malloc.o)
                0x0000000008005ec0                malloc
 .text.free     0x0000000008005ed0       0x10 /usr/share/gcc-arm-none-eabi-10.3-2021.10/bin/../lib/gcc/arm-none-eabi/10.3.1/../../../../arm-none-eabi/lib/thumb/v7e-m+fp/hard/libc_nano.a(lib_a-malloc.o)
                0x0000000008005ed0                free
 .text.memcpy   0x0000000008005ee0       0x1c /usr/share/gcc-arm-none-eabi-10.3-2021.10/bin/../lib/gcc/arm-none-eabi/10.3.1/../../../../arm-none-eabi/lib/thumb/v7e-m+fp/hard/libc_nano.a(lib_a-memcpy-stub.o)
                0x0000000008005ee0                memcpy
 .text.memset   0x0000000008005efc       0x10 /usr/share/gcc-arm-none-eabi-10.3-2021.10/bin/../lib/gcc/arm-none-eabi/10.3.1/../../../../arm-none-eabi/lib/thumb/v7e-m+fp/hard/libc_nano.a(lib_a-memset.o)
                0x0000000008005efc                memset
 .text._free_r  0x0000000008005f0c       0x98 /usr/share/gcc-arm-none-eabi-10.3-2021.10/bin/../lib/gcc/arm-none-eabi/10.3.1/../../../../arm-none-eabi/lib/thumb/v7e-m+fp/hard/libc_nano.a(lib_a-nano-freer.o)
                0x0000000008005f0c                _free_r
 .text.sbrk_aligned
                0x0000000008005fa4       0x40 /usr/share/gcc-arm-none-eabi-10.3-2021.10/bin/../lib/gcc/arm-none-eabi/10.3.1/../../../../arm-none-eabi/lib/thumb/v7e-m+fp/hard/libc_nano.a(lib_a-nano-mallocr.o)
 .text._malloc_r
                0x0000000008005fe4       0xe8 /usr/share/gcc-arm-none-eabi-10.3-2021.10/bin/../lib/gcc/arm-none-eabi/10.3.1/../../../../arm-none-eabi/lib/thumb/v7e-m+fp/hard/libc_nano.a(lib_a-nano-mallocr.o)
                0x0000000008005fe4                _malloc_r
 .text._sbrk_r  0x00000000080060cc       0x20 /usr/share/gcc-arm-none-eabi-10.3-2021.10/bin/../lib/gcc/arm-none-eabi/10.3.1/../../../../arm-none-eabi/lib/thumb/v7e-m+fp/hard/libc_nano.a(lib_a-sbrkr.o)
                0x00000000080060cc                _sbrk_r
 .text.__malloc_lock
                0x00000000080060ec        0xc /usr/share/gcc-arm-none-eabi-10.3-2021.10/bin/../lib/gcc/arm-none-eabi/10.3.1/../../../../arm-none-eabi/lib/thumb/v7e-m+fp/hard/libc_nano.a(lib_a-mlock.o)
                0x00000000080060ec                __malloc_lock
 .text.__malloc_unlock
                0x00000000080060f8        0xc /usr/share/gcc-arm-none-eabi-10.3-2021.10/bin/../lib/gcc/arm-none-eabi/10.3.1/../../../../arm-none-eabi/lib/thumb/v7e-m+fp/hard/libc_nano.a(lib_a-mlock.o)
                0x00000000080060f8                __malloc_unlock
 .text.__retarget_lock_acquire_recursive
                0x0000000008006104        0x2 /usr/share/gcc-arm-none-eabi-10.3-2021.10/bin/../lib/gcc/arm-none-eabi/10.3.1/../../../../arm-none-eabi/lib/thumb/v7e-m+fp/hard/libc_nano.a(lib_a-lock.o)
                0x0000000008006104                __retarget_lock_acquire_recursive
 .text.__retarget_lock_release_recursive
                0x0000000008006106        0x2 /usr/share/gcc-arm-none-eabi-10.3-2021.10/bin/../lib/gcc/arm-none-eabi/10.3.1/../../../../arm-none-eabi/lib/thumb/v7e-m+fp/hard/libc_nano.a(lib_a-lock.o)
                0x0000000008006106                __retarget_lock_release_recursive
 .text._sbrk    0x0000000008006108       0x1c /usr/share/gcc-arm-none-eabi-10.3-2021.10/bin/../lib/gcc/arm-none-eabi/10.3.1/../../../../arm-none-eabi/lib/thumb/v7e-m+fp/hard/libnosys.a(sbrk.o)
                0x0000000008006108                _sbrk
 *(.glue_7)
 .glue_7        0x0000000008006124        0x0 linker stubs
 *(.glue_7t)
 .glue_7t       0x0000000008006124        0x0 linker stubs
 *(.eh_frame)
 .eh_frame      0x0000000008006124        0x0 /usr/share/gcc-arm-none-eabi-10.3-2021.10/bin/../lib/gcc/arm-none-eabi/10.3.1/thumb/v7e-m+fp/hard/crtbegin.o
 *(.init)
 .init          0x0000000008006124        0x4 /usr/share/gcc-arm-none-eabi-10.3-2021.10/bin/../lib/gcc/arm-none-eabi/10.3.1/thumb/v7e-m+fp/hard/crti.o
                0x0000000008006124                _init
 .init          0x0000000008006128        0x8 /usr/share/gcc-arm-none-eabi-10.3-2021.10/bin/../lib/gcc/arm-none-eabi/10.3.1/thumb/v7e-m+fp/hard/crtn.o
 *(.fini)
 .fini          0x0000000008006130        0x4 /usr/share/gcc-arm-none-eabi-10.3-2021.10/bin/../lib/gcc/arm-none-eabi/10.3.1/thumb/v7e-m+fp/hard/crti.o
                0x0000000008006130                _fini
 .fini          0x0000000008006134        0x8 /usr/share/gcc-arm-none-eabi-10.3-2021.10/bin/../lib/gcc/arm-none-eabi/10.3.1/thumb/v7e-m+fp/hard/crtn.o
                0x000000000800613c                . = ALIGN (0x4)
                0x000000000800613c                _etext = .

.vfp11_veneer   0x000000000800613c        0x0
 .vfp11_veneer  0x000000000800613c        0x0 linker stubs

.v4_bx          0x000000000800613c        0x0
 .v4_bx         0x000000000800613c        0x0 linker stubs

.iplt           0x000000000800613c        0x0
 .iplt          0x000000000800613c        0x0 /usr/share/gcc-arm-none-eabi-10.3-2021.10/bin/../lib/gcc/arm-none-eabi/10.3.1/thumb/v7e-m+fp/hard/crtbegin.o

.rodata         0x000000000800613c      0xe88
                0x000000000800613c                . = ALIGN (0x4)
 *(.rodata)
 *(.rodata*)
 .rodata.cBitMask
                0x000000000800613c       0x20 build/objdef.o
                0x000000000800613c                cBitMask
 .rodata.cAbortCode
                0x000000000800615c       0x78 build/sdoserv.o
                0x000000000800615c                cAbortCode
 .rodata.aName0x1000
                0x00000000080061d4        0xc build/coeappl.o
                0x00000000080061d4                aName0x1000
 .rodata.aName0x1001
                0x00000000080061e0        0xf build/coeappl.o
                0x00000000080061e0                aName0x1001
 *fill*         0x00000000080061ef        0x1 
 .rodata.aName0x1008
                0x00000000080061f0        0xc build/coeappl.o
                0x00000000080061f0                aName0x1008
 .rodata.aName0x1009
                0x00000000080061fc       0x11 build/coeappl.o
                0x00000000080061fc                aName0x1009
 *fill*         0x000000000800620d        0x3 
 .rodata.aName0x100A
                0x0000000008006210       0x11 build/coeappl.o
                0x0000000008006210                aName0x100A
 *fill*         0x0000000008006221        0x3 
 .rodata.aName0x1018
                0x0000000008006224       0x39 build/coeappl.o
                0x0000000008006224                aName0x1018
 *fill*         0x000000000800625d        0x3 
 .rodata.aName0x10F1
                0x0000000008006260       0x3f build/coeappl.o
                0x0000000008006260                aName0x10F1
 *fill*         0x000000000800629f        0x1 
 .rodata.aName0x1601
                0x00000000080062a0        0xf build/coeappl.o
                0x00000000080062a0                aName0x1601
 *fill*         0x00000000080062af        0x1 
 .rodata.aName0x1802
                0x00000000080062b0       0x3f build/coeappl.o
                0x00000000080062b0                aName0x1802
 *fill*         0x00000000080062ef        0x1 
 .rodata.aName0x1A00
                0x00000000080062f0        0xf build/coeappl.o
                0x00000000080062f0                aName0x1A00
 *fill*         0x00000000080062ff        0x1 
 .rodata.aName0x1A02
                0x0000000008006300        0xf build/coeappl.o
                0x0000000008006300                aName0x1A02
 *fill*         0x000000000800630f        0x1 
 .rodata.aName0x1C00
                0x0000000008006310       0x12 build/coeappl.o
                0x0000000008006310                aName0x1C00
 *fill*         0x0000000008006322        0x2 
 .rodata.aName0x1C12
                0x0000000008006324        0xd build/coeappl.o
                0x0000000008006324                aName0x1C12
 *fill*         0x0000000008006331        0x3 
 .rodata.aName0x1C13
                0x0000000008006334        0xd build/coeappl.o
                0x0000000008006334                aName0x1C13
 *fill*         0x0000000008006341        0x3 
 .rodata.aName0x1C32
                0x0000000008006344      0x100 build/coeappl.o
                0x0000000008006344                aName0x1C32
 .rodata.aName0x1C33
                0x0000000008006444       0xff build/coeappl.o
                0x0000000008006444                aName0x1C33
 *fill*         0x0000000008006543        0x1 
 .rodata.aName0x6000
                0x0000000008006544       0x55 build/coeappl.o
                0x0000000008006544                aName0x6000
 *fill*         0x0000000008006599        0x3 
 .rodata.aName0x6020
                0x000000000800659c      0x192 build/coeappl.o
                0x000000000800659c                aName0x6020
 *fill*         0x000000000800672e        0x2 
 .rodata.aName0x7010
                0x0000000008006730      0x116 build/coeappl.o
                0x0000000008006730                aName0x7010
 *fill*         0x0000000008006846        0x2 
 .rodata.aName0x8020
                0x0000000008006848       0x73 build/coeappl.o
                0x0000000008006848                aName0x8020
 *fill*         0x00000000080068bb        0x1 
 .rodata.aName0xF000
                0x00000000080068bc       0x49 build/coeappl.o
                0x00000000080068bc                aName0xF000
 *fill*         0x0000000008006905        0x3 
 .rodata.aName0xF010
                0x0000000008006908       0x14 build/coeappl.o
                0x0000000008006908                aName0xF010
 .rodata.asEntryDesc0x0800
                0x000000000800691c       0x12 build/coeappl.o
                0x000000000800691c                asEntryDesc0x0800
 *fill*         0x000000000800692e        0x2 
 .rodata.asEntryDesc0x1018
                0x0000000008006930       0x1e build/coeappl.o
                0x0000000008006930                asEntryDesc0x1018
 *fill*         0x000000000800694e        0x2 
 .rodata.asEntryDesc0x10F1
                0x0000000008006950       0x12 build/coeappl.o
                0x0000000008006950                asEntryDesc0x10F1
 *fill*         0x0000000008006962        0x2 
 .rodata.asEntryDesc0x1601
                0x0000000008006964       0xd8 build/coeappl.o
                0x0000000008006964                asEntryDesc0x1601
 .rodata.asEntryDesc0x1802
                0x0000000008006a3c       0x3c build/coeappl.o
                0x0000000008006a3c                asEntryDesc0x1802
 .rodata.asEntryDesc0x1A00
                0x0000000008006a78       0x3c build/coeappl.o
                0x0000000008006a78                asEntryDesc0x1A00
 .rodata.asEntryDesc0x1A02
                0x0000000008006ab4      0x108 build/coeappl.o
                0x0000000008006ab4                asEntryDesc0x1A02
 .rodata.asEntryDesc0x1C00
                0x0000000008006bbc        0xc build/coeappl.o
                0x0000000008006bbc                asEntryDesc0x1C00
 .rodata.asEntryDesc0x1C3x
                0x0000000008006bc8       0xc6 build/coeappl.o
                0x0000000008006bc8                asEntryDesc0x1C3x
 *fill*         0x0000000008006c8e        0x2 
 .rodata.asEntryDesc0x6000
                0x0000000008006c90       0x3c build/coeappl.o
                0x0000000008006c90                asEntryDesc0x6000
 .rodata.asEntryDesc0x6020
                0x0000000008006ccc      0x13e build/coeappl.o
                0x0000000008006ccc                asEntryDesc0x6020
 *fill*         0x0000000008006e0a        0x2 
 .rodata.asEntryDesc0x7010
                0x0000000008006e0c       0xd8 build/coeappl.o
                0x0000000008006e0c                asEntryDesc0x7010
 .rodata.asEntryDesc0x8020
                0x0000000008006ee4       0x7e build/coeappl.o
                0x0000000008006ee4                asEntryDesc0x8020
 *fill*         0x0000000008006f62        0x2 
 .rodata.asEntryDesc0xF000
                0x0000000008006f64       0x12 build/coeappl.o
                0x0000000008006f64                asEntryDesc0xF000
 *fill*         0x0000000008006f76        0x2 
 .rodata.asEntryDesc0xF010
                0x0000000008006f78       0x18 build/coeappl.o
                0x0000000008006f78                asEntryDesc0xF010
 .rodata.asPDOAssignEntryDesc
                0x0000000008006f90        0xc build/coeappl.o
                0x0000000008006f90                asPDOAssignEntryDesc
 .rodata.sEntryDesc0x1000
                0x0000000008006f9c        0x6 build/coeappl.o
                0x0000000008006f9c                sEntryDesc0x1000
 *fill*         0x0000000008006fa2        0x2 
 .rodata.sEntryDesc0x1001
                0x0000000008006fa4        0x6 build/coeappl.o
                0x0000000008006fa4                sEntryDesc0x1001
 *fill*         0x0000000008006faa        0x2 
 .rodata.sEntryDesc0x1008
                0x0000000008006fac        0x6 build/coeappl.o
                0x0000000008006fac                sEntryDesc0x1008
 *fill*         0x0000000008006fb2        0x2 
 .rodata.sEntryDesc0x1009
                0x0000000008006fb4        0x6 build/coeappl.o
                0x0000000008006fb4                sEntryDesc0x1009
 *fill*         0x0000000008006fba        0x2 
 .rodata.sEntryDesc0x100A
                0x0000000008006fbc        0x6 build/coeappl.o
                0x0000000008006fbc                sEntryDesc0x100A
                0x0000000008006fc4                . = ALIGN (0x4)
 *fill*         0x0000000008006fc2        0x2 

.rel.dyn        0x0000000008006fc4        0x0
 .rel.iplt      0x0000000008006fc4        0x0 /usr/share/gcc-arm-none-eabi-10.3-2021.10/bin/../lib/gcc/arm-none-eabi/10.3.1/thumb/v7e-m+fp/hard/crtbegin.o

.ARM.extab
 *(.ARM.extab* .gnu.linkonce.armextab.*)

.ARM            0x0000000008006fc4        0x0
                0x0000000008006fc4                __exidx_start = .
 *(.ARM.exidx*)
                0x0000000008006fc4                __exidx_end = .

.preinit_array  0x0000000008006fc4        0x0
                0x0000000008006fc4                PROVIDE (__preinit_array_start = .)
 *(.preinit_array*)
                0x0000000008006fc4                PROVIDE (__preinit_array_end = .)

.init_array     0x0000000008006fc4        0x4
                0x0000000008006fc4                PROVIDE (__init_array_start = .)
 *(SORT_BY_NAME(.init_array.*))
 *(.init_array*)
 .init_array    0x0000000008006fc4        0x4 /usr/share/gcc-arm-none-eabi-10.3-2021.10/bin/../lib/gcc/arm-none-eabi/10.3.1/thumb/v7e-m+fp/hard/crtbegin.o
                0x0000000008006fc8                PROVIDE (__init_array_end = .)

.fini_array     0x0000000008006fc8        0x4
                [!provide]                        PROVIDE (__fini_array_start = .)
 *(SORT_BY_NAME(.fini_array.*))
 *(.fini_array*)
 .fini_array    0x0000000008006fc8        0x4 /usr/share/gcc-arm-none-eabi-10.3-2021.10/bin/../lib/gcc/arm-none-eabi/10.3.1/thumb/v7e-m+fp/hard/crtbegin.o
                [!provide]                        PROVIDE (__fini_array_end = .)
                0x0000000008006fcc                _sidata = LOADADDR (.data)

.data           0x0000000020000000      0x6e4 load address 0x0000000008006fcc
                0x0000000020000000                . = ALIGN (0x4)
                0x0000000020000000                _sdata = .
 *(.data)
 *(.data*)
 .data.aSubindexDesc
                0x0000000020000000        0xd build/objdef.o
                0x0000000020000000                aSubindexDesc
 *fill*         0x000000002000000d        0x3 
 .data.sErrorSettings
                0x0000000020000010        0xc build/objdef.o
                0x0000000020000010                sErrorSettings
 .data.ApplicationObjDic
                0x000000002000001c      0x230 build/coeappl.o
                0x000000002000001c                ApplicationObjDic
 .data.GenObjDic
                0x000000002000024c      0x1b8 build/coeappl.o
                0x000000002000024c                GenObjDic
 .data.acDevicename
                0x0000000020000404        0xb build/coeappl.o
                0x0000000020000404                acDevicename
 *fill*         0x000000002000040f        0x1 
 .data.acHardwareversion
                0x0000000020000410        0x5 build/coeappl.o
                0x0000000020000410                acHardwareversion
 *fill*         0x0000000020000415        0x3 
 .data.acSoftwareversion
                0x0000000020000418        0x5 build/coeappl.o
                0x0000000020000418                acSoftwareversion
 *fill*         0x000000002000041d        0x3 
 .data.apEnum0800
                0x0000000020000420        0x8 build/coeappl.o
                0x0000000020000420                apEnum0800
 .data.sEnum0800_Value00
                0x0000000020000428       0x18 build/coeappl.o
                0x0000000020000428                sEnum0800_Value00
 .data.sEnum0800_Value01
                0x0000000020000440       0x1a build/coeappl.o
                0x0000000020000440                sEnum0800_Value01
 *fill*         0x000000002000045a        0x2 
 .data.sIdentity
                0x000000002000045c       0x14 build/coeappl.o
                0x000000002000045c                sIdentity
 .data.sSyncmanagertype
                0x0000000020000470        0x6 build/coeappl.o
                0x0000000020000470                sSyncmanagertype
 *fill*         0x0000000020000476        0x2 
 .data.u32Devicetype
                0x0000000020000478        0x4 build/coeappl.o
                0x0000000020000478                u32Devicetype
 .data.TxPDO1802Subindex0
                0x000000002000047c        0x2 build/el9800appl.o
                0x000000002000047c                TxPDO1802Subindex0
 *fill*         0x000000002000047e        0x2 
 .data.sAIInputs
                0x0000000020000480       0x3c build/el9800appl.o
                0x0000000020000480                sAIInputs
 .data.sAISettings
                0x00000000200004bc       0x10 build/el9800appl.o
                0x00000000200004bc                sAISettings
 .data.sAITxPDOMap
                0x00000000200004cc       0xb0 build/el9800appl.o
                0x00000000200004cc                sAITxPDOMap
 .data.sDIInputs
                0x000000002000057c        0x4 build/el9800appl.o
                0x000000002000057c                sDIInputs
 .data.sDITxPDOMap
                0x0000000020000580       0x28 build/el9800appl.o
                0x0000000020000580                sDITxPDOMap
 .data.sDOOutputs
                0x00000000200005a8       0x22 build/el9800appl.o
                0x00000000200005a8                sDOOutputs
 *fill*         0x00000000200005ca        0x2 
 .data.sDORxPDOMap
                0x00000000200005cc       0x90 build/el9800appl.o
                0x00000000200005cc                sDORxPDOMap
 .data.sModulardeviceprofile
                0x000000002000065c        0x6 build/el9800appl.o
                0x000000002000065c                sModulardeviceprofile
 *fill*         0x0000000020000662        0x2 
 .data.sModulelist
                0x0000000020000664       0x10 build/el9800appl.o
                0x0000000020000664                sModulelist
 .data.sRxPDOassign
                0x0000000020000674        0x4 build/el9800appl.o
                0x0000000020000674                sRxPDOassign
 .data.sTxPDOassign
                0x0000000020000678        0x6 build/el9800appl.o
                0x0000000020000678                sTxPDOassign
 *fill*         0x000000002000067e        0x2 
 .data._impure_ptr
                0x0000000020000680        0x4 /usr/share/gcc-arm-none-eabi-10.3-2021.10/bin/../lib/gcc/arm-none-eabi/10.3.1/../../../../arm-none-eabi/lib/thumb/v7e-m+fp/hard/libc_nano.a(lib_a-impure.o)
                0x0000000020000680                _impure_ptr
 .data.impure_data
                0x0000000020000684       0x60 /usr/share/gcc-arm-none-eabi-10.3-2021.10/bin/../lib/gcc/arm-none-eabi/10.3.1/../../../../arm-none-eabi/lib/thumb/v7e-m+fp/hard/libc_nano.a(lib_a-impure.o)
                0x00000000200006e4                . = ALIGN (0x4)
                0x00000000200006e4                _edata = .
                0x00000000080076b0                _siccmram = LOADADDR (.ccmram)

.igot.plt       0x00000000200006e4        0x0 load address 0x00000000080076b0
 .igot.plt      0x00000000200006e4        0x0 /usr/share/gcc-arm-none-eabi-10.3-2021.10/bin/../lib/gcc/arm-none-eabi/10.3.1/thumb/v7e-m+fp/hard/crtbegin.o

.ccmram         0x0000000010000000        0x0 load address 0x00000000080076b0
                0x0000000010000000                . = ALIGN (0x4)
                0x0000000010000000                _sccmram = .
 *(.ccmram)
 *(.ccmram*)
                0x0000000010000000                . = ALIGN (0x4)
                0x0000000010000000                _eccmram = .
                0x0000000010000000                . = ALIGN (0x4)

.bss            0x00000000200006e4      0x4cc
                0x00000000200006e4                _sbss = .
                0x00000000200006e4                __bss_start__ = _sbss
 *(.bss)
 .bss           0x00000000200006e4       0x1c /usr/share/gcc-arm-none-eabi-10.3-2021.10/bin/../lib/gcc/arm-none-eabi/10.3.1/thumb/v7e-m+fp/hard/crtbegin.o
 *(.bss*)
 .bss.Can1_RxMessage
                0x0000000020000700       0x14 build/bsp_can.o
                0x0000000020000700                Can1_RxMessage
 .bss.Can1_TxMessage
                0x0000000020000714       0x14 build/bsp_can.o
                0x0000000020000714                Can1_TxMessage
 .bss.Can2_RxMessage
                0x0000000020000728       0x14 build/bsp_can.o
                0x0000000020000728                Can2_RxMessage
 .bss.Can2_TxMessage
                0x000000002000073c       0x14 build/bsp_can.o
                0x000000002000073c                Can2_TxMessage
 .bss.pCoeSendStored
                0x0000000020000750        0x4 build/ecatcoe.o
                0x0000000020000750                pCoeSendStored
 .bss.EcatWdValue
                0x0000000020000754        0x2 build/ecatslv.o
                0x0000000020000754                EcatWdValue
 .bss.EepromLoaded
                0x0000000020000756        0x1 build/ecatslv.o
                0x0000000020000756                EepromLoaded
 *fill*         0x0000000020000757        0x1 
 .bss.EsmTimeoutCounter
                0x0000000020000758        0x2 build/ecatslv.o
                0x0000000020000758                EsmTimeoutCounter
 .bss.LatchInputSync0Counter
                0x000000002000075a        0x2 build/ecatslv.o
                0x000000002000075a                LatchInputSync0Counter
 .bss.LatchInputSync0Value
                0x000000002000075c        0x2 build/ecatslv.o
                0x000000002000075c                LatchInputSync0Value
 .bss.SMActivate
                0x000000002000075e        0x2 build/ecatslv.o
                0x000000002000075e                SMActivate
 .bss.Sync0WdCounter
                0x0000000020000760        0x2 build/ecatslv.o
                0x0000000020000760                Sync0WdCounter
 .bss.Sync0WdValue
                0x0000000020000762        0x2 build/ecatslv.o
                0x0000000020000762                Sync0WdValue
 .bss.Sync1WdCounter
                0x0000000020000764        0x2 build/ecatslv.o
                0x0000000020000764                Sync1WdCounter
 .bss.Sync1WdValue
                0x0000000020000766        0x2 build/ecatslv.o
                0x0000000020000766                Sync1WdValue
 .bss.SyncManInfo
                0x0000000020000768        0x8 build/ecatslv.o
                0x0000000020000768                SyncManInfo
 .bss.b3BufferMode
                0x0000000020000770        0x1 build/ecatslv.o
                0x0000000020000770                b3BufferMode
 .bss.bApplEsmPending
                0x0000000020000771        0x1 build/ecatslv.o
                0x0000000020000771                bApplEsmPending
 .bss.bDcRunning
                0x0000000020000772        0x1 build/ecatslv.o
                0x0000000020000772                bDcRunning
 .bss.bDcSyncActive
                0x0000000020000773        0x1 build/ecatslv.o
                0x0000000020000773                bDcSyncActive
 .bss.bEcatFirstOutputsReceived
                0x0000000020000774        0x1 build/ecatslv.o
                0x0000000020000774                bEcatFirstOutputsReceived
 .bss.bEcatInputUpdateRunning
                0x0000000020000775        0x1 build/ecatslv.o
                0x0000000020000775                bEcatInputUpdateRunning
 .bss.bEcatOutputUpdateRunning
                0x0000000020000776        0x1 build/ecatslv.o
                0x0000000020000776                bEcatOutputUpdateRunning
 .bss.bEcatWaitForAlControlRes
                0x0000000020000777        0x1 build/ecatslv.o
                0x0000000020000777                bEcatWaitForAlControlRes
 .bss.bEscIntEnabled
                0x0000000020000778        0x1 build/ecatslv.o
                0x0000000020000778                bEscIntEnabled
 .bss.bLocalErrorFlag
                0x0000000020000779        0x1 build/ecatslv.o
                0x0000000020000779                bLocalErrorFlag
 .bss.bSmSyncSequenceValid
                0x000000002000077a        0x1 build/ecatslv.o
                0x000000002000077a                bSmSyncSequenceValid
 .bss.bWdTrigger
                0x000000002000077b        0x1 build/ecatslv.o
                0x000000002000077b                bWdTrigger
 .bss.i16WaitForPllRunningCnt
                0x000000002000077c        0x2 build/ecatslv.o
                0x000000002000077c                i16WaitForPllRunningCnt
 .bss.i16WaitForPllRunningTimeout
                0x000000002000077e        0x2 build/ecatslv.o
                0x000000002000077e                i16WaitForPllRunningTimeout
 .bss.nAlStatus
                0x0000000020000780        0x1 build/ecatslv.o
                0x0000000020000780                nAlStatus
 *fill*         0x0000000020000781        0x1 
 .bss.nEcatStateTrans
                0x0000000020000782        0x2 build/ecatslv.o
                0x0000000020000782                nEcatStateTrans
 .bss.nEscAddrInputData
                0x0000000020000784        0x2 build/ecatslv.o
                0x0000000020000784                nEscAddrInputData
 .bss.nEscAddrOutputData
                0x0000000020000786        0x2 build/ecatslv.o
                0x0000000020000786                nEscAddrOutputData
 .bss.nMaxEscAddress
                0x0000000020000788        0x2 build/ecatslv.o
                0x0000000020000788                nMaxEscAddress
 .bss.nMaxSyncMan
                0x000000002000078a        0x1 build/ecatslv.o
                0x000000002000078a                nMaxSyncMan
 *fill*         0x000000002000078b        0x1 
 .bss.nPdInputSize
                0x000000002000078c        0x2 build/ecatslv.o
                0x000000002000078c                nPdInputSize
 .bss.nPdOutputSize
                0x000000002000078e        0x2 build/ecatslv.o
                0x000000002000078e                nPdOutputSize
 .bss.u16ALEventMask
                0x0000000020000790        0x2 build/ecatslv.o
                0x0000000020000790                u16ALEventMask
 .bss.u16LocalErrorCode
                0x0000000020000792        0x2 build/ecatslv.o
                0x0000000020000792                u16LocalErrorCode
 .bss.u16SmSync0Counter
                0x0000000020000794        0x2 build/ecatslv.o
                0x0000000020000794                u16SmSync0Counter
 .bss.u16SmSync0Value
                0x0000000020000796        0x2 build/ecatslv.o
                0x0000000020000796                u16SmSync0Value
 .bss.u16dummy  0x0000000020000798        0x2 build/ecatslv.o
                0x0000000020000798                u16dummy
 *fill*         0x000000002000079a        0x2 
 .bss.asMbx     0x000000002000079c      0x200 build/mailbox.o
                0x000000002000079c                asMbx
 .bss.bMbxRepeatToggle
                0x000000002000099c        0x1 build/mailbox.o
                0x000000002000099c                bMbxRepeatToggle
 .bss.bMbxRunning
                0x000000002000099d        0x1 build/mailbox.o
                0x000000002000099d                bMbxRunning
 .bss.bNoMbxMemoryAvailable
                0x000000002000099e        0x1 build/mailbox.o
                0x000000002000099e                bNoMbxMemoryAvailable
 .bss.bReceiveMbxIsLocked
                0x000000002000099f        0x1 build/mailbox.o
                0x000000002000099f                bReceiveMbxIsLocked
 .bss.bSendMbxIsFull
                0x00000000200009a0        0x1 build/mailbox.o
                0x00000000200009a0                bSendMbxIsFull
 *fill*         0x00000000200009a1        0x3 
 .bss.psReadMbx
                0x00000000200009a4        0x4 build/mailbox.o
                0x00000000200009a4                psReadMbx
 .bss.psRepeatMbx
                0x00000000200009a8        0x4 build/mailbox.o
                0x00000000200009a8                psRepeatMbx
 .bss.psStoreMbx
                0x00000000200009ac        0x4 build/mailbox.o
                0x00000000200009ac                psStoreMbx
 .bss.psWriteMbx
                0x00000000200009b0        0x4 build/mailbox.o
                0x00000000200009b0                psWriteMbx
 .bss.sMbxReceiveQueue
                0x00000000200009b4       0x34 build/mailbox.o
                0x00000000200009b4                sMbxReceiveQueue
 .bss.sMbxSendQueue
                0x00000000200009e8       0x34 build/mailbox.o
                0x00000000200009e8                sMbxSendQueue
 .bss.u16EscAddrReceiveMbx
                0x0000000020000a1c        0x2 build/mailbox.o
                0x0000000020000a1c                u16EscAddrReceiveMbx
 .bss.u16EscAddrSendMbx
                0x0000000020000a1e        0x2 build/mailbox.o
                0x0000000020000a1e                u16EscAddrSendMbx
 .bss.u16ReceiveMbxSize
                0x0000000020000a20        0x2 build/mailbox.o
                0x0000000020000a20                u16ReceiveMbxSize
 .bss.u16SendMbxSize
                0x0000000020000a22        0x2 build/mailbox.o
                0x0000000020000a22                u16SendMbxSize
 .bss.u8MailboxSendReqStored
                0x0000000020000a24        0x1 build/mailbox.o
                0x0000000020000a24                u8MailboxSendReqStored
 .bss.u8MbxReadCounter
                0x0000000020000a25        0x1 build/mailbox.o
                0x0000000020000a25                u8MbxReadCounter
 .bss.u8MbxWriteCounter
                0x0000000020000a26        0x1 build/mailbox.o
                0x0000000020000a26                u8MbxWriteCounter
 .bss.bSyncSetByUser
                0x0000000020000a27        0x1 build/objdef.o
                0x0000000020000a27                bSyncSetByUser
 .bss.sCycleDiag
                0x0000000020000a28        0x2 build/objdef.o
                0x0000000020000a28                sCycleDiag
 *fill*         0x0000000020000a2a        0x2 
 .bss.sSyncManInPar
                0x0000000020000a2c       0x44 build/objdef.o
                0x0000000020000a2c                sSyncManInPar
 .bss.sSyncManOutPar
                0x0000000020000a70       0x44 build/objdef.o
                0x0000000020000a70                sSyncManOutPar
 .bss.aSdoInfoHeader
                0x0000000020000ab4        0xe build/sdoserv.o
                0x0000000020000ab4                aSdoInfoHeader
 .bss.bSdoInWork
                0x0000000020000ac2        0x1 build/sdoserv.o
                0x0000000020000ac2                bSdoInWork
 .bss.bSdoSegAccess
                0x0000000020000ac3        0x1 build/sdoserv.o
                0x0000000020000ac3                bSdoSegAccess
 .bss.bSdoSegFollows
                0x0000000020000ac4        0x1 build/sdoserv.o
                0x0000000020000ac4                bSdoSegFollows
 .bss.bSdoSegLastToggle
                0x0000000020000ac5        0x1 build/sdoserv.o
                0x0000000020000ac5                bSdoSegLastToggle
 .bss.bStoreCompleteAccess
                0x0000000020000ac6        0x1 build/sdoserv.o
                0x0000000020000ac6                bStoreCompleteAccess
 *fill*         0x0000000020000ac7        0x1 
 .bss.nSdoInfoFragmentsLeft
                0x0000000020000ac8        0x2 build/sdoserv.o
                0x0000000020000ac8                nSdoInfoFragmentsLeft
 .bss.nSdoInfoIndex
                0x0000000020000aca        0x2 build/sdoserv.o
                0x0000000020000aca                nSdoInfoIndex
 .bss.nSdoSegBytesToHandle
                0x0000000020000acc        0x4 build/sdoserv.o
                0x0000000020000acc                nSdoSegBytesToHandle
 .bss.nSdoSegCompleteSize
                0x0000000020000ad0        0x4 build/sdoserv.o
                0x0000000020000ad0                nSdoSegCompleteSize
 .bss.nSdoSegIndex
                0x0000000020000ad4        0x2 build/sdoserv.o
                0x0000000020000ad4                nSdoSegIndex
 .bss.nSdoSegService
                0x0000000020000ad6        0x1 build/sdoserv.o
                0x0000000020000ad6                nSdoSegService
 .bss.nSdoSegSubindex
                0x0000000020000ad7        0x1 build/sdoserv.o
                0x0000000020000ad7                nSdoSegSubindex
 .bss.pSdoInfoObjEntry
                0x0000000020000ad8        0x4 build/sdoserv.o
                0x0000000020000ad8                pSdoInfoObjEntry
 .bss.pSdoPendFunc
                0x0000000020000adc        0x4 build/sdoserv.o
                0x0000000020000adc                pSdoPendFunc
 .bss.pSdoResStored
                0x0000000020000ae0        0x4 build/sdoserv.o
                0x0000000020000ae0                pSdoResStored
 .bss.pSdoSegData
                0x0000000020000ae4        0x4 build/sdoserv.o
                0x0000000020000ae4                pSdoSegData
 .bss.pSdoSegObjEntry
                0x0000000020000ae8        0x4 build/sdoserv.o
                0x0000000020000ae8                pSdoSegObjEntry
 .bss.pStoreData
                0x0000000020000aec        0x4 build/sdoserv.o
                0x0000000020000aec                pStoreData
 .bss.u16StoreIndex
                0x0000000020000af0        0x2 build/sdoserv.o
                0x0000000020000af0                u16StoreIndex
 *fill*         0x0000000020000af2        0x2 
 .bss.u32StoreDataSize
                0x0000000020000af4        0x4 build/sdoserv.o
                0x0000000020000af4                u32StoreDataSize
 .bss.u8PendingSdo
                0x0000000020000af8        0x1 build/sdoserv.o
                0x0000000020000af8                u8PendingSdo
 .bss.u8StoreSubindex
                0x0000000020000af9        0x1 build/sdoserv.o
                0x0000000020000af9                u8StoreSubindex
 *fill*         0x0000000020000afa        0x2 
 .bss.ObjDicList
                0x0000000020000afc        0x4 build/coeappl.o
                0x0000000020000afc                ObjDicList
 .bss.u16ErrorRegister
                0x0000000020000b00        0x2 build/coeappl.o
                0x0000000020000b00                u16ErrorRegister
 *fill*         0x0000000020000b02        0x2 
 .bss.StartTimerCnt
                0x0000000020000b04        0x4 build/ecatappl.o
                0x0000000020000b04                StartTimerCnt
 .bss.aPdInputData
                0x0000000020000b08       0x44 build/ecatappl.o
                0x0000000020000b08                aPdInputData
 .bss.aPdOutputData
                0x0000000020000b4c       0x44 build/ecatappl.o
                0x0000000020000b4c                aPdOutputData
 .bss.bCycleTimeMeasurementStarted
                0x0000000020000b90        0x1 build/ecatappl.o
                0x0000000020000b90                bCycleTimeMeasurementStarted
 .bss.bInitFinished
                0x0000000020000b91        0x1 build/ecatappl.o
                0x0000000020000b91                bInitFinished
 .bss.bRunApplication
                0x0000000020000b92        0x1 build/ecatappl.o
                0x0000000020000b92                bRunApplication
 *fill*         0x0000000020000b93        0x1 
 .bss.u16BusCycleCntMs
                0x0000000020000b94        0x2 build/ecatappl.o
                0x0000000020000b94                u16BusCycleCntMs
 *fill*         0x0000000020000b96        0x2 
 .bss.EscALEvent
                0x0000000020000b98        0x2 build/el9800hw.o
                0x0000000020000b98                EscALEvent
 *fill*         0x0000000020000b9a        0x2 
 .bss.__malloc_free_list
                0x0000000020000b9c        0x4 /usr/share/gcc-arm-none-eabi-10.3-2021.10/bin/../lib/gcc/arm-none-eabi/10.3.1/../../../../arm-none-eabi/lib/thumb/v7e-m+fp/hard/libc_nano.a(lib_a-nano-mallocr.o)
                0x0000000020000b9c                __malloc_free_list
 .bss.__malloc_sbrk_start
                0x0000000020000ba0        0x4 /usr/share/gcc-arm-none-eabi-10.3-2021.10/bin/../lib/gcc/arm-none-eabi/10.3.1/../../../../arm-none-eabi/lib/thumb/v7e-m+fp/hard/libc_nano.a(lib_a-nano-mallocr.o)
                0x0000000020000ba0                __malloc_sbrk_start
 .bss.errno     0x0000000020000ba4        0x4 /usr/share/gcc-arm-none-eabi-10.3-2021.10/bin/../lib/gcc/arm-none-eabi/10.3.1/../../../../arm-none-eabi/lib/thumb/v7e-m+fp/hard/libc_nano.a(lib_a-reent.o)
                0x0000000020000ba4                errno
 .bss.__lock___malloc_recursive_mutex
                0x0000000020000ba8        0x1 /usr/share/gcc-arm-none-eabi-10.3-2021.10/bin/../lib/gcc/arm-none-eabi/10.3.1/../../../../arm-none-eabi/lib/thumb/v7e-m+fp/hard/libc_nano.a(lib_a-lock.o)
                0x0000000020000ba8                __lock___malloc_recursive_mutex
 *fill*         0x0000000020000ba9        0x3 
 .bss.heap_end.0
                0x0000000020000bac        0x4 /usr/share/gcc-arm-none-eabi-10.3-2021.10/bin/../lib/gcc/arm-none-eabi/10.3.1/../../../../arm-none-eabi/lib/thumb/v7e-m+fp/hard/libnosys.a(sbrk.o)
 *(COMMON)
                0x0000000020000bb0                . = ALIGN (0x4)
                0x0000000020000bb0                _ebss = .
                0x0000000020000bb0                __bss_end__ = _ebss

._user_heap_stack
                0x0000000020000bb0      0x600
                0x0000000020000bb0                . = ALIGN (0x8)
                0x0000000020000bb0                PROVIDE (end = .)
                [!provide]                        PROVIDE (_end = .)
                0x0000000020000db0                . = (. + _Min_Heap_Size)
 *fill*         0x0000000020000bb0      0x200 
                0x00000000200011b0                . = (. + _Min_Stack_Size)
 *fill*         0x0000000020000db0      0x400 
                0x00000000200011b0                . = ALIGN (0x8)

/DISCARD/
 libc.a(*)
 libm.a(*)
 libgcc.a(*)

.ARM.attributes
                0x0000000000000000       0x30
 *(.ARM.attributes)
 .ARM.attributes
                0x0000000000000000       0x1e /usr/share/gcc-arm-none-eabi-10.3-2021.10/bin/../lib/gcc/arm-none-eabi/10.3.1/thumb/v7e-m+fp/hard/crti.o
 .ARM.attributes
                0x000000000000001e       0x34 /usr/share/gcc-arm-none-eabi-10.3-2021.10/bin/../lib/gcc/arm-none-eabi/10.3.1/thumb/v7e-m+fp/hard/crtbegin.o
 .ARM.attributes
                0x0000000000000052       0x34 build/stm32f4xx_it.o
 .ARM.attributes
                0x0000000000000086       0x34 build/misc.o
 .ARM.attributes
                0x00000000000000ba       0x34 build/stm32f4xx_can.o
 .ARM.attributes
                0x00000000000000ee       0x34 build/stm32f4xx_exti.o
 .ARM.attributes
                0x0000000000000122       0x34 build/stm32f4xx_gpio.o
 .ARM.attributes
                0x0000000000000156       0x34 build/stm32f4xx_rcc.o
 .ARM.attributes
                0x000000000000018a       0x34 build/stm32f4xx_spi.o
 .ARM.attributes
                0x00000000000001be       0x34 build/stm32f4xx_syscfg.o
 .ARM.attributes
                0x00000000000001f2       0x34 build/stm32f4xx_tim.o
 .ARM.attributes
                0x0000000000000226       0x34 build/EXIT.o
 .ARM.attributes
                0x000000000000025a       0x34 build/RST.o
 .ARM.attributes
                0x000000000000028e       0x34 build/SPI1.o
 .ARM.attributes
                0x00000000000002c2       0x34 build/Timer.o
 .ARM.attributes
                0x00000000000002f6       0x34 build/bsp_can.o
 .ARM.attributes
                0x000000000000032a       0x34 build/bsp_led.o
 .ARM.attributes
                0x000000000000035e       0x34 build/system_stm32f4xx.o
 .ARM.attributes
                0x0000000000000392       0x34 build/ecatcoe.o
 .ARM.attributes
                0x00000000000003c6       0x34 build/ecatslv.o
 .ARM.attributes
                0x00000000000003fa       0x34 build/mailbox.o
 .ARM.attributes
                0x000000000000042e       0x34 build/objdef.o
 .ARM.attributes
                0x0000000000000462       0x34 build/sdoserv.o
 .ARM.attributes
                0x0000000000000496       0x34 build/coeappl.o
 .ARM.attributes
                0x00000000000004ca       0x34 build/ecatappl.o
 .ARM.attributes
                0x00000000000004fe       0x34 build/el9800appl.o
 .ARM.attributes
                0x0000000000000532       0x34 build/el9800hw.o
 .ARM.attributes
                0x0000000000000566       0x21 build/startup_stm32f405xx.o
 .ARM.attributes
                0x0000000000000587       0x34 /usr/share/gcc-arm-none-eabi-10.3-2021.10/bin/../lib/gcc/arm-none-eabi/10.3.1/../../../../arm-none-eabi/lib/thumb/v7e-m+fp/hard/libc_nano.a(lib_a-impure.o)
 .ARM.attributes
                0x00000000000005bb       0x34 /usr/share/gcc-arm-none-eabi-10.3-2021.10/bin/../lib/gcc/arm-none-eabi/10.3.1/../../../../arm-none-eabi/lib/thumb/v7e-m+fp/hard/libc_nano.a(lib_a-init.o)
 .ARM.attributes
                0x00000000000005ef       0x34 /usr/share/gcc-arm-none-eabi-10.3-2021.10/bin/../lib/gcc/arm-none-eabi/10.3.1/../../../../arm-none-eabi/lib/thumb/v7e-m+fp/hard/libc_nano.a(lib_a-malloc.o)
 .ARM.attributes
                0x0000000000000623       0x34 /usr/share/gcc-arm-none-eabi-10.3-2021.10/bin/../lib/gcc/arm-none-eabi/10.3.1/../../../../arm-none-eabi/lib/thumb/v7e-m+fp/hard/libc_nano.a(lib_a-memcpy-stub.o)
 .ARM.attributes
                0x0000000000000657       0x34 /usr/share/gcc-arm-none-eabi-10.3-2021.10/bin/../lib/gcc/arm-none-eabi/10.3.1/../../../../arm-none-eabi/lib/thumb/v7e-m+fp/hard/libc_nano.a(lib_a-memset.o)
 .ARM.attributes
                0x000000000000068b       0x34 /usr/share/gcc-arm-none-eabi-10.3-2021.10/bin/../lib/gcc/arm-none-eabi/10.3.1/../../../../arm-none-eabi/lib/thumb/v7e-m+fp/hard/libc_nano.a(lib_a-nano-freer.o)
 .ARM.attributes
                0x00000000000006bf       0x34 /usr/share/gcc-arm-none-eabi-10.3-2021.10/bin/../lib/gcc/arm-none-eabi/10.3.1/../../../../arm-none-eabi/lib/thumb/v7e-m+fp/hard/libc_nano.a(lib_a-nano-mallocr.o)
 .ARM.attributes
                0x00000000000006f3       0x34 /usr/share/gcc-arm-none-eabi-10.3-2021.10/bin/../lib/gcc/arm-none-eabi/10.3.1/../../../../arm-none-eabi/lib/thumb/v7e-m+fp/hard/libc_nano.a(lib_a-sbrkr.o)
 .ARM.attributes
                0x0000000000000727       0x17 /usr/share/gcc-arm-none-eabi-10.3-2021.10/bin/../lib/gcc/arm-none-eabi/10.3.1/../../../../arm-none-eabi/lib/thumb/v7e-m+fp/hard/libc_nano.a(lib_a-strlen.o)
 .ARM.attributes
                0x000000000000073e       0x34 /usr/share/gcc-arm-none-eabi-10.3-2021.10/bin/../lib/gcc/arm-none-eabi/10.3.1/../../../../arm-none-eabi/lib/thumb/v7e-m+fp/hard/libc_nano.a(lib_a-mlock.o)
 .ARM.attributes
                0x0000000000000772       0x34 /usr/share/gcc-arm-none-eabi-10.3-2021.10/bin/../lib/gcc/arm-none-eabi/10.3.1/../../../../arm-none-eabi/lib/thumb/v7e-m+fp/hard/libc_nano.a(lib_a-reent.o)
 .ARM.attributes
                0x00000000000007a6       0x34 /usr/share/gcc-arm-none-eabi-10.3-2021.10/bin/../lib/gcc/arm-none-eabi/10.3.1/../../../../arm-none-eabi/lib/thumb/v7e-m+fp/hard/libc_nano.a(lib_a-lock.o)
 .ARM.attributes
                0x00000000000007da       0x34 /usr/share/gcc-arm-none-eabi-10.3-2021.10/bin/../lib/gcc/arm-none-eabi/10.3.1/../../../../arm-none-eabi/lib/thumb/v7e-m+fp/hard/libnosys.a(sbrk.o)
 .ARM.attributes
                0x000000000000080e       0x1e /usr/share/gcc-arm-none-eabi-10.3-2021.10/bin/../lib/gcc/arm-none-eabi/10.3.1/thumb/v7e-m+fp/hard/crtn.o
OUTPUT(build/stm32F4_ax58100_hw.elf elf32-littlearm)
LOAD linker stubs
LOAD /usr/share/gcc-arm-none-eabi-10.3-2021.10/bin/../lib/gcc/arm-none-eabi/10.3.1/../../../../arm-none-eabi/lib/thumb/v7e-m+fp/hard/libc.a
LOAD /usr/share/gcc-arm-none-eabi-10.3-2021.10/bin/../lib/gcc/arm-none-eabi/10.3.1/../../../../arm-none-eabi/lib/thumb/v7e-m+fp/hard/libm.a
LOAD /usr/share/gcc-arm-none-eabi-10.3-2021.10/bin/../lib/gcc/arm-none-eabi/10.3.1/thumb/v7e-m+fp/hard/libgcc.a

.debug_info     0x0000000000000000    0x135fd
 .debug_info    0x0000000000000000      0x10e build/stm32f4xx_it.o
 .debug_info    0x000000000000010e      0x57c build/misc.o
 .debug_info    0x000000000000068a      0xe4b build/stm32f4xx_can.o
 .debug_info    0x00000000000014d5      0x361 build/stm32f4xx_exti.o
 .debug_info    0x0000000000001836      0x8b1 build/stm32f4xx_gpio.o
 .debug_info    0x00000000000020e7     0x1007 build/stm32f4xx_rcc.o
 .debug_info    0x00000000000030ee      0xda4 build/stm32f4xx_spi.o
 .debug_info    0x0000000000003e92      0x2e0 build/stm32f4xx_syscfg.o
 .debug_info    0x0000000000004172     0x2456 build/stm32f4xx_tim.o
 .debug_info    0x00000000000065c8      0x8d5 build/EXIT.o
 .debug_info    0x0000000000006e9d      0x382 build/RST.o
 .debug_info    0x000000000000721f      0x73d build/SPI1.o
 .debug_info    0x000000000000795c      0x742 build/Timer.o
 .debug_info    0x000000000000809e      0xfe7 build/bsp_can.o
 .debug_info    0x0000000000009085      0x32e build/bsp_led.o
 .debug_info    0x00000000000093b3      0x661 build/system_stm32f4xx.o
 .debug_info    0x0000000000009a14      0x520 build/ecatcoe.o
 .debug_info    0x0000000000009f34     0x1997 build/ecatslv.o
 .debug_info    0x000000000000b8cb      0xc4c build/mailbox.o
 .debug_info    0x000000000000c517     0x1139 build/objdef.o
 .debug_info    0x000000000000d650     0x133f build/sdoserv.o
 .debug_info    0x000000000000e98f     0x15f1 build/coeappl.o
 .debug_info    0x000000000000ff80      0xe94 build/ecatappl.o
 .debug_info    0x0000000000010e14     0x146f build/el9800appl.o
 .debug_info    0x0000000000012283     0x1358 build/el9800hw.o
 .debug_info    0x00000000000135db       0x22 build/startup_stm32f405xx.o

.debug_abbrev   0x0000000000000000     0x31c5
 .debug_abbrev  0x0000000000000000       0x44 build/stm32f4xx_it.o
 .debug_abbrev  0x0000000000000044      0x187 build/misc.o
 .debug_abbrev  0x00000000000001cb      0x25b build/stm32f4xx_can.o
 .debug_abbrev  0x0000000000000426      0x1f5 build/stm32f4xx_exti.o
 .debug_abbrev  0x000000000000061b      0x20e build/stm32f4xx_gpio.o
 .debug_abbrev  0x0000000000000829      0x204 build/stm32f4xx_rcc.o
 .debug_abbrev  0x0000000000000a2d      0x1ce build/stm32f4xx_spi.o
 .debug_abbrev  0x0000000000000bfb      0x175 build/stm32f4xx_syscfg.o
 .debug_abbrev  0x0000000000000d70      0x1e1 build/stm32f4xx_tim.o
 .debug_abbrev  0x0000000000000f51      0x176 build/EXIT.o
 .debug_abbrev  0x00000000000010c7      0x150 build/RST.o
 .debug_abbrev  0x0000000000001217      0x19f build/SPI1.o
 .debug_abbrev  0x00000000000013b6      0x165 build/Timer.o
 .debug_abbrev  0x000000000000151b      0x20c build/bsp_can.o
 .debug_abbrev  0x0000000000001727      0x145 build/bsp_led.o
 .debug_abbrev  0x000000000000186c      0x187 build/system_stm32f4xx.o
 .debug_abbrev  0x00000000000019f3      0x1da build/ecatcoe.o
 .debug_abbrev  0x0000000000001bcd      0x307 build/ecatslv.o
 .debug_abbrev  0x0000000000001ed4      0x233 build/mailbox.o
 .debug_abbrev  0x0000000000002107      0x2a1 build/objdef.o
 .debug_abbrev  0x00000000000023a8      0x2fe build/sdoserv.o
 .debug_abbrev  0x00000000000026a6      0x237 build/coeappl.o
 .debug_abbrev  0x00000000000028dd      0x2b5 build/ecatappl.o
 .debug_abbrev  0x0000000000002b92      0x2de build/el9800appl.o
 .debug_abbrev  0x0000000000002e70      0x343 build/el9800hw.o
 .debug_abbrev  0x00000000000031b3       0x12 build/startup_stm32f405xx.o

.debug_aranges  0x0000000000000000      0xdf0
 .debug_aranges
                0x0000000000000000       0x60 build/stm32f4xx_it.o
 .debug_aranges
                0x0000000000000060       0x40 build/misc.o
 .debug_aranges
                0x00000000000000a0       0xe0 build/stm32f4xx_can.o
 .debug_aranges
                0x0000000000000180       0x58 build/stm32f4xx_exti.o
 .debug_aranges
                0x00000000000001d8       0x88 build/stm32f4xx_gpio.o
 .debug_aranges
                0x0000000000000260      0x1c0 build/stm32f4xx_rcc.o
 .debug_aranges
                0x0000000000000420       0xe0 build/stm32f4xx_spi.o
 .debug_aranges
                0x0000000000000500       0x50 build/stm32f4xx_syscfg.o
 .debug_aranges
                0x0000000000000550      0x2f8 build/stm32f4xx_tim.o
 .debug_aranges
                0x0000000000000848       0x30 build/EXIT.o
 .debug_aranges
                0x0000000000000878       0x30 build/RST.o
 .debug_aranges
                0x00000000000008a8       0x30 build/SPI1.o
 .debug_aranges
                0x00000000000008d8       0x20 build/Timer.o
 .debug_aranges
                0x00000000000008f8       0x78 build/bsp_can.o
 .debug_aranges
                0x0000000000000970       0x20 build/bsp_led.o
 .debug_aranges
                0x0000000000000990       0x30 build/system_stm32f4xx.o
 .debug_aranges
                0x00000000000009c0       0x30 build/ecatcoe.o
 .debug_aranges
                0x00000000000009f0       0xb8 build/ecatslv.o
 .debug_aranges
                0x0000000000000aa8       0x80 build/mailbox.o
 .debug_aranges
                0x0000000000000b28       0x78 build/objdef.o
 .debug_aranges
                0x0000000000000ba0       0x48 build/sdoserv.o
 .debug_aranges
                0x0000000000000be8       0x58 build/coeappl.o
 .debug_aranges
                0x0000000000000c40       0x68 build/ecatappl.o
 .debug_aranges
                0x0000000000000ca8       0x80 build/el9800appl.o
 .debug_aranges
                0x0000000000000d28       0xa0 build/el9800hw.o
 .debug_aranges
                0x0000000000000dc8       0x28 build/startup_stm32f405xx.o

.debug_ranges   0x0000000000000000     0x1168
 .debug_ranges  0x0000000000000000       0x50 build/stm32f4xx_it.o
 .debug_ranges  0x0000000000000050       0x30 build/misc.o
 .debug_ranges  0x0000000000000080       0xd0 build/stm32f4xx_can.o
 .debug_ranges  0x0000000000000150       0x48 build/stm32f4xx_exti.o
 .debug_ranges  0x0000000000000198       0x78 build/stm32f4xx_gpio.o
 .debug_ranges  0x0000000000000210      0x1b0 build/stm32f4xx_rcc.o
 .debug_ranges  0x00000000000003c0       0xd0 build/stm32f4xx_spi.o
 .debug_ranges  0x0000000000000490       0x40 build/stm32f4xx_syscfg.o
 .debug_ranges  0x00000000000004d0      0x2e8 build/stm32f4xx_tim.o
 .debug_ranges  0x00000000000007b8       0x20 build/EXIT.o
 .debug_ranges  0x00000000000007d8       0x20 build/RST.o
 .debug_ranges  0x00000000000007f8       0x20 build/SPI1.o
 .debug_ranges  0x0000000000000818       0x10 build/Timer.o
 .debug_ranges  0x0000000000000828       0x68 build/bsp_can.o
 .debug_ranges  0x0000000000000890       0x10 build/bsp_led.o
 .debug_ranges  0x00000000000008a0       0x20 build/system_stm32f4xx.o
 .debug_ranges  0x00000000000008c0       0x20 build/ecatcoe.o
 .debug_ranges  0x00000000000008e0       0xf0 build/ecatslv.o
 .debug_ranges  0x00000000000009d0       0xe8 build/mailbox.o
 .debug_ranges  0x0000000000000ab8      0x338 build/objdef.o
 .debug_ranges  0x0000000000000df0      0x130 build/sdoserv.o
 .debug_ranges  0x0000000000000f20       0xa0 build/coeappl.o
 .debug_ranges  0x0000000000000fc0       0x88 build/ecatappl.o
 .debug_ranges  0x0000000000001048       0x70 build/el9800appl.o
 .debug_ranges  0x00000000000010b8       0x90 build/el9800hw.o
 .debug_ranges  0x0000000000001148       0x20 build/startup_stm32f405xx.o

.debug_line     0x0000000000000000     0xc88c
 .debug_line    0x0000000000000000      0x12a build/stm32f4xx_it.o
 .debug_line    0x000000000000012a      0x2c9 build/misc.o
 .debug_line    0x00000000000003f3      0xe4b build/stm32f4xx_can.o
 .debug_line    0x000000000000123e      0x36a build/stm32f4xx_exti.o
 .debug_line    0x00000000000015a8      0x55c build/stm32f4xx_gpio.o
 .debug_line    0x0000000000001b04      0xc6c build/stm32f4xx_rcc.o
 .debug_line    0x0000000000002770      0x854 build/stm32f4xx_spi.o
 .debug_line    0x0000000000002fc4      0x270 build/stm32f4xx_syscfg.o
 .debug_line    0x0000000000003234     0x18fb build/stm32f4xx_tim.o
 .debug_line    0x0000000000004b2f      0x314 build/EXIT.o
 .debug_line    0x0000000000004e43      0x1d7 build/RST.o
 .debug_line    0x000000000000501a      0x2cb build/SPI1.o
 .debug_line    0x00000000000052e5      0x1df build/Timer.o
 .debug_line    0x00000000000054c4      0x4c6 build/bsp_can.o
 .debug_line    0x000000000000598a      0x1fc build/bsp_led.o
 .debug_line    0x0000000000005b86      0x3c0 build/system_stm32f4xx.o
 .debug_line    0x0000000000005f46      0x177 build/ecatcoe.o
 .debug_line    0x00000000000060bd     0x1b5d build/ecatslv.o
 .debug_line    0x0000000000007c1a      0x958 build/mailbox.o
 .debug_line    0x0000000000008572     0x1313 build/objdef.o
 .debug_line    0x0000000000009885      0xf80 build/sdoserv.o
 .debug_line    0x000000000000a805      0x523 build/coeappl.o
 .debug_line    0x000000000000ad28      0x70a build/ecatappl.o
 .debug_line    0x000000000000b432      0xccc build/el9800appl.o
 .debug_line    0x000000000000c0fe      0x718 build/el9800hw.o
 .debug_line    0x000000000000c816       0x76 build/startup_stm32f405xx.o

.debug_str      0x0000000000000000     0x4cf0
 .debug_str     0x0000000000000000      0x1e7 build/stm32f4xx_it.o
                                        0x21b (size before relaxing)
 .debug_str     0x00000000000001e7      0x27c build/misc.o
                                        0x407 (size before relaxing)
 .debug_str     0x0000000000000463      0x52a build/stm32f4xx_can.o
                                        0x78e (size before relaxing)
 .debug_str     0x000000000000098d      0x1bb build/stm32f4xx_exti.o
                                        0x385 (size before relaxing)
 .debug_str     0x0000000000000b48      0x315 build/stm32f4xx_gpio.o
                                        0x4f0 (size before relaxing)
 .debug_str     0x0000000000000e5d      0x772 build/stm32f4xx_rcc.o
                                        0x9fb (size before relaxing)
 .debug_str     0x00000000000015cf      0x3b5 build/stm32f4xx_spi.o
                                        0x716 (size before relaxing)
 .debug_str     0x0000000000001984      0x16b build/stm32f4xx_syscfg.o
                                        0x35e (size before relaxing)
 .debug_str     0x0000000000001aef      0xb63 build/stm32f4xx_tim.o
                                        0xe37 (size before relaxing)
 .debug_str     0x0000000000002652      0x585 build/EXIT.o
                                        0xa91 (size before relaxing)
 .debug_str     0x0000000000002bd7       0x32 build/RST.o
                                        0x39b (size before relaxing)
 .debug_str     0x0000000000002c09       0x51 build/SPI1.o
                                        0x561 (size before relaxing)
 .debug_str     0x0000000000002c5a       0x43 build/Timer.o
                                        0x968 (size before relaxing)
 .debug_str     0x0000000000002c9d      0x155 build/bsp_can.o
                                        0xd54 (size before relaxing)
 .debug_str     0x0000000000002df2       0x20 build/bsp_led.o
                                        0x372 (size before relaxing)
 .debug_str     0x0000000000002e12       0xa4 build/system_stm32f4xx.o
                                        0x3fa (size before relaxing)
 .debug_str     0x0000000000002eb6      0x1c6 build/ecatcoe.o
                                        0x398 (size before relaxing)
 .debug_str     0x000000000000307c      0x905 build/ecatslv.o
                                       0x10a8 (size before relaxing)
 .debug_str     0x0000000000003981      0x1d1 build/mailbox.o
                                        0x574 (size before relaxing)
 .debug_str     0x0000000000003b52      0x2a8 build/objdef.o
                                        0x6f3 (size before relaxing)
 .debug_str     0x0000000000003dfa      0x301 build/sdoserv.o
                                        0x802 (size before relaxing)
 .debug_str     0x00000000000040fb      0x822 build/coeappl.o
                                        0xce1 (size before relaxing)
 .debug_str     0x000000000000491d      0x20c build/ecatappl.o
                                        0xde5 (size before relaxing)
 .debug_str     0x0000000000004b29       0xc8 build/el9800appl.o
                                        0xa51 (size before relaxing)
 .debug_str     0x0000000000004bf1       0xdb build/el9800hw.o
                                        0xc50 (size before relaxing)
 .debug_str     0x0000000000004ccc       0x24 build/startup_stm32f405xx.o
                                         0x6a (size before relaxing)

.comment        0x0000000000000000       0x49
 .comment       0x0000000000000000       0x49 build/stm32f4xx_it.o
                                         0x4a (size before relaxing)
 .comment       0x0000000000000049       0x4a build/misc.o
 .comment       0x0000000000000049       0x4a build/stm32f4xx_can.o
 .comment       0x0000000000000049       0x4a build/stm32f4xx_exti.o
 .comment       0x0000000000000049       0x4a build/stm32f4xx_gpio.o
 .comment       0x0000000000000049       0x4a build/stm32f4xx_rcc.o
 .comment       0x0000000000000049       0x4a build/stm32f4xx_spi.o
 .comment       0x0000000000000049       0x4a build/stm32f4xx_syscfg.o
 .comment       0x0000000000000049       0x4a build/stm32f4xx_tim.o
 .comment       0x0000000000000049       0x4a build/EXIT.o
 .comment       0x0000000000000049       0x4a build/RST.o
 .comment       0x0000000000000049       0x4a build/SPI1.o
 .comment       0x0000000000000049       0x4a build/Timer.o
 .comment       0x0000000000000049       0x4a build/bsp_can.o
 .comment       0x0000000000000049       0x4a build/bsp_led.o
 .comment       0x0000000000000049       0x4a build/system_stm32f4xx.o
 .comment       0x0000000000000049       0x4a build/ecatcoe.o
 .comment       0x0000000000000049       0x4a build/ecatslv.o
 .comment       0x0000000000000049       0x4a build/mailbox.o
 .comment       0x0000000000000049       0x4a build/objdef.o
 .comment       0x0000000000000049       0x4a build/sdoserv.o
 .comment       0x0000000000000049       0x4a build/coeappl.o
 .comment       0x0000000000000049       0x4a build/ecatappl.o
 .comment       0x0000000000000049       0x4a build/el9800appl.o