Archive member included to satisfy reference by file (symbol)

/usr/share/gcc-arm-none-eabi-10.3-2021.10/bin/../lib/gcc/arm-none-eabi/10.3.1/../../../../arm-none-eabi/lib/thumb/v7e-m+fp/hard/libc_nano.a(lib_a-exit.o)
                              /usr/share/gcc-arm-none-eabi-10.3-2021.10/bin/../lib/gcc/arm-none-eabi/10.3.1/../../../../arm-none-eabi/lib/thumb/v7e-m+fp/hard/crt0.o (exit)
/usr/share/gcc-arm-none-eabi-10.3-2021.10/bin/../lib/gcc/arm-none-eabi/10.3.1/../../../../arm-none-eabi/lib/thumb/v7e-m+fp/hard/libc_nano.a(lib_a-impure.o)
                              /usr/share/gcc-arm-none-eabi-10.3-2021.10/bin/../lib/gcc/arm-none-eabi/10.3.1/../../../../arm-none-eabi/lib/thumb/v7e-m+fp/hard/libc_nano.a(lib_a-exit.o) (_global_impure_ptr)
/usr/share/gcc-arm-none-eabi-10.3-2021.10/bin/../lib/gcc/arm-none-eabi/10.3.1/../../../../arm-none-eabi/lib/thumb/v7e-m+fp/hard/libc_nano.a(lib_a-init.o)
                              /usr/share/gcc-arm-none-eabi-10.3-2021.10/bin/../lib/gcc/arm-none-eabi/10.3.1/../../../../arm-none-eabi/lib/thumb/v7e-m+fp/hard/crt0.o (__libc_init_array)
/usr/share/gcc-arm-none-eabi-10.3-2021.10/bin/../lib/gcc/arm-none-eabi/10.3.1/../../../../arm-none-eabi/lib/thumb/v7e-m+fp/hard/libc_nano.a(lib_a-memset.o)
                              /usr/share/gcc-arm-none-eabi-10.3-2021.10/bin/../lib/gcc/arm-none-eabi/10.3.1/../../../../arm-none-eabi/lib/thumb/v7e-m+fp/hard/crt0.o (memset)
/usr/share/gcc-arm-none-eabi-10.3-2021.10/bin/../lib/gcc/arm-none-eabi/10.3.1/../../../../arm-none-eabi/lib/thumb/v7e-m+fp/hard/libnosys.a(_exit.o)
                              /usr/share/gcc-arm-none-eabi-10.3-2021.10/bin/../lib/gcc/arm-none-eabi/10.3.1/../../../../arm-none-eabi/lib/thumb/v7e-m+fp/hard/libc_nano.a(lib_a-exit.o) (_exit)
/usr/share/gcc-arm-none-eabi-10.3-2021.10/bin/../lib/gcc/arm-none-eabi/10.3.1/thumb/v7e-m+fp/hard/libgcc.a(_aeabi_uldivmod.o)
                              build/stm32f4xx_hal_rcc.o (__aeabi_uldivmod)
/usr/share/gcc-arm-none-eabi-10.3-2021.10/bin/../lib/gcc/arm-none-eabi/10.3.1/thumb/v7e-m+fp/hard/libgcc.a(_udivmoddi4.o)
                              /usr/share/gcc-arm-none-eabi-10.3-2021.10/bin/../lib/gcc/arm-none-eabi/10.3.1/thumb/v7e-m+fp/hard/libgcc.a(_aeabi_uldivmod.o) (__udivmoddi4)
/usr/share/gcc-arm-none-eabi-10.3-2021.10/bin/../lib/gcc/arm-none-eabi/10.3.1/thumb/v7e-m+fp/hard/libgcc.a(_dvmd_tls.o)
                              /usr/share/gcc-arm-none-eabi-10.3-2021.10/bin/../lib/gcc/arm-none-eabi/10.3.1/thumb/v7e-m+fp/hard/libgcc.a(_aeabi_uldivmod.o) (__aeabi_ldiv0)

Discarded input sections

 .text          0x0000000000000000        0x0 /usr/share/gcc-arm-none-eabi-10.3-2021.10/bin/../lib/gcc/arm-none-eabi/10.3.1/thumb/v7e-m+fp/hard/crti.o
 .data          0x0000000000000000        0x0 /usr/share/gcc-arm-none-eabi-10.3-2021.10/bin/../lib/gcc/arm-none-eabi/10.3.1/thumb/v7e-m+fp/hard/crti.o
 .bss           0x0000000000000000        0x0 /usr/share/gcc-arm-none-eabi-10.3-2021.10/bin/../lib/gcc/arm-none-eabi/10.3.1/thumb/v7e-m+fp/hard/crti.o
 .data          0x0000000000000000        0x4 /usr/share/gcc-arm-none-eabi-10.3-2021.10/bin/../lib/gcc/arm-none-eabi/10.3.1/thumb/v7e-m+fp/hard/crtbegin.o
 .rodata        0x0000000000000000       0x24 /usr/share/gcc-arm-none-eabi-10.3-2021.10/bin/../lib/gcc/arm-none-eabi/10.3.1/thumb/v7e-m+fp/hard/crtbegin.o
 .text          0x0000000000000000       0x7c /usr/share/gcc-arm-none-eabi-10.3-2021.10/bin/../lib/gcc/arm-none-eabi/10.3.1/../../../../arm-none-eabi/lib/thumb/v7e-m+fp/hard/crt0.o
 .data          0x0000000000000000        0x0 /usr/share/gcc-arm-none-eabi-10.3-2021.10/bin/../lib/gcc/arm-none-eabi/10.3.1/../../../../arm-none-eabi/lib/thumb/v7e-m+fp/hard/crt0.o
 .bss           0x0000000000000000        0x0 /usr/share/gcc-arm-none-eabi-10.3-2021.10/bin/../lib/gcc/arm-none-eabi/10.3.1/../../../../arm-none-eabi/lib/thumb/v7e-m+fp/hard/crt0.o
 .ARM.extab     0x0000000000000000        0x0 /usr/share/gcc-arm-none-eabi-10.3-2021.10/bin/../lib/gcc/arm-none-eabi/10.3.1/../../../../arm-none-eabi/lib/thumb/v7e-m+fp/hard/crt0.o
 .ARM.exidx     0x0000000000000000       0x10 /usr/share/gcc-arm-none-eabi-10.3-2021.10/bin/../lib/gcc/arm-none-eabi/10.3.1/../../../../arm-none-eabi/lib/thumb/v7e-m+fp/hard/crt0.o
 .ARM.attributes
                0x0000000000000000       0x1c /usr/share/gcc-arm-none-eabi-10.3-2021.10/bin/../lib/gcc/arm-none-eabi/10.3.1/../../../../arm-none-eabi/lib/thumb/v7e-m+fp/hard/crt0.o
 .text          0x0000000000000000        0x0 build/dma.o
 .data          0x0000000000000000        0x0 build/dma.o
 .bss           0x0000000000000000        0x0 build/dma.o
 .text          0x0000000000000000        0x0 build/gpio.o
 .data          0x0000000000000000        0x0 build/gpio.o
 .bss           0x0000000000000000        0x0 build/gpio.o
 .text          0x0000000000000000        0x0 build/main.o
 .data          0x0000000000000000        0x0 build/main.o
 .bss           0x0000000000000000        0x0 build/main.o
[...]
Memory Configuration

Name             Origin             Length             Attributes
RAM              0x0000000020000000 0x0000000000020000 xrw
CCMRAM           0x0000000010000000 0x0000000000010000 xrw
FLASH            0x0000000008000000 0x0000000000100000 xr
*default*        0x0000000000000000 0xffffffffffffffff

Linker script and memory map

LOAD /usr/share/gcc-arm-none-eabi-10.3-2021.10/bin/../lib/gcc/arm-none-eabi/10.3.1/thumb/v7e-m+fp/hard/crti.o
LOAD /usr/share/gcc-arm-none-eabi-10.3-2021.10/bin/../lib/gcc/arm-none-eabi/10.3.1/thumb/v7e-m+fp/hard/crtbegin.o
LOAD /usr/share/gcc-arm-none-eabi-10.3-2021.10/bin/../lib/gcc/arm-none-eabi/10.3.1/../../../../arm-none-eabi/lib/thumb/v7e-m+fp/hard/crt0.o
LOAD build/dma.o
LOAD build/gpio.o
LOAD build/main.o
LOAD build/spi.o
LOAD build/stm32f4xx_hal_msp.o
LOAD build/stm32f4xx_it.o
LOAD build/system_stm32f4xx.o
LOAD build/usart.o
LOAD build/stm32f4xx_hal.o
LOAD build/stm32f4xx_hal_cortex.o
LOAD build/stm32f4xx_hal_dma.o
LOAD build/stm32f4xx_hal_dma_ex.o
LOAD build/stm32f4xx_hal_exti.o
LOAD build/stm32f4xx_hal_flash.o
LOAD build/stm32f4xx_hal_flash_ex.o
LOAD build/stm32f4xx_hal_flash_ramfunc.o
LOAD build/stm32f4xx_hal_gpio.o
LOAD build/stm32f4xx_hal_pwr.o
LOAD build/stm32f4xx_hal_pwr_ex.o
LOAD build/stm32f4xx_hal_rcc.o
LOAD build/stm32f4xx_hal_rcc_ex.o
LOAD build/stm32f4xx_hal_spi.o
LOAD build/stm32f4xx_hal_tim.o
LOAD build/stm32f4xx_hal_tim_ex.o
LOAD build/stm32f4xx_hal_uart.o
LOAD build/bsp_dma.o
LOAD build/unitreeA1_cmd.o
LOAD build/unitreeA1_recv.o
LOAD build/spi_deal.o
LOAD build/startup_stm32f405xx.o
LOAD /usr/share/gcc-arm-none-eabi-10.3-2021.10/bin/../lib/gcc/arm-none-eabi/10.3.1/../../../../arm-none-eabi/lib/thumb/v7e-m+fp/hard/libc_nano.a
LOAD /usr/share/gcc-arm-none-eabi-10.3-2021.10/bin/../lib/gcc/arm-none-eabi/10.3.1/../../../../arm-none-eabi/lib/thumb/v7e-m+fp/hard/libm.a
LOAD /usr/share/gcc-arm-none-eabi-10.3-2021.10/bin/../lib/gcc/arm-none-eabi/10.3.1/../../../../arm-none-eabi/lib/thumb/v7e-m+fp/hard/libnosys.a
START GROUP
LOAD /usr/share/gcc-arm-none-eabi-10.3-2021.10/bin/../lib/gcc/arm-none-eabi/10.3.1/thumb/v7e-m+fp/hard/libgcc.a
LOAD /usr/share/gcc-arm-none-eabi-10.3-2021.10/bin/../lib/gcc/arm-none-eabi/10.3.1/../../../../arm-none-eabi/lib/thumb/v7e-m+fp/hard/libc_nano.a
END GROUP
START GROUP
LOAD /usr/share/gcc-arm-none-eabi-10.3-2021.10/bin/../lib/gcc/arm-none-eabi/10.3.1/thumb/v7e-m+fp/hard/libgcc.a
LOAD /usr/share/gcc-arm-none-eabi-10.3-2021.10/bin/../lib/gcc/arm-none-eabi/10.3.1/../../../../arm-none-eabi/lib/thumb/v7e-m+fp/hard/libc_nano.a
END GROUP
LOAD /usr/share/gcc-arm-none-eabi-10.3-2021.10/bin/../lib/gcc/arm-none-eabi/10.3.1/thumb/v7e-m+fp/hard/crtend.o
LOAD /usr/share/gcc-arm-none-eabi-10.3-2021.10/bin/../lib/gcc/arm-none-eabi/10.3.1/thumb/v7e-m+fp/hard/crtn.o
                0x0000000020020000                _estack = (ORIGIN (RAM) + LENGTH (RAM))
                0x0000000000000200                _Min_Heap_Size = 0x200
                0x0000000000000400                _Min_Stack_Size = 0x400

.isr_vector     0x0000000008000000      0x188
                0x0000000008000000                . = ALIGN (0x4)
 *(.isr_vector)
 .isr_vector    0x0000000008000000      0x188 build/startup_stm32f405xx.o
                0x0000000008000000                g_pfnVectors
                0x0000000008000188                . = ALIGN (0x4)

.text           0x0000000008000188     0x27b4
                0x0000000008000188                . = ALIGN (0x4)
 *(.text)
 .text          0x0000000008000188       0x40 /usr/share/gcc-arm-none-eabi-10.3-2021.10/bin/../lib/gcc/arm-none-eabi/10.3.1/thumb/v7e-m+fp/hard/crtbegin.o
 .text          0x00000000080001c8       0x30 /usr/share/gcc-arm-none-eabi-10.3-2021.10/bin/../lib/gcc/arm-none-eabi/10.3.1/thumb/v7e-m+fp/hard/libgcc.a(_aeabi_uldivmod.o)
                0x00000000080001c8                __aeabi_uldivmod
 .text          0x00000000080001f8      0x2d0 /usr/share/gcc-arm-none-eabi-10.3-2021.10/bin/../lib/gcc/arm-none-eabi/10.3.1/thumb/v7e-m+fp/hard/libgcc.a(_udivmoddi4.o)
                0x00000000080001f8                __udivmoddi4
 .text          0x00000000080004c8        0x4 /usr/share/gcc-arm-none-eabi-10.3-2021.10/bin/../lib/gcc/arm-none-eabi/10.3.1/thumb/v7e-m+fp/hard/libgcc.a(_dvmd_tls.o)
                0x00000000080004c8                __aeabi_ldiv0
                0x00000000080004c8                __aeabi_idiv0
 *(.text*)
 .text.MX_DMA_Init
                0x00000000080004cc       0x98 build/dma.o
                0x00000000080004cc                MX_DMA_Init
 .text.MX_GPIO_Init
                0x0000000008000564       0xdc build/gpio.o
                0x0000000008000564                MX_GPIO_Init
 .text.Error_Handler
                0x0000000008000640        0x4 build/main.o
                0x0000000008000640                Error_Handler
 .text.SystemClock_Config
                0x0000000008000644       0xa8 build/main.o
                0x0000000008000644                SystemClock_Config
 .text.main     0x00000000080006ec       0x32 build/main.o
                0x00000000080006ec                main
 *fill*         0x000000000800071e        0x2 
 .text.MX_SPI2_Init
                0x0000000008000720       0x44 build/spi.o
                0x0000000008000720                MX_SPI2_Init
 .text.HAL_SPI_MspInit
                0x0000000008000764      0x130 build/spi.o
                0x0000000008000764                HAL_SPI_MspInit
 .text.HAL_MspInit
                0x0000000008000894       0x38 build/stm32f4xx_hal_msp.o
                0x0000000008000894                HAL_MspInit
 .text.NMI_Handler
                0x00000000080008cc        0x2 build/stm32f4xx_it.o
                0x00000000080008cc                NMI_Handler
 .text.HardFault_Handler
                0x00000000080008ce        0x2 build/stm32f4xx_it.o
                0x00000000080008ce                HardFault_Handler
 .text.MemManage_Handler
                0x00000000080008d0        0x2 build/stm32f4xx_it.o
                0x00000000080008d0                MemManage_Handler
 .text.BusFault_Handler
                0x00000000080008d2        0x2 build/stm32f4xx_it.o
                0x00000000080008d2                BusFault_Handler
 .text.UsageFault_Handler
                0x00000000080008d4        0x2 build/stm32f4xx_it.o
                0x00000000080008d4                UsageFault_Handler
 .text.SVC_Handler
                0x00000000080008d6        0x2 build/stm32f4xx_it.o
                0x00000000080008d6                SVC_Handler
 .text.DebugMon_Handler
                0x00000000080008d8        0x2 build/stm32f4xx_it.o
                0x00000000080008d8                DebugMon_Handler
 .text.PendSV_Handler
                0x00000000080008da        0x2 build/stm32f4xx_it.o
                0x00000000080008da                PendSV_Handler
 .text.SysTick_Handler
                0x00000000080008dc        0x8 build/stm32f4xx_it.o
                0x00000000080008dc                SysTick_Handler
 .text.EXTI1_IRQHandler
                0x00000000080008e4        0xa build/stm32f4xx_it.o
                0x00000000080008e4                EXTI1_IRQHandler
 *fill*         0x00000000080008ee        0x2 
 .text.SPI2_IRQHandler
                0x00000000080008f0       0x10 build/stm32f4xx_it.o
                0x00000000080008f0                SPI2_IRQHandler
 .text.SystemInit
                0x0000000008000900       0x14 build/system_stm32f4xx.o
                0x0000000008000900                SystemInit
 .text.MX_USART1_UART_Init
                0x0000000008000914       0x38 build/usart.o
                0x0000000008000914                MX_USART1_UART_Init
 .text.MX_USART2_UART_Init
                0x000000000800094c       0x3c build/usart.o
                0x000000000800094c                MX_USART2_UART_Init
 .text.MX_USART3_UART_Init
                0x0000000008000988       0x3c build/usart.o
                0x0000000008000988                MX_USART3_UART_Init
 .text.MX_USART6_UART_Init
                0x00000000080009c4       0x38 build/usart.o
                0x00000000080009c4                MX_USART6_UART_Init
 .text.HAL_UART_MspInit
                0x00000000080009fc      0x298 build/usart.o
                0x00000000080009fc                HAL_UART_MspInit
 .text.HAL_InitTick
                0x0000000008000c94       0x4c build/stm32f4xx_hal.o
                0x0000000008000c94                HAL_InitTick
 .text.HAL_Init
                0x0000000008000ce0       0x34 build/stm32f4xx_hal.o
                0x0000000008000ce0                HAL_Init
 .text.HAL_IncTick
                0x0000000008000d14       0x18 build/stm32f4xx_hal.o
                0x0000000008000d14                HAL_IncTick
 .text.HAL_GetTick
                0x0000000008000d2c        0xc build/stm32f4xx_hal.o
                0x0000000008000d2c                HAL_GetTick
 .text.HAL_NVIC_SetPriorityGrouping
                0x0000000008000d38       0x24 build/stm32f4xx_hal_cortex.o
                0x0000000008000d38                HAL_NVIC_SetPriorityGrouping
 .text.HAL_NVIC_SetPriority
                0x0000000008000d5c       0x70 build/stm32f4xx_hal_cortex.o
                0x0000000008000d5c                HAL_NVIC_SetPriority
 .text.HAL_NVIC_EnableIRQ
                0x0000000008000dcc       0x1c build/stm32f4xx_hal_cortex.o
                0x0000000008000dcc                HAL_NVIC_EnableIRQ
 .text.HAL_SYSTICK_Config
                0x0000000008000de8       0x28 build/stm32f4xx_hal_cortex.o
                0x0000000008000de8                HAL_SYSTICK_Config
 .text.DMA_CalcBaseAndBitshift
                0x0000000008000e10       0x44 build/stm32f4xx_hal_dma.o
 .text.DMA_CheckFifoParam
                0x0000000008000e54       0x8e build/stm32f4xx_hal_dma.o
 *fill*         0x0000000008000ee2        0x2 
 .text.HAL_DMA_Init
                0x0000000008000ee4       0xcc build/stm32f4xx_hal_dma.o
                0x0000000008000ee4                HAL_DMA_Init
 .text.HAL_DMA_Abort_IT
                0x0000000008000fb0       0x26 build/stm32f4xx_hal_dma.o
                0x0000000008000fb0                HAL_DMA_Abort_IT
 *fill*         0x0000000008000fd6        0x2 
 .text.HAL_GPIO_Init
                0x0000000008000fd8      0x1e4 build/stm32f4xx_hal_gpio.o
                0x0000000008000fd8                HAL_GPIO_Init
 .text.HAL_GPIO_WritePin
                0x00000000080011bc        0xc build/stm32f4xx_hal_gpio.o
                0x00000000080011bc                HAL_GPIO_WritePin
 .text.HAL_GPIO_EXTI_Callback
                0x00000000080011c8        0x2 build/stm32f4xx_hal_gpio.o
                0x00000000080011c8                HAL_GPIO_EXTI_Callback
 *fill*         0x00000000080011ca        0x2 
 .text.HAL_GPIO_EXTI_IRQHandler
                0x00000000080011cc       0x1c build/stm32f4xx_hal_gpio.o
                0x00000000080011cc                HAL_GPIO_EXTI_IRQHandler
 .text.HAL_RCC_OscConfig
                0x00000000080011e8      0x3f8 build/stm32f4xx_hal_rcc.o
                0x00000000080011e8                HAL_RCC_OscConfig
 .text.HAL_RCC_GetSysClockFreq
                0x00000000080015e0       0xd4 build/stm32f4xx_hal_rcc.o
                0x00000000080015e0                HAL_RCC_GetSysClockFreq
 .text.HAL_RCC_ClockConfig
                0x00000000080016b4      0x160 build/stm32f4xx_hal_rcc.o
                0x00000000080016b4                HAL_RCC_ClockConfig
 .text.HAL_RCC_GetHCLKFreq
                0x0000000008001814        0xc build/stm32f4xx_hal_rcc.o
                0x0000000008001814                HAL_RCC_GetHCLKFreq
 .text.HAL_RCC_GetPCLK1Freq
                0x0000000008001820       0x20 build/stm32f4xx_hal_rcc.o
                0x0000000008001820                HAL_RCC_GetPCLK1Freq
 .text.HAL_RCC_GetPCLK2Freq
                0x0000000008001840       0x20 build/stm32f4xx_hal_rcc.o
                0x0000000008001840                HAL_RCC_GetPCLK2Freq
 .text.SPI_WaitFlagStateUntilTimeout
                0x0000000008001860       0xd4 build/stm32f4xx_hal_spi.o
 .text.SPI_EndRxTxTransaction
                0x0000000008001934       0x80 build/stm32f4xx_hal_spi.o
 .text.HAL_SPI_Init
                0x00000000080019b4       0xbe build/stm32f4xx_hal_spi.o
                0x00000000080019b4                HAL_SPI_Init
 *fill*         0x0000000008001a72        0x2 
 .text.HAL_SPI_Transmit_IT
                0x0000000008001a74       0xa8 build/stm32f4xx_hal_spi.o
                0x0000000008001a74                HAL_SPI_Transmit_IT
 .text.HAL_SPI_TransmitReceive_IT
                0x0000000008001b1c       0xcc build/stm32f4xx_hal_spi.o
                0x0000000008001b1c                HAL_SPI_TransmitReceive_IT
 .text.HAL_SPI_TxCpltCallback
                0x0000000008001be8        0x2 build/stm32f4xx_hal_spi.o
                0x0000000008001be8                HAL_SPI_TxCpltCallback
 .text.HAL_SPI_RxCpltCallback
                0x0000000008001bea        0x2 build/stm32f4xx_hal_spi.o
                0x0000000008001bea                HAL_SPI_RxCpltCallback
 .text.HAL_SPI_TxRxCpltCallback
                0x0000000008001bec        0x2 build/stm32f4xx_hal_spi.o
                0x0000000008001bec                HAL_SPI_TxRxCpltCallback
 .text.HAL_SPI_ErrorCallback
                0x0000000008001bee        0x2 build/stm32f4xx_hal_spi.o
                0x0000000008001bee                HAL_SPI_ErrorCallback
 .text.SPI_CloseTx_ISR
                0x0000000008001bf0       0x90 build/stm32f4xx_hal_spi.o
 .text.SPI_TxISR_8BIT
                0x0000000008001c80       0x28 build/stm32f4xx_hal_spi.o
 .text.SPI_TxISR_16BIT
                0x0000000008001ca8       0x28 build/stm32f4xx_hal_spi.o
 .text.SPI_CloseRxTx_ISR
                0x0000000008001cd0       0xb0 build/stm32f4xx_hal_spi.o
 .text.SPI_2linesTxISR_8BIT
                0x0000000008001d80       0x38 build/stm32f4xx_hal_spi.o
 .text.SPI_2linesRxISR_8BIT
                0x0000000008001db8       0x38 build/stm32f4xx_hal_spi.o
 .text.SPI_2linesTxISR_16BIT
                0x0000000008001df0       0x38 build/stm32f4xx_hal_spi.o
 .text.SPI_2linesRxISR_16BIT
                0x0000000008001e28       0x38 build/stm32f4xx_hal_spi.o
 .text.HAL_SPI_IRQHandler
                0x0000000008001e60      0x124 build/stm32f4xx_hal_spi.o
                0x0000000008001e60                HAL_SPI_IRQHandler
 .text.SPI_DMAAbortOnError
                0x0000000008001f84       0x10 build/stm32f4xx_hal_spi.o
 .text.HAL_SPI_GetState
                0x0000000008001f94        0x6 build/stm32f4xx_hal_spi.o
                0x0000000008001f94                HAL_SPI_GetState
 *fill*         0x0000000008001f9a        0x2 
 .text.UART_SetConfig
                0x0000000008001f9c      0x110 build/stm32f4xx_hal_uart.o
 .text.HAL_UART_Init
                0x00000000080020ac       0x60 build/stm32f4xx_hal_uart.o
                0x00000000080020ac                HAL_UART_Init
 .text.RC1_init
                0x000000000800210c       0x68 build/bsp_dma.o
                0x000000000800210c                RC1_init
 .text.RC2_init
                0x0000000008002174       0x68 build/bsp_dma.o
                0x0000000008002174                RC2_init
 .text.RC3_init
                0x00000000080021dc       0x68 build/bsp_dma.o
                0x00000000080021dc                RC3_init
 .text.RC6_init
                0x0000000008002244       0x68 build/bsp_dma.o
                0x0000000008002244                RC6_init
 .text.sbus_to_rc
                0x00000000080022ac       0x50 build/unitreeA1_recv.o
 .text.remote_control_init
                0x00000000080022fc       0x3c build/unitreeA1_recv.o
                0x00000000080022fc                remote_control_init
 .text.unitreeA1_rx
                0x0000000008002338       0xb0 build/unitreeA1_recv.o
                0x0000000008002338                unitreeA1_rx
 .text.USART1_IRQHandler
                0x00000000080023e8       0xf0 build/unitreeA1_recv.o
                0x00000000080023e8                USART1_IRQHandler
 .text.USART2_IRQHandler
                0x00000000080024d8       0xf4 build/unitreeA1_recv.o
                0x00000000080024d8                USART2_IRQHandler
 .text.USART3_IRQHandler
                0x00000000080025cc       0xf4 build/unitreeA1_recv.o
                0x00000000080025cc                USART3_IRQHandler
 .text.USART6_IRQHandler
                0x00000000080026c0       0xf0 build/unitreeA1_recv.o
                0x00000000080026c0                USART6_IRQHandler
 .text.ecat_NS_L
                0x00000000080027b0       0x14 build/spi_deal.o
                0x00000000080027b0                ecat_NS_L
 .text.ecat_NS_H
                0x00000000080027c4       0x14 build/spi_deal.o
                0x00000000080027c4                ecat_NS_H
 .text.MASTER_Synchro
                0x00000000080027d8       0x4c build/spi_deal.o
                0x00000000080027d8                MASTER_Synchro
 .text.SPI_TRANSMIT
                0x0000000008002824       0x54 build/spi_deal.o
                0x0000000008002824                SPI_TRANSMIT
 .text.Reset_Handler
                0x0000000008002878       0x50 build/startup_stm32f405xx.o
                0x0000000008002878                Reset_Handler
 .text.Default_Handler
                0x00000000080028c8        0x2 build/startup_stm32f405xx.o
                0x00000000080028c8                RTC_Alarm_IRQHandler
                0x00000000080028c8                HASH_RNG_IRQHandler
                0x00000000080028c8                EXTI2_IRQHandler
                0x00000000080028c8                TIM8_CC_IRQHandler
                0x00000000080028c8                TIM1_CC_IRQHandler
                0x00000000080028c8                DMA2_Stream5_IRQHandler
                0x00000000080028c8                DMA1_Stream5_IRQHandler
                0x00000000080028c8                PVD_IRQHandler
                0x00000000080028c8                SDIO_IRQHandler
                0x00000000080028c8                TAMP_STAMP_IRQHandler
                0x00000000080028c8                CAN2_RX1_IRQHandler
                0x00000000080028c8                EXTI3_IRQHandler
                0x00000000080028c8                TIM8_TRG_COM_TIM14_IRQHandler
                0x00000000080028c8                TIM1_UP_TIM10_IRQHandler
                0x00000000080028c8                TIM8_UP_TIM13_IRQHandler
                0x00000000080028c8                I2C3_ER_IRQHandler
                0x00000000080028c8                EXTI0_IRQHandler
                0x00000000080028c8                I2C2_EV_IRQHandler
                0x00000000080028c8                DMA1_Stream2_IRQHandler
                0x00000000080028c8                CAN1_RX0_IRQHandler
                0x00000000080028c8                FPU_IRQHandler
                0x00000000080028c8                OTG_HS_WKUP_IRQHandler
                0x00000000080028c8                CAN2_SCE_IRQHandler
                0x00000000080028c8                DMA2_Stream2_IRQHandler
                0x00000000080028c8                SPI1_IRQHandler
                0x00000000080028c8                TIM6_DAC_IRQHandler
                0x00000000080028c8                TIM1_BRK_TIM9_IRQHandler
                0x00000000080028c8                CAN2_RX0_IRQHandler
                0x00000000080028c8                DMA2_Stream3_IRQHandler
                0x00000000080028c8                CAN1_RX1_IRQHandler
                0x00000000080028c8                UART5_IRQHandler
                0x00000000080028c8                DMA2_Stream0_IRQHandler
                0x00000000080028c8                TIM4_IRQHandler
                0x00000000080028c8                I2C1_EV_IRQHandler
                0x00000000080028c8                DMA1_Stream6_IRQHandler
                0x00000000080028c8                DMA1_Stream1_IRQHandler
                0x00000000080028c8                UART4_IRQHandler
                0x00000000080028c8                TIM3_IRQHandler
                0x00000000080028c8                RCC_IRQHandler
                0x00000000080028c8                TIM8_BRK_TIM12_IRQHandler
                0x00000000080028c8                Default_Handler
                0x00000000080028c8                EXTI15_10_IRQHandler
                0x00000000080028c8                ADC_IRQHandler
                0x00000000080028c8                DMA1_Stream7_IRQHandler
                0x00000000080028c8                TIM7_IRQHandler
                0x00000000080028c8                CAN2_TX_IRQHandler
                0x00000000080028c8                TIM5_IRQHandler
                0x00000000080028c8                DMA2_Stream7_IRQHandler
                0x00000000080028c8                I2C3_EV_IRQHandler
                0x00000000080028c8                EXTI9_5_IRQHandler
                0x00000000080028c8                RTC_WKUP_IRQHandler
                0x00000000080028c8                OTG_HS_EP1_IN_IRQHandler
                0x00000000080028c8                DMA1_Stream0_IRQHandler
                0x00000000080028c8                CAN1_TX_IRQHandler
                0x00000000080028c8                EXTI4_IRQHandler
                0x00000000080028c8                FSMC_IRQHandler
                0x00000000080028c8                OTG_HS_EP1_OUT_IRQHandler
                0x00000000080028c8                WWDG_IRQHandler
                0x00000000080028c8                TIM2_IRQHandler
                0x00000000080028c8                OTG_FS_WKUP_IRQHandler
                0x00000000080028c8                TIM1_TRG_COM_TIM11_IRQHandler
                0x00000000080028c8                OTG_HS_IRQHandler
                0x00000000080028c8                I2C2_ER_IRQHandler
                0x00000000080028c8                DMA2_Stream1_IRQHandler
                0x00000000080028c8                CAN1_SCE_IRQHandler
                0x00000000080028c8                FLASH_IRQHandler
                0x00000000080028c8                DMA2_Stream4_IRQHandler
                0x00000000080028c8                OTG_FS_IRQHandler
                0x00000000080028c8                SPI3_IRQHandler
                0x00000000080028c8                DMA1_Stream4_IRQHandler
                0x00000000080028c8                I2C1_ER_IRQHandler
                0x00000000080028c8                DMA2_Stream6_IRQHandler
                0x00000000080028c8                DMA1_Stream3_IRQHandler
 *fill*         0x00000000080028ca        0x2 
 .text.__libc_init_array
                0x00000000080028cc       0x48 /usr/share/gcc-arm-none-eabi-10.3-2021.10/bin/../lib/gcc/arm-none-eabi/10.3.1/../../../../arm-none-eabi/lib/thumb/v7e-m+fp/hard/libc_nano.a(lib_a-init.o)
                0x00000000080028cc                __libc_init_array
 .text.memset   0x0000000008002914       0x10 /usr/share/gcc-arm-none-eabi-10.3-2021.10/bin/../lib/gcc/arm-none-eabi/10.3.1/../../../../arm-none-eabi/lib/thumb/v7e-m+fp/hard/libc_nano.a(lib_a-memset.o)
                0x0000000008002914                memset
 *(.glue_7)
 .glue_7        0x0000000008002924        0x0 linker stubs
 *(.glue_7t)
 .glue_7t       0x0000000008002924        0x0 linker stubs
 *(.eh_frame)
 .eh_frame      0x0000000008002924        0x0 /usr/share/gcc-arm-none-eabi-10.3-2021.10/bin/../lib/gcc/arm-none-eabi/10.3.1/thumb/v7e-m+fp/hard/crtbegin.o
 *(.init)
 .init          0x0000000008002924        0x4 /usr/share/gcc-arm-none-eabi-10.3-2021.10/bin/../lib/gcc/arm-none-eabi/10.3.1/thumb/v7e-m+fp/hard/crti.o
                0x0000000008002924                _init
 .init          0x0000000008002928        0x8 /usr/share/gcc-arm-none-eabi-10.3-2021.10/bin/../lib/gcc/arm-none-eabi/10.3.1/thumb/v7e-m+fp/hard/crtn.o
 *(.fini)
 .fini          0x0000000008002930        0x4 /usr/share/gcc-arm-none-eabi-10.3-2021.10/bin/../lib/gcc/arm-none-eabi/10.3.1/thumb/v7e-m+fp/hard/crti.o
                0x0000000008002930                _fini
 .fini          0x0000000008002934        0x8 /usr/share/gcc-arm-none-eabi-10.3-2021.10/bin/../lib/gcc/arm-none-eabi/10.3.1/thumb/v7e-m+fp/hard/crtn.o
                0x000000000800293c                . = ALIGN (0x4)
                0x000000000800293c                _etext = .

.vfp11_veneer   0x000000000800293c        0x0
 .vfp11_veneer  0x000000000800293c        0x0 linker stubs

.v4_bx          0x000000000800293c        0x0
 .v4_bx         0x000000000800293c        0x0 linker stubs

.iplt           0x000000000800293c        0x0
 .iplt          0x000000000800293c        0x0 /usr/share/gcc-arm-none-eabi-10.3-2021.10/bin/../lib/gcc/arm-none-eabi/10.3.1/thumb/v7e-m+fp/hard/crtbegin.o

.rodata         0x000000000800293c       0x38
                0x000000000800293c                . = ALIGN (0x4)
 *(.rodata)
 .rodata        0x000000000800293c       0x15 build/spi_deal.o
 *(.rodata*)
 *fill*         0x0000000008002951        0x3 
 .rodata.AHBPrescTable
                0x0000000008002954       0x10 build/system_stm32f4xx.o
                0x0000000008002954                AHBPrescTable
 .rodata.APBPrescTable
                0x0000000008002964        0x8 build/system_stm32f4xx.o
                0x0000000008002964                APBPrescTable
 .rodata.flagBitshiftOffset.0
                0x000000000800296c        0x8 build/stm32f4xx_hal_dma.o
                0x0000000008002974                . = ALIGN (0x4)

.ARM.extab
 *(.ARM.extab* .gnu.linkonce.armextab.*)

.ARM            0x0000000008002974        0x8
                0x0000000008002974                __exidx_start = .
 *(.ARM.exidx*)
 .ARM.exidx     0x0000000008002974        0x8 /usr/share/gcc-arm-none-eabi-10.3-2021.10/bin/../lib/gcc/arm-none-eabi/10.3.1/thumb/v7e-m+fp/hard/libgcc.a(_udivmoddi4.o)
                0x000000000800297c                __exidx_end = .

.rel.dyn        0x000000000800297c        0x0
 .rel.iplt      0x000000000800297c        0x0 /usr/share/gcc-arm-none-eabi-10.3-2021.10/bin/../lib/gcc/arm-none-eabi/10.3.1/thumb/v7e-m+fp/hard/crtbegin.o

.preinit_array  0x000000000800297c        0x0
                0x000000000800297c                PROVIDE (__preinit_array_start = .)
 *(.preinit_array*)
                0x000000000800297c                PROVIDE (__preinit_array_end = .)

.init_array     0x000000000800297c        0x4
                0x000000000800297c                PROVIDE (__init_array_start = .)
 *(SORT_BY_NAME(.init_array.*))
 *(.init_array*)
 .init_array    0x000000000800297c        0x4 /usr/share/gcc-arm-none-eabi-10.3-2021.10/bin/../lib/gcc/arm-none-eabi/10.3.1/thumb/v7e-m+fp/hard/crtbegin.o
                0x0000000008002980                PROVIDE (__init_array_end = .)

.fini_array     0x0000000008002980        0x4
                [!provide]                        PROVIDE (__fini_array_start = .)
 *(SORT_BY_NAME(.fini_array.*))
 *(.fini_array*)
 .fini_array    0x0000000008002980        0x4 /usr/share/gcc-arm-none-eabi-10.3-2021.10/bin/../lib/gcc/arm-none-eabi/10.3.1/thumb/v7e-m+fp/hard/crtbegin.o
                [!provide]                        PROVIDE (__fini_array_end = .)
                0x0000000008002984                _sidata = LOADADDR (.data)

.data           0x0000000020000000        0xc load address 0x0000000008002984
                0x0000000020000000                . = ALIGN (0x4)
                0x0000000020000000                _sdata = .
 *(.data)
 *(.data*)
 .data.SystemCoreClock
                0x0000000020000000        0x4 build/system_stm32f4xx.o
                0x0000000020000000                SystemCoreClock
 .data.uwTickFreq
                0x0000000020000004        0x1 build/stm32f4xx_hal.o
                0x0000000020000004                uwTickFreq
 *fill*         0x0000000020000005        0x3 
 .data.uwTickPrio
                0x0000000020000008        0x4 build/stm32f4xx_hal.o
                0x0000000020000008                uwTickPrio
                0x000000002000000c                . = ALIGN (0x4)
                0x000000002000000c                _edata = .
                0x0000000008002990                _siccmram = LOADADDR (.ccmram)

.igot.plt       0x000000002000000c        0x0 load address 0x0000000008002990
 .igot.plt      0x000000002000000c        0x0 /usr/share/gcc-arm-none-eabi-10.3-2021.10/bin/../lib/gcc/arm-none-eabi/10.3.1/thumb/v7e-m+fp/hard/crtbegin.o

.ccmram         0x0000000010000000        0x0 load address 0x0000000008002990
                0x0000000010000000                . = ALIGN (0x4)
                0x0000000010000000                _sccmram = .
 *(.ccmram)
 *(.ccmram*)
                0x0000000010000000                . = ALIGN (0x4)
                0x0000000010000000                _eccmram = .
                0x0000000010000000                . = ALIGN (0x4)

.bss            0x000000002000000c     0x11c0
                0x000000002000000c                _sbss = .
                0x000000002000000c                __bss_start__ = _sbss
 *(.bss)
 .bss           0x000000002000000c       0x1c /usr/share/gcc-arm-none-eabi-10.3-2021.10/bin/../lib/gcc/arm-none-eabi/10.3.1/thumb/v7e-m+fp/hard/crtbegin.o
 *(.bss*)
 .bss.hdma_spi2_rx
                0x0000000020000028       0x60 build/spi.o
                0x0000000020000028                hdma_spi2_rx
 .bss.hdma_spi2_tx
                0x0000000020000088       0x60 build/spi.o
                0x0000000020000088                hdma_spi2_tx
 .bss.hspi2     0x00000000200000e8       0x58 build/spi.o
                0x00000000200000e8                hspi2
 .bss.hdma_usart1_rx
                0x0000000020000140       0x60 build/usart.o
                0x0000000020000140                hdma_usart1_rx
 .bss.hdma_usart2_rx
                0x00000000200001a0       0x60 build/usart.o
                0x00000000200001a0                hdma_usart2_rx
 .bss.hdma_usart3_rx
                0x0000000020000200       0x60 build/usart.o
                0x0000000020000200                hdma_usart3_rx
 .bss.hdma_usart6_rx
                0x0000000020000260       0x60 build/usart.o
                0x0000000020000260                hdma_usart6_rx
 .bss.huart1    0x00000000200002c0       0x48 build/usart.o
                0x00000000200002c0                huart1
 .bss.huart2    0x0000000020000308       0x48 build/usart.o
                0x0000000020000308                huart2
 .bss.huart3    0x0000000020000350       0x48 build/usart.o
                0x0000000020000350                huart3
 .bss.huart6    0x0000000020000398       0x48 build/usart.o
                0x0000000020000398                huart6
 .bss.uwTick    0x00000000200003e0        0x4 build/stm32f4xx_hal.o
                0x00000000200003e0                uwTick
 .bss.data_leg  0x00000000200003e4      0x220 build/unitreeA1_cmd.o
                0x00000000200003e4                data_leg
 .bss.leg       0x0000000020000604      0x6a0 build/unitreeA1_recv.o
                0x0000000020000604                leg
 .bss.sbus_rx_buf_LB
                0x0000000020000ca4      0x100 build/unitreeA1_recv.o
 .bss.sbus_rx_buf_LF
                0x0000000020000da4      0x100 build/unitreeA1_recv.o
 .bss.sbus_rx_buf_RB
                0x0000000020000ea4      0x100 build/unitreeA1_recv.o
 .bss.sbus_rx_buf_RF
                0x0000000020000fa4      0x100 build/unitreeA1_recv.o
 .bss.this_time_rx_len.0
                0x00000000200010a4        0x2 build/unitreeA1_recv.o
 .bss.this_time_rx_len.1
                0x00000000200010a6        0x2 build/unitreeA1_recv.o
 .bss.this_time_rx_len.2
                0x00000000200010a8        0x2 build/unitreeA1_recv.o
 .bss.this_time_rx_len.3
                0x00000000200010aa        0x2 build/unitreeA1_recv.o
 .bss.A1date    0x00000000200010ac      0x120 build/spi_deal.o
                0x00000000200010ac                A1date
 *(COMMON)
                0x00000000200011cc                . = ALIGN (0x4)
                0x00000000200011cc                _ebss = .
                0x00000000200011cc                __bss_end__ = _ebss

._user_heap_stack
                0x00000000200011cc      0x604
                0x00000000200011d0                . = ALIGN (0x8)
 *fill*         0x00000000200011cc        0x4 
                [!provide]                        PROVIDE (end = .)
                [!provide]                        PROVIDE (_end = .)
                0x00000000200013d0                . = (. + _Min_Heap_Size)
 *fill*         0x00000000200011d0      0x200 
                0x00000000200017d0                . = (. + _Min_Stack_Size)
 *fill*         0x00000000200013d0      0x400 
                0x00000000200017d0                . = ALIGN (0x8)

/DISCARD/
 libc.a(*)
 libm.a(*)
 libgcc.a(*)

.ARM.attributes
                0x0000000000000000       0x30
 *(.ARM.attributes)
 .ARM.attributes
                0x0000000000000000       0x1e /usr/share/gcc-arm-none-eabi-10.3-2021.10/bin/../lib/gcc/arm-none-eabi/10.3.1/thumb/v7e-m+fp/hard/crti.o
 .ARM.attributes
                0x000000000000001e       0x34 /usr/share/gcc-arm-none-eabi-10.3-2021.10/bin/../lib/gcc/arm-none-eabi/10.3.1/thumb/v7e-m+fp/hard/crtbegin.o
 .ARM.attributes
                0x0000000000000052       0x34 build/dma.o
 .ARM.attributes
                0x0000000000000086       0x34 build/gpio.o
 .ARM.attributes
                0x00000000000000ba       0x34 build/main.o
 .ARM.attributes
                0x00000000000000ee       0x34 build/spi.o
 .ARM.attributes
                0x0000000000000122       0x34 build/stm32f4xx_hal_msp.o
 .ARM.attributes
                0x0000000000000156       0x34 build/stm32f4xx_it.o
 .ARM.attributes
                0x000000000000018a       0x34 build/system_stm32f4xx.o
 .ARM.attributes
                0x00000000000001be       0x34 build/usart.o
 .ARM.attributes
                0x00000000000001f2       0x34 build/stm32f4xx_hal.o
 .ARM.attributes
                0x0000000000000226       0x34 build/stm32f4xx_hal_cortex.o
 .ARM.attributes
                0x000000000000025a       0x34 build/stm32f4xx_hal_dma.o
 .ARM.attributes
                0x000000000000028e       0x34 build/stm32f4xx_hal_gpio.o
 .ARM.attributes
                0x00000000000002c2       0x34 build/stm32f4xx_hal_rcc.o
 .ARM.attributes
                0x00000000000002f6       0x34 build/stm32f4xx_hal_spi.o
 .ARM.attributes
                0x000000000000032a       0x34 build/stm32f4xx_hal_uart.o
 .ARM.attributes
                0x000000000000035e       0x34 build/bsp_dma.o
 .ARM.attributes
                0x0000000000000392       0x34 build/unitreeA1_cmd.o
 .ARM.attributes
                0x00000000000003c6       0x34 build/unitreeA1_recv.o
 .ARM.attributes
                0x00000000000003fa       0x34 build/spi_deal.o
 .ARM.attributes
                0x000000000000042e       0x21 build/startup_stm32f405xx.o
 .ARM.attributes
                0x000000000000044f       0x34 /usr/share/gcc-arm-none-eabi-10.3-2021.10/bin/../lib/gcc/arm-none-eabi/10.3.1/../../../../arm-none-eabi/lib/thumb/v7e-m+fp/hard/libc_nano.a(lib_a-init.o)
 .ARM.attributes
                0x0000000000000483       0x34 /usr/share/gcc-arm-none-eabi-10.3-2021.10/bin/../lib/gcc/arm-none-eabi/10.3.1/../../../../arm-none-eabi/lib/thumb/v7e-m+fp/hard/libc_nano.a(lib_a-memset.o)
 .ARM.attributes
                0x00000000000004b7       0x1e /usr/share/gcc-arm-none-eabi-10.3-2021.10/bin/../lib/gcc/arm-none-eabi/10.3.1/thumb/v7e-m+fp/hard/libgcc.a(_aeabi_uldivmod.o)
 .ARM.attributes
                0x00000000000004d5       0x34 /usr/share/gcc-arm-none-eabi-10.3-2021.10/bin/../lib/gcc/arm-none-eabi/10.3.1/thumb/v7e-m+fp/hard/libgcc.a(_udivmoddi4.o)
 .ARM.attributes
                0x0000000000000509       0x1e /usr/share/gcc-arm-none-eabi-10.3-2021.10/bin/../lib/gcc/arm-none-eabi/10.3.1/thumb/v7e-m+fp/hard/libgcc.a(_dvmd_tls.o)
 .ARM.attributes
                0x0000000000000527       0x1e /usr/share/gcc-arm-none-eabi-10.3-2021.10/bin/../lib/gcc/arm-none-eabi/10.3.1/thumb/v7e-m+fp/hard/crtn.o
OUTPUT(build/PLANB_F405_1.elf elf32-littlearm)
LOAD linker stubs
LOAD /usr/share/gcc-arm-none-eabi-10.3-2021.10/bin/../lib/gcc/arm-none-eabi/10.3.1/../../../../arm-none-eabi/lib/thumb/v7e-m+fp/hard/libc.a
LOAD /usr/share/gcc-arm-none-eabi-10.3-2021.10/bin/../lib/gcc/arm-none-eabi/10.3.1/../../../../arm-none-eabi/lib/thumb/v7e-m+fp/hard/libm.a
LOAD /usr/share/gcc-arm-none-eabi-10.3-2021.10/bin/../lib/gcc/arm-none-eabi/10.3.1/thumb/v7e-m+fp/hard/libgcc.a

.debug_info     0x0000000000000000    0x110e0
 .debug_info    0x0000000000000000      0x605 build/dma.o
 .debug_info    0x0000000000000605      0x72f build/gpio.o
 .debug_info    0x0000000000000d34      0x628 build/main.o
 .debug_info    0x000000000000135c      0xd85 build/spi.o
 .debug_info    0x00000000000020e1      0x2a4 build/stm32f4xx_hal_msp.o
 .debug_info    0x0000000000002385      0x6f2 build/stm32f4xx_it.o
 .debug_info    0x0000000000002a77      0x538 build/system_stm32f4xx.o
 .debug_info    0x0000000000002faf     0x10a1 build/usart.o
 .debug_info    0x0000000000004050      0x9de build/stm32f4xx_hal.o
 .debug_info    0x0000000000004a2e     0x1099 build/stm32f4xx_hal_cortex.o
 .debug_info    0x0000000000005ac7      0xb3f build/stm32f4xx_hal_dma.o
 .debug_info    0x0000000000006606      0x7b0 build/stm32f4xx_hal_gpio.o
 .debug_info    0x0000000000006db6      0xb03 build/stm32f4xx_hal_rcc.o
 .debug_info    0x00000000000078b9     0x1eb9 build/stm32f4xx_hal_spi.o
 .debug_info    0x0000000000009772     0x418f build/stm32f4xx_hal_uart.o
 .debug_info    0x000000000000d901      0x716 build/bsp_dma.o
 .debug_info    0x000000000000e017      0xce4 build/unitreeA1_cmd.o
 .debug_info    0x000000000000ecfb     0x1260 build/unitreeA1_recv.o
 .debug_info    0x000000000000ff5b     0x1163 build/spi_deal.o
 .debug_info    0x00000000000110be       0x22 build/startup_stm32f405xx.o

.debug_abbrev   0x0000000000000000     0x265e
 .debug_abbrev  0x0000000000000000      0x126 build/dma.o
 .debug_abbrev  0x0000000000000126      0x16a build/gpio.o
 .debug_abbrev  0x0000000000000290      0x1c2 build/main.o
 .debug_abbrev  0x0000000000000452      0x1ef build/spi.o
 .debug_abbrev  0x0000000000000641       0xd1 build/stm32f4xx_hal_msp.o
 .debug_abbrev  0x0000000000000712      0x18f build/stm32f4xx_it.o
 .debug_abbrev  0x00000000000008a1      0x119 build/system_stm32f4xx.o
 .debug_abbrev  0x00000000000009ba      0x237 build/usart.o
 .debug_abbrev  0x0000000000000bf1      0x206 build/stm32f4xx_hal.o
 .debug_abbrev  0x0000000000000df7      0x36a build/stm32f4xx_hal_cortex.o
 .debug_abbrev  0x0000000000001161      0x2c2 build/stm32f4xx_hal_dma.o
 .debug_abbrev  0x0000000000001423      0x1ef build/stm32f4xx_hal_gpio.o
 .debug_abbrev  0x0000000000001612      0x28a build/stm32f4xx_hal_rcc.o
 .debug_abbrev  0x000000000000189c      0x25b build/stm32f4xx_hal_spi.o
 .debug_abbrev  0x0000000000001af7      0x2fd build/stm32f4xx_hal_uart.o
 .debug_abbrev  0x0000000000001df4      0x162 build/bsp_dma.o
 .debug_abbrev  0x0000000000001f56      0x23a build/unitreeA1_cmd.o
 .debug_abbrev  0x0000000000002190      0x288 build/unitreeA1_recv.o
 .debug_abbrev  0x0000000000002418      0x234 build/spi_deal.o
 .debug_abbrev  0x000000000000264c       0x12 build/startup_stm32f405xx.o

.debug_aranges  0x0000000000000000      0x9b8
 .debug_aranges
                0x0000000000000000       0x20 build/dma.o
 .debug_aranges
                0x0000000000000020       0x20 build/gpio.o
 .debug_aranges
                0x0000000000000040       0x30 build/main.o
 .debug_aranges
                0x0000000000000070       0x30 build/spi.o
 .debug_aranges
                0x00000000000000a0       0x20 build/stm32f4xx_hal_msp.o
 .debug_aranges
                0x00000000000000c0       0x70 build/stm32f4xx_it.o
 .debug_aranges
                0x0000000000000130       0x28 build/system_stm32f4xx.o
 .debug_aranges
                0x0000000000000158       0x48 build/usart.o
 .debug_aranges
                0x00000000000001a0       0xf0 build/stm32f4xx_hal.o
 .debug_aranges
                0x0000000000000290       0xb0 build/stm32f4xx_hal_cortex.o
 .debug_aranges
                0x0000000000000340       0x90 build/stm32f4xx_hal_dma.o
 .debug_aranges
                0x00000000000003d0       0x58 build/stm32f4xx_hal_gpio.o
 .debug_aranges
                0x0000000000000428       0x88 build/stm32f4xx_hal_rcc.o
 .debug_aranges
                0x00000000000004b0      0x1d0 build/stm32f4xx_hal_spi.o
 .debug_aranges
                0x0000000000000680      0x208 build/stm32f4xx_hal_uart.o
 .debug_aranges
                0x0000000000000888       0x38 build/bsp_dma.o
 .debug_aranges
                0x00000000000008c0       0x28 build/unitreeA1_cmd.o
 .debug_aranges
                0x00000000000008e8       0x50 build/unitreeA1_recv.o
 .debug_aranges
                0x0000000000000938       0x58 build/spi_deal.o
 .debug_aranges
                0x0000000000000990       0x28 build/startup_stm32f405xx.o

.debug_ranges   0x0000000000000000      0x910
 .debug_ranges  0x0000000000000000       0x10 build/dma.o
 .debug_ranges  0x0000000000000010       0x10 build/gpio.o
 .debug_ranges  0x0000000000000020       0x20 build/main.o
 .debug_ranges  0x0000000000000040       0x20 build/spi.o
 .debug_ranges  0x0000000000000060       0x10 build/stm32f4xx_hal_msp.o
 .debug_ranges  0x0000000000000070       0x60 build/stm32f4xx_it.o
 .debug_ranges  0x00000000000000d0       0x18 build/system_stm32f4xx.o
 .debug_ranges  0x00000000000000e8       0x38 build/usart.o
 .debug_ranges  0x0000000000000120       0xe0 build/stm32f4xx_hal.o
 .debug_ranges  0x0000000000000200      0x100 build/stm32f4xx_hal_cortex.o
 .debug_ranges  0x0000000000000300       0x80 build/stm32f4xx_hal_dma.o
 .debug_ranges  0x0000000000000380       0x48 build/stm32f4xx_hal_gpio.o
 .debug_ranges  0x00000000000003c8       0x90 build/stm32f4xx_hal_rcc.o
 .debug_ranges  0x0000000000000458      0x1c0 build/stm32f4xx_hal_spi.o
 .debug_ranges  0x0000000000000618      0x210 build/stm32f4xx_hal_uart.o
 .debug_ranges  0x0000000000000828       0x28 build/bsp_dma.o
 .debug_ranges  0x0000000000000850       0x18 build/unitreeA1_cmd.o
 .debug_ranges  0x0000000000000868       0x40 build/unitreeA1_recv.o
 .debug_ranges  0x00000000000008a8       0x48 build/spi_deal.o
 .debug_ranges  0x00000000000008f0       0x20 build/startup_stm32f405xx.o

.debug_line     0x0000000000000000     0xc068
 .debug_line    0x0000000000000000      0x181 build/dma.o
 .debug_line    0x0000000000000181      0x201 build/gpio.o
 .debug_line    0x0000000000000382      0x357 build/main.o
 .debug_line    0x00000000000006d9      0x3e5 build/spi.o
 .debug_line    0x0000000000000abe      0x149 build/stm32f4xx_hal_msp.o
 .debug_line    0x0000000000000c07      0x2f0 build/stm32f4xx_it.o
 .debug_line    0x0000000000000ef7      0x23e build/system_stm32f4xx.o
 .debug_line    0x0000000000001135      0x6a6 build/usart.o
 .debug_line    0x00000000000017db      0x553 build/stm32f4xx_hal.o
 .debug_line    0x0000000000001d2e      0x77f build/stm32f4xx_hal_cortex.o
 .debug_line    0x00000000000024ad      0xe13 build/stm32f4xx_hal_dma.o
 .debug_line    0x00000000000032c0      0x6cf build/stm32f4xx_hal_gpio.o
 .debug_line    0x000000000000398f      0xafe build/stm32f4xx_hal_rcc.o
 .debug_line    0x000000000000448d     0x2598 build/stm32f4xx_hal_spi.o
 .debug_line    0x0000000000006a25     0x42a9 build/stm32f4xx_hal_uart.o
 .debug_line    0x000000000000acce      0x324 build/bsp_dma.o
 .debug_line    0x000000000000aff2      0x383 build/unitreeA1_cmd.o
 .debug_line    0x000000000000b375      0x6af build/unitreeA1_recv.o
 .debug_line    0x000000000000ba24      0x5ce build/spi_deal.o
 .debug_line    0x000000000000bff2       0x76 build/startup_stm32f405xx.o

.debug_str      0x0000000000000000     0x2fe1
 .debug_str     0x0000000000000000      0x760 build/dma.o
                                        0x7a2 (size before relaxing)
 .debug_str     0x0000000000000760       0xcc build/gpio.o
                                        0x861 (size before relaxing)
 .debug_str     0x000000000000082c      0x252 build/main.o
                                        0x50c (size before relaxing)
 .debug_str     0x0000000000000a7e      0x47f build/spi.o
                                        0xd34 (size before relaxing)
 .debug_str     0x0000000000000efd       0x29 build/stm32f4xx_hal_msp.o
                                        0x2bb (size before relaxing)
 .debug_str     0x0000000000000f26      0x101 build/stm32f4xx_it.o
                                        0x6e4 (size before relaxing)
 .debug_str     0x0000000000001027       0xd8 build/system_stm32f4xx.o
                                        0x375 (size before relaxing)
 .debug_str     0x00000000000010ff      0x232 build/usart.o
                                        0xdd6 (size before relaxing)
 .debug_str     0x0000000000001331      0x354 build/stm32f4xx_hal.o
                                        0xb39 (size before relaxing)
 .debug_str     0x0000000000001685      0x441 build/stm32f4xx_hal_cortex.o
                                        0xc22 (size before relaxing)
 .debug_str     0x0000000000001ac6      0x2ec build/stm32f4xx_hal_dma.o
                                        0x776 (size before relaxing)
 .debug_str     0x0000000000001db2      0x107 build/stm32f4xx_hal_gpio.o
                                        0x4e0 (size before relaxing)
 .debug_str     0x0000000000001eb9      0x1a1 build/stm32f4xx_hal_rcc.o
                                        0x706 (size before relaxing)
 .debug_str     0x000000000000205a      0x51d build/stm32f4xx_hal_spi.o
                                        0xbfa (size before relaxing)
 .debug_str     0x0000000000002577      0x611 build/stm32f4xx_hal_uart.o
                                        0xd9b (size before relaxing)
 .debug_str     0x0000000000002b88       0x58 build/bsp_dma.o
                                        0x6ae (size before relaxing)
 .debug_str     0x0000000000002be0      0x1bb build/unitreeA1_cmd.o
                                        0x833 (size before relaxing)
 .debug_str     0x0000000000002d9b      0x15a build/unitreeA1_recv.o
                                        0x99a (size before relaxing)
 .debug_str     0x0000000000002ef5       0xc8 build/spi_deal.o
                                        0x98d (size before relaxing)
 .debug_str     0x0000000000002fbd       0x24 build/startup_stm32f405xx.o
                                         0x66 (size before relaxing)

.comment        0x0000000000000000       0x49
 .comment       0x0000000000000000       0x49 build/dma.o
                                         0x4a (size before relaxing)
 .comment       0x0000000000000049       0x4a build/gpio.o
 .comment       0x0000000000000049       0x4a build/main.o
 .comment       0x0000000000000049       0x4a build/spi.o
 .comment       0x0000000000000049       0x4a build/stm32f4xx_hal_msp.o
 .comment       0x0000000000000049       0x4a build/stm32f4xx_it.o
 .comment       0x0000000000000049       0x4a build/system_stm32f4xx.o
 .comment       0x0000000000000049       0x4a build/usart.o
 .comment       0x0000000000000049       0x4a build/stm32f4xx_hal.o
 .comment       0x0000000000000049       0x4a build/stm32f4xx_hal_cortex.o
 .comment       0x0000000000000049       0x4a build/stm32f4xx_hal_dma.o
 .comment       0x0000000000000049       0x4a build/stm32f4xx_hal_gpio.o
 .comment       0x0000000000000049       0x4a build/stm32f4xx_hal_rcc.o
 .comment       0x0000000000000049       0x4a build/stm32f4xx_hal_spi.o
 .comment       0x0000000000000049       0x4a build/stm32f4xx_hal_uart.o
 .comment       0x0000000000000049       0x4a build/bsp_dma.o
 .comment       0x0000000000000049       0x4a build/unitreeA1_cmd.o
 .comment       0x0000000000000049       0x4a build/unitreeA1_recv.o
 .comment       0x0000000000000049       0x4a build/spi_deal.o

.debug_frame    0x0000000000000000     0x1900
 .debug_frame   0x0000000000000000       0x30 build/dma.o
 .debug_frame   0x0000000000000030       0x34 build/gpio.o
 .debug_frame   0x0000000000000064       0x58 build/main.o
 .debug_frame   0x00000000000000bc       0x68 build/spi.o
 .debug_frame   0x0000000000000124       0x28 build/stm32f4xx_hal_msp.o
 .debug_frame   0x000000000000014c       0xd8 build/stm32f4xx_it.o
 .debug_frame   0x0000000000000224       0x30 build/system_stm32f4xx.o
 .debug_frame   0x0000000000000254       0xac build/usart.o
 .debug_frame   0x0000000000000300      0x1ec build/stm32f4xx_hal.o
 .debug_frame   0x00000000000004ec      0x158 build/stm32f4xx_hal_cortex.o
 .debug_frame   0x0000000000000644      0x188 build/stm32f4xx_hal_dma.o
 .debug_frame   0x00000000000007cc       0xd8 build/stm32f4xx_hal_gpio.o
 .debug_frame   0x00000000000008a4      0x16c build/stm32f4xx_hal_rcc.o
 .debug_frame   0x0000000000000a10      0x5c8 build/stm32f4xx_hal_spi.o
 .debug_frame   0x0000000000000fd8      0x5e4 build/stm32f4xx_hal_uart.o
 .debug_frame   0x00000000000015bc       0x80 build/bsp_dma.o
 .debug_frame   0x000000000000163c       0x54 build/unitreeA1_cmd.o
 .debug_frame   0x0000000000001690       0xdc build/unitreeA1_recv.o
 .debug_frame   0x000000000000176c       0xe8 build/spi_deal.o
 .debug_frame   0x0000000000001854       0x2c /usr/share/gcc-arm-none-eabi-10.3-2021.10/bin/../lib/gcc/arm-none-eabi/10.3.1/../../../../arm-none-eabi/lib/thumb/v7e-m+fp/hard/libc_nano.a(lib_a-init.o)
 .debug_frame   0x0000000000001880       0x20 /usr/share/gcc-arm-none-eabi-10.3-2021.10/bin/../lib/gcc/arm-none-eabi/10.3.1/../../../../arm-none-eabi/lib/thumb/v7e-m+fp/hard/libc_nano.a(lib_a-memset.o)
 .debug_frame   0x00000000000018a0       0x2c /usr/share/gcc-arm-none-eabi-10.3-2021.10/bin/../lib/gcc/arm-none-eabi/10.3.1/thumb/v7e-m+fp/hard/libgcc.a(_aeabi_uldivmod.o)
 .debug_frame   0x00000000000018cc       0x34 /usr/share/gcc-arm-none-eabi-10.3-2021.10/bin/../lib/gcc/arm-none-eabi/10.3.1/thumb/v7e-m+fp/hard/libgcc.a(_udivmoddi4.o)

.debug_loc      0x0000000000000000     0x8b94
 .debug_loc     0x0000000000000000       0x71 build/spi.o
 .debug_loc     0x0000000000000071      0x158 build/system_stm32f4xx.o
 .debug_loc     0x00000000000001c9      0x114 build/usart.o
 .debug_loc     0x00000000000002dd      0x141 build/stm32f4xx_hal.o
 .debug_loc     0x000000000000041e      0x744 build/stm32f4xx_hal_cortex.o
 .debug_loc     0x0000000000000b62      0xbf9 build/stm32f4xx_hal_dma.o
 .debug_loc     0x000000000000175b      0x520 build/stm32f4xx_hal_gpio.o
 .debug_loc     0x0000000000001c7b      0x58c build/stm32f4xx_hal_rcc.o
 .debug_loc     0x0000000000002207     0x1f70 build/stm32f4xx_hal_spi.o
 .debug_loc     0x0000000000004177     0x46c8 build/stm32f4xx_hal_uart.o
 .debug_loc     0x000000000000883f       0x94 build/bsp_dma.o
 .debug_loc     0x00000000000088d3      0x1ac build/unitreeA1_cmd.o
 .debug_loc     0x0000000000008a7f       0x32 build/unitreeA1_recv.o
 .debug_loc     0x0000000000008ab1       0xe3 build/spi_deal.o

Cross Reference Table

Symbol                                            File
A1date                                            build/spi_deal.o
                                                  build/unitreeA1_recv.o
ADC_IRQHandler                                    build/startup_stm32f405xx.o
AHBPrescTable                                     build/system_stm32f4xx.o
                                                  build/stm32f4xx_hal_rcc.o
APBPrescTable                                     build/system_stm32f4xx.o
                                                  build/stm32f4xx_hal_rcc.o
BusFault_Handler                                  build/stm32f4xx_it.o
CAN1_RX0_IRQHandler                               build/startup_stm32f405xx.o
CAN1_RX1_IRQHandler                               build/startup_stm32f405xx.o
CAN1_SCE_IRQHandler                               build/startup_stm32f405xx.o
CAN1_TX_IRQHandler                                build/startup_stm32f405xx.o
CAN2_RX0_IRQHandler                               build/startup_stm32f405xx.o
CAN2_RX1_IRQHandler                               build/startup_stm32f405xx.o
CAN2_SCE_IRQHandler                               build/startup_stm32f405xx.o
CAN2_TX_IRQHandler                                build/startup_stm32f405xx.o
DMA1_Stream0_IRQHandler                           build/startup_stm32f405xx.o
DMA1_Stream1_IRQHandler                           build/startup_stm32f405xx.o
DMA1_Stream2_IRQHandler                           build/startup_stm32f405xx.o
DMA1_Stream3_IRQHandler                           build/startup_stm32f405xx.o
DMA1_Stream4_IRQHandler                           build/startup_stm32f405xx.o
DMA1_Stream5_IRQHandler                           build/startup_stm32f405xx.o
DMA1_Stream6_IRQHandler                           build/startup_stm32f405xx.o
DMA1_Stream7_IRQHandler                           build/startup_stm32f405xx.o
DMA2_Stream0_IRQHandler                           build/startup_stm32f405xx.o
DMA2_Stream1_IRQHandler                           build/startup_stm32f405xx.o
DMA2_Stream2_IRQHandler                           build/startup_stm32f405xx.o
DMA2_Stream3_IRQHandler                           build/startup_stm32f405xx.o
DMA2_Stream4_IRQHandler                           build/startup_stm32f405xx.o
DMA2_Stream5_IRQHandler                           build/startup_stm32f405xx.o
DMA2_Stream6_IRQHandler                           build/startup_stm32f405xx.o
DMA2_Stream7_IRQHandler                           build/startup_stm32f405xx.o
DateCheck_DateModfy                               build/spi_deal.o
DebugMon_Handler                                  build/stm32f4xx_it.o
Default_Handler                                   build/startup_stm32f405xx.o
EXTI0_IRQHandler                                  build/startup_stm32f405xx.o
EXTI15_10_IRQHandler                              build/startup_stm32f405xx.o
EXTI1_IRQHandler                                  build/stm32f4xx_it.o
EXTI2_IRQHandler                                  build/startup_stm32f405xx.o
EXTI3_IRQHandler                                  build/startup_stm32f405xx.o
EXTI4_IRQHandler                                  build/startup_stm32f405xx.o
EXTI9_5_IRQHandler                                build/startup_stm32f405xx.o
Error_Handler                                     build/main.o
                                                  build/spi_deal.o
                                                  build/usart.o
                                                  build/spi.o
FLASH_Erase_Sector                                build/stm32f4xx_hal_flash_ex.o
                                                  build/stm32f4xx_hal_flash.o
FLASH_FlushCaches                                 build/stm32f4xx_hal_flash_ex.o
                                                  build/stm32f4xx_hal_flash.o
FLASH_IRQHandler                                  build/startup_stm32f405xx.o
FLASH_WaitForLastOperation                        build/stm32f4xx_hal_flash.o
                                                  build/stm32f4xx_hal_flash_ex.o
FPU_IRQHandler                                    build/startup_stm32f405xx.o
FSMC_IRQHandler                                   build/startup_stm32f405xx.o
HAL_CORTEX_ClearEvent                             build/stm32f4xx_hal_cortex.o
HAL_DBGMCU_DisableDBGSleepMode                    build/stm32f4xx_hal.o
HAL_DBGMCU_DisableDBGStandbyMode                  build/stm32f4xx_hal.o
HAL_DBGMCU_DisableDBGStopMode                     build/stm32f4xx_hal.o
HAL_DBGMCU_EnableDBGSleepMode                     build/stm32f4xx_hal.o
HAL_DBGMCU_EnableDBGStandbyMode                   build/stm32f4xx_hal.o
HAL_DBGMCU_EnableDBGStopMode                      build/stm32f4xx_hal.o
HAL_DMAEx_ChangeMemory                            build/stm32f4xx_hal_dma_ex.o
HAL_DMAEx_MultiBufferStart                        build/stm32f4xx_hal_dma_ex.o
HAL_DMAEx_MultiBufferStart_IT                     build/stm32f4xx_hal_dma_ex.o
HAL_DMA_Abort                                     build/stm32f4xx_hal_dma.o
                                                  build/stm32f4xx_hal_uart.o
                                                  build/stm32f4xx_hal_spi.o
HAL_DMA_Abort_IT                                  build/stm32f4xx_hal_dma.o
                                                  build/stm32f4xx_hal_uart.o
                                                  build/stm32f4xx_hal_spi.o
HAL_DMA_DeInit                                    build/stm32f4xx_hal_dma.o
                                                  build/usart.o
                                                  build/spi.o
HAL_DMA_GetError                                  build/stm32f4xx_hal_dma.o
                                                  build/stm32f4xx_hal_uart.o
HAL_DMA_GetState                                  build/stm32f4xx_hal_dma.o
HAL_DMA_IRQHandler                                build/stm32f4xx_hal_dma.o
HAL_DMA_Init                                      build/stm32f4xx_hal_dma.o
                                                  build/usart.o
                                                  build/spi.o
HAL_DMA_PollForTransfer                           build/stm32f4xx_hal_dma.o
HAL_DMA_RegisterCallback                          build/stm32f4xx_hal_dma.o
HAL_DMA_Start                                     build/stm32f4xx_hal_dma.o
HAL_DMA_Start_IT                                  build/stm32f4xx_hal_dma.o
                                                  build/stm32f4xx_hal_uart.o
                                                  build/stm32f4xx_hal_spi.o
HAL_DMA_UnRegisterCallback                        build/stm32f4xx_hal_dma.o
HAL_DeInit                                        build/stm32f4xx_hal.o
HAL_Delay                                         build/stm32f4xx_hal.o
HAL_DisableCompensationCell                       build/stm32f4xx_hal.o
HAL_EXTI_ClearConfigLine                          build/stm32f4xx_hal_exti.o
HAL_EXTI_ClearPending                             build/stm32f4xx_hal_exti.o
HAL_EXTI_GenerateSWI                              build/stm32f4xx_hal_exti.o
HAL_EXTI_GetConfigLine                            build/stm32f4xx_hal_exti.o
HAL_EXTI_GetHandle                                build/stm32f4xx_hal_exti.o
HAL_EXTI_GetPending                               build/stm32f4xx_hal_exti.o
HAL_EXTI_IRQHandler                               build/stm32f4xx_hal_exti.o
HAL_EXTI_RegisterCallback                         build/stm32f4xx_hal_exti.o
HAL_EXTI_SetConfigLine                            build/stm32f4xx_hal_exti.o
HAL_EnableCompensationCell                        build/stm32f4xx_hal.o
HAL_FLASHEx_Erase                                 build/stm32f4xx_hal_flash_ex.o
HAL_FLASHEx_Erase_IT                              build/stm32f4xx_hal_flash_ex.o
HAL_FLASHEx_OBGetConfig                           build/stm32f4xx_hal_flash_ex.o
HAL_FLASHEx_OBProgram                             build/stm32f4xx_hal_flash_ex.o
HAL_FLASH_EndOfOperationCallback                  build/stm32f4xx_hal_flash.o
HAL_FLASH_GetError                                build/stm32f4xx_hal_flash.o
HAL_FLASH_IRQHandler                              build/stm32f4xx_hal_flash.o
HAL_FLASH_Lock                                    build/stm32f4xx_hal_flash.o
HAL_FLASH_OB_Launch                               build/stm32f4xx_hal_flash.o
HAL_FLASH_OB_Lock                                 build/stm32f4xx_hal_flash.o
HAL_FLASH_OB_Unlock                               build/stm32f4xx_hal_flash.o
HAL_FLASH_OperationErrorCallback                  build/stm32f4xx_hal_flash.o
HAL_FLASH_Program                                 build/stm32f4xx_hal_flash.o
HAL_FLASH_Program_IT                              build/stm32f4xx_hal_flash.o
HAL_FLASH_Unlock                                  build/stm32f4xx_hal_flash.o
HAL_GPIO_DeInit                                   build/stm32f4xx_hal_gpio.o
                                                  build/usart.o
                                                  build/spi.o
HAL_GPIO_EXTI_Callback                            build/stm32f4xx_hal_gpio.o
HAL_GPIO_EXTI_IRQHandler                          build/stm32f4xx_hal_gpio.o
                                                  build/stm32f4xx_it.o
HAL_GPIO_Init                                     build/stm32f4xx_hal_gpio.o
                                                  build/stm32f4xx_hal_rcc.o
                                                  build/usart.o
                                                  build/spi.o
                                                  build/gpio.o
HAL_GPIO_LockPin                                  build/stm32f4xx_hal_gpio.o
HAL_GPIO_ReadPin                                  build/stm32f4xx_hal_gpio.o
HAL_GPIO_TogglePin                                build/stm32f4xx_hal_gpio.o
HAL_GPIO_WritePin                                 build/stm32f4xx_hal_gpio.o
                                                  build/spi_deal.o
                                                  build/gpio.o
HAL_GetDEVID                                      build/stm32f4xx_hal.o
HAL_GetHalVersion                                 build/stm32f4xx_hal.o
HAL_GetREVID                                      build/stm32f4xx_hal.o
HAL_GetTick                                       build/stm32f4xx_hal.o
                                                  build/stm32f4xx_hal_uart.o
                                                  build/stm32f4xx_hal_spi.o
                                                  build/stm32f4xx_hal_rcc_ex.o
                                                  build/stm32f4xx_hal_rcc.o
                                                  build/stm32f4xx_hal_pwr_ex.o
                                                  build/stm32f4xx_hal_flash.o
                                                  build/stm32f4xx_hal_dma.o
HAL_GetTickFreq                                   build/stm32f4xx_hal.o
HAL_GetTickPrio                                   build/stm32f4xx_hal.o
HAL_GetUIDw0                                      build/stm32f4xx_hal.o
HAL_GetUIDw1                                      build/stm32f4xx_hal.o
HAL_GetUIDw2                                      build/stm32f4xx_hal.o
HAL_HalfDuplex_EnableReceiver                     build/stm32f4xx_hal_uart.o
HAL_HalfDuplex_EnableTransmitter                  build/stm32f4xx_hal_uart.o
HAL_HalfDuplex_Init                               build/stm32f4xx_hal_uart.o
HAL_IncTick                                       build/stm32f4xx_hal.o
                                                  build/stm32f4xx_it.o
HAL_Init                                          build/stm32f4xx_hal.o
                                                  build/main.o
HAL_InitTick                                      build/stm32f4xx_hal.o
                                                  build/stm32f4xx_hal_rcc_ex.o
                                                  build/stm32f4xx_hal_rcc.o
HAL_LIN_Init                                      build/stm32f4xx_hal_uart.o
HAL_LIN_SendBreak                                 build/stm32f4xx_hal_uart.o
HAL_MPU_ConfigRegion                              build/stm32f4xx_hal_cortex.o
HAL_MPU_Disable                                   build/stm32f4xx_hal_cortex.o
HAL_MPU_Enable                                    build/stm32f4xx_hal_cortex.o
HAL_MspDeInit                                     build/stm32f4xx_hal.o
HAL_MspInit                                       build/stm32f4xx_hal_msp.o
HAL_MultiProcessor_EnterMuteMode                  build/stm32f4xx_hal_uart.o
HAL_MultiProcessor_ExitMuteMode                   build/stm32f4xx_hal_uart.o
HAL_MultiProcessor_Init                           build/stm32f4xx_hal_uart.o
HAL_NVIC_ClearPendingIRQ                          build/stm32f4xx_hal_cortex.o
HAL_NVIC_DisableIRQ                               build/stm32f4xx_hal_cortex.o
                                                  build/usart.o
                                                  build/spi.o
HAL_NVIC_EnableIRQ                                build/stm32f4xx_hal_cortex.o
                                                  build/usart.o
                                                  build/spi.o
                                                  build/gpio.o
                                                  build/dma.o
HAL_NVIC_GetActive                                build/stm32f4xx_hal_cortex.o
HAL_NVIC_GetPendingIRQ                            build/stm32f4xx_hal_cortex.o
HAL_NVIC_GetPriority                              build/stm32f4xx_hal_cortex.o
HAL_NVIC_GetPriorityGrouping                      build/stm32f4xx_hal_cortex.o
HAL_NVIC_SetPendingIRQ                            build/stm32f4xx_hal_cortex.o
HAL_NVIC_SetPriority                              build/stm32f4xx_hal_cortex.o
                                                  build/stm32f4xx_hal.o
                                                  build/usart.o
                                                  build/spi.o
                                                  build/gpio.o
                                                  build/dma.o
HAL_NVIC_SetPriorityGrouping                      build/stm32f4xx_hal_cortex.o
                                                  build/stm32f4xx_hal.o
HAL_NVIC_SystemReset                              build/stm32f4xx_hal_cortex.o
HAL_PWREx_ControlVoltageScaling                   build/stm32f4xx_hal_pwr_ex.o
HAL_PWREx_DisableBkUpReg                          build/stm32f4xx_hal_pwr_ex.o
HAL_PWREx_DisableFlashPowerDown                   build/stm32f4xx_hal_pwr_ex.o
HAL_PWREx_EnableBkUpReg                           build/stm32f4xx_hal_pwr_ex.o
HAL_PWREx_EnableFlashPowerDown                    build/stm32f4xx_hal_pwr_ex.o
HAL_PWREx_GetVoltageRange                         build/stm32f4xx_hal_pwr_ex.o
HAL_PWR_ConfigPVD                                 build/stm32f4xx_hal_pwr.o
HAL_PWR_DeInit                                    build/stm32f4xx_hal_pwr.o
HAL_PWR_DisableBkUpAccess                         build/stm32f4xx_hal_pwr.o
HAL_PWR_DisablePVD                                build/stm32f4xx_hal_pwr.o
HAL_PWR_DisableSEVOnPend                          build/stm32f4xx_hal_pwr.o
HAL_PWR_DisableSleepOnExit                        build/stm32f4xx_hal_pwr.o
HAL_PWR_DisableWakeUpPin                          build/stm32f4xx_hal_pwr.o
HAL_PWR_EnableBkUpAccess                          build/stm32f4xx_hal_pwr.o
HAL_PWR_EnablePVD                                 build/stm32f4xx_hal_pwr.o
HAL_PWR_EnableSEVOnPend                           build/stm32f4xx_hal_pwr.o
HAL_PWR_EnableSleepOnExit                         build/stm32f4xx_hal_pwr.o
HAL_PWR_EnableWakeUpPin                           build/stm32f4xx_hal_pwr.o
HAL_PWR_EnterSLEEPMode                            build/stm32f4xx_hal_pwr.o
HAL_PWR_EnterSTANDBYMode                          build/stm32f4xx_hal_pwr.o
HAL_PWR_EnterSTOPMode                             build/stm32f4xx_hal_pwr.o
HAL_PWR_PVDCallback                               build/stm32f4xx_hal_pwr.o
HAL_PWR_PVD_IRQHandler                            build/stm32f4xx_hal_pwr.o
HAL_RCCEx_DisablePLLI2S                           build/stm32f4xx_hal_rcc_ex.o
HAL_RCCEx_EnablePLLI2S                            build/stm32f4xx_hal_rcc_ex.o
HAL_RCCEx_GetPeriphCLKConfig                      build/stm32f4xx_hal_rcc_ex.o
HAL_RCCEx_GetPeriphCLKFreq                        build/stm32f4xx_hal_rcc_ex.o
HAL_RCCEx_PeriphCLKConfig                         build/stm32f4xx_hal_rcc_ex.o
HAL_RCC_CSSCallback                               build/stm32f4xx_hal_rcc.o
HAL_RCC_ClockConfig                               build/stm32f4xx_hal_rcc.o
                                                  build/main.o
HAL_RCC_DeInit                                    build/stm32f4xx_hal_rcc_ex.o
                                                  build/stm32f4xx_hal_rcc.o
HAL_RCC_DisableCSS                                build/stm32f4xx_hal_rcc.o
HAL_RCC_EnableCSS                                 build/stm32f4xx_hal_rcc.o
HAL_RCC_GetClockConfig                            build/stm32f4xx_hal_rcc.o
HAL_RCC_GetHCLKFreq                               build/stm32f4xx_hal_rcc.o
HAL_RCC_GetOscConfig                              build/stm32f4xx_hal_rcc.o
HAL_RCC_GetPCLK1Freq                              build/stm32f4xx_hal_rcc.o
                                                  build/stm32f4xx_hal_uart.o
HAL_RCC_GetPCLK2Freq                              build/stm32f4xx_hal_rcc.o
                                                  build/stm32f4xx_hal_uart.o
HAL_RCC_GetSysClockFreq                           build/stm32f4xx_hal_rcc.o
HAL_RCC_MCOConfig                                 build/stm32f4xx_hal_rcc.o
HAL_RCC_NMI_IRQHandler                            build/stm32f4xx_hal_rcc.o
HAL_RCC_OscConfig                                 build/stm32f4xx_hal_rcc.o
                                                  build/main.o
HAL_ResumeTick                                    build/stm32f4xx_hal.o
HAL_SPI_Abort                                     build/stm32f4xx_hal_spi.o
HAL_SPI_AbortCpltCallback                         build/stm32f4xx_hal_spi.o
HAL_SPI_Abort_IT                                  build/stm32f4xx_hal_spi.o
HAL_SPI_DMAPause                                  build/stm32f4xx_hal_spi.o
HAL_SPI_DMAResume                                 build/stm32f4xx_hal_spi.o
HAL_SPI_DMAStop                                   build/stm32f4xx_hal_spi.o
HAL_SPI_DeInit                                    build/stm32f4xx_hal_spi.o
HAL_SPI_ErrorCallback                             build/stm32f4xx_hal_spi.o
HAL_SPI_GetError                                  build/stm32f4xx_hal_spi.o
HAL_SPI_GetState                                  build/stm32f4xx_hal_spi.o
                                                  build/spi_deal.o
HAL_SPI_IRQHandler                                build/stm32f4xx_hal_spi.o
                                                  build/stm32f4xx_it.o
HAL_SPI_Init                                      build/stm32f4xx_hal_spi.o
                                                  build/spi.o
HAL_SPI_MspDeInit                                 build/spi.o
HAL_SPI_MspInit                                   build/spi.o
HAL_SPI_Receive                                   build/stm32f4xx_hal_spi.o
HAL_SPI_Receive_DMA                               build/stm32f4xx_hal_spi.o
HAL_SPI_Receive_IT                                build/stm32f4xx_hal_spi.o
                                                  build/spi_deal.o
HAL_SPI_RxCpltCallback                            build/stm32f4xx_hal_spi.o
HAL_SPI_RxHalfCpltCallback                        build/stm32f4xx_hal_spi.o
HAL_SPI_Transmit                                  build/stm32f4xx_hal_spi.o
HAL_SPI_TransmitReceive                           build/stm32f4xx_hal_spi.o
                                                  build/spi_deal.o
HAL_SPI_TransmitReceive_DMA                       build/stm32f4xx_hal_spi.o
HAL_SPI_TransmitReceive_IT                        build/stm32f4xx_hal_spi.o
                                                  build/spi_deal.o
HAL_SPI_Transmit_DMA                              build/stm32f4xx_hal_spi.o
HAL_SPI_Transmit_IT                               build/stm32f4xx_hal_spi.o
                                                  build/spi_deal.o
HAL_SPI_TxCpltCallback                            build/stm32f4xx_hal_spi.o
HAL_SPI_TxHalfCpltCallback                        build/stm32f4xx_hal_spi.o
HAL_SPI_TxRxCpltCallback                          build/stm32f4xx_hal_spi.o
HAL_SPI_TxRxHalfCpltCallback                      build/stm32f4xx_hal_spi.o
HAL_SYSTICK_CLKSourceConfig                       build/stm32f4xx_hal_cortex.o
HAL_SYSTICK_Callback                              build/stm32f4xx_hal_cortex.o
HAL_SYSTICK_Config                                build/stm32f4xx_hal_cortex.o
                                                  build/stm32f4xx_hal.o
HAL_SYSTICK_IRQHandler                            build/stm32f4xx_hal_cortex.o
HAL_SetTickFreq                                   build/stm32f4xx_hal.o
HAL_SuspendTick                                   build/stm32f4xx_hal.o
HAL_UARTEx_GetRxEventType                         build/stm32f4xx_hal_uart.o
HAL_UARTEx_ReceiveToIdle                          build/stm32f4xx_hal_uart.o
HAL_UARTEx_ReceiveToIdle_DMA                      build/stm32f4xx_hal_uart.o
HAL_UARTEx_ReceiveToIdle_IT                       build/stm32f4xx_hal_uart.o
HAL_UARTEx_RxEventCallback                        build/stm32f4xx_hal_uart.o
HAL_UART_Abort                                    build/stm32f4xx_hal_uart.o
HAL_UART_AbortCpltCallback                        build/stm32f4xx_hal_uart.o
HAL_UART_AbortReceive                             build/stm32f4xx_hal_uart.o
HAL_UART_AbortReceiveCpltCallback                 build/stm32f4xx_hal_uart.o
HAL_UART_AbortReceive_IT                          build/stm32f4xx_hal_uart.o
HAL_UART_AbortTransmit                            build/stm32f4xx_hal_uart.o
HAL_UART_AbortTransmitCpltCallback                build/stm32f4xx_hal_uart.o
HAL_UART_AbortTransmit_IT                         build/stm32f4xx_hal_uart.o
HAL_UART_Abort_IT                                 build/stm32f4xx_hal_uart.o
HAL_UART_DMAPause                                 build/stm32f4xx_hal_uart.o
HAL_UART_DMAResume                                build/stm32f4xx_hal_uart.o
HAL_UART_DMAStop                                  build/stm32f4xx_hal_uart.o
HAL_UART_DeInit                                   build/stm32f4xx_hal_uart.o
HAL_UART_ErrorCallback                            build/stm32f4xx_hal_uart.o
HAL_UART_GetError                                 build/stm32f4xx_hal_uart.o
HAL_UART_GetState                                 build/stm32f4xx_hal_uart.o
HAL_UART_IRQHandler                               build/stm32f4xx_hal_uart.o
HAL_UART_Init                                     build/stm32f4xx_hal_uart.o
                                                  build/usart.o
HAL_UART_MspDeInit                                build/usart.o
HAL_UART_MspInit                                  build/usart.o
HAL_UART_Receive                                  build/stm32f4xx_hal_uart.o
HAL_UART_Receive_DMA                              build/stm32f4xx_hal_uart.o
HAL_UART_Receive_IT                               build/stm32f4xx_hal_uart.o
HAL_UART_RxCpltCallback                           build/stm32f4xx_hal_uart.o
HAL_UART_RxHalfCpltCallback                       build/stm32f4xx_hal_uart.o
HAL_UART_Transmit                                 build/stm32f4xx_hal_uart.o
                                                  build/unitreeA1_cmd.o
HAL_UART_Transmit_DMA                             build/stm32f4xx_hal_uart.o
HAL_UART_Transmit_IT                              build/stm32f4xx_hal_uart.o
HAL_UART_TxCpltCallback                           build/stm32f4xx_hal_uart.o
HAL_UART_TxHalfCpltCallback                       build/stm32f4xx_hal_uart.o
HASH_RNG_IRQHandler                               build/startup_stm32f405xx.o
HardFault_Handler                                 build/stm32f4xx_it.o
I2C1_ER_IRQHandler                                build/startup_stm32f405xx.o
I2C1_EV_IRQHandler                                build/startup_stm32f405xx.o
I2C2_ER_IRQHandler                                build/startup_stm32f405xx.o
I2C2_EV_IRQHandler                                build/startup_stm32f405xx.o
I2C3_ER_IRQHandler                                build/startup_stm32f405xx.o
I2C3_EV_IRQHandler                                build/startup_stm32f405xx.o
MASTER_Synchro                                    build/spi_deal.o
MX_DMA_Init                                       build/dma.o
                                                  build/main.o
MX_GPIO_Init                                      build/gpio.o
                                                  build/main.o
MX_SPI2_Init                                      build/spi.o
                                                  build/main.o
MX_USART1_UART_Init                               build/usart.o
                                                  build/main.o
MX_USART2_UART_Init                               build/usart.o
                                                  build/main.o
MX_USART3_UART_Init                               build/usart.o
                                                  build/main.o
MX_USART6_UART_Init                               build/usart.o
                                                  build/main.o
MemManage_Handler                                 build/stm32f4xx_it.o
NMI_Handler                                       build/stm32f4xx_it.o
OTG_FS_IRQHandler                                 build/startup_stm32f405xx.o
OTG_FS_WKUP_IRQHandler                            build/startup_stm32f405xx.o
OTG_HS_EP1_IN_IRQHandler                          build/startup_stm32f405xx.o
OTG_HS_EP1_OUT_IRQHandler                         build/startup_stm32f405xx.o
OTG_HS_IRQHandler                                 build/startup_stm32f405xx.o
OTG_HS_WKUP_IRQHandler                            build/startup_stm32f405xx.o
PVD_IRQHandler                                    build/startup_stm32f405xx.o
PendSV_Handler                                    build/stm32f4xx_it.o
RC1_init                                          build/bsp_dma.o
                                                  build/unitreeA1_recv.o
RC2_init                                          build/bsp_dma.o
                                                  build/unitreeA1_recv.o
RC3_init                                          build/bsp_dma.o
                                                  build/unitreeA1_recv.o
RC6_init                                          build/bsp_dma.o
                                                  build/unitreeA1_recv.o
RCC_IRQHandler                                    build/startup_stm32f405xx.o
RTC_Alarm_IRQHandler                              build/startup_stm32f405xx.o
RTC_WKUP_IRQHandler                               build/startup_stm32f405xx.o
RXA1cmd                                           build/spi_deal.o
Reset_Handler                                     build/startup_stm32f405xx.o
RxComplete                                        build/spi_deal.o
SDIO_IRQHandler                                   build/startup_stm32f405xx.o
SPI1_IRQHandler                                   build/startup_stm32f405xx.o
SPI2_IRQHandler                                   build/stm32f4xx_it.o
SPI3_IRQHandler                                   build/startup_stm32f405xx.o
SPI_RECEIVE                                       build/spi_deal.o
SPI_RXdate                                        build/spi_deal.o
SPI_TRANSMIT                                      build/spi_deal.o
                                                  build/main.o
SVC_Handler                                       build/stm32f4xx_it.o
SysTick_Handler                                   build/stm32f4xx_it.o
SystemClock_Config                                build/main.o
SystemCoreClock                                   build/system_stm32f4xx.o
                                                  build/stm32f4xx_hal_spi.o
                                                  build/stm32f4xx_hal_rcc_ex.o
                                                  build/stm32f4xx_hal_rcc.o
                                                  build/stm32f4xx_hal_dma.o
                                                  build/stm32f4xx_hal.o
SystemCoreClockUpdate                             build/system_stm32f4xx.o
SystemInit                                        build/system_stm32f4xx.o
                                                  build/startup_stm32f405xx.o
TAMP_STAMP_IRQHandler                             build/startup_stm32f405xx.o
TIM1_BRK_TIM9_IRQHandler                          build/startup_stm32f405xx.o
TIM1_CC_IRQHandler                                build/startup_stm32f405xx.o
TIM1_TRG_COM_TIM11_IRQHandler                     build/startup_stm32f405xx.o
TIM1_UP_TIM10_IRQHandler                          build/startup_stm32f405xx.o
TIM2_IRQHandler                                   build/startup_stm32f405xx.o
TIM3_IRQHandler                                   build/startup_stm32f405xx.o
TIM4_IRQHandler                                   build/startup_stm32f405xx.o
TIM5_IRQHandler                                   build/startup_stm32f405xx.o
TIM6_DAC_IRQHandler                               build/startup_stm32f405xx.o
TIM7_IRQHandler                                   build/startup_stm32f405xx.o
TIM8_BRK_TIM12_IRQHandler                         build/startup_stm32f405xx.o
TIM8_CC_IRQHandler                                build/startup_stm32f405xx.o
TIM8_TRG_COM_TIM14_IRQHandler                     build/startup_stm32f405xx.o
TIM8_UP_TIM13_IRQHandler                          build/startup_stm32f405xx.o
UART4_IRQHandler                                  build/startup_stm32f405xx.o
UART5_IRQHandler                                  build/startup_stm32f405xx.o
UART_Start_Receive_DMA                            build/stm32f4xx_hal_uart.o
UART_Start_Receive_IT                             build/stm32f4xx_hal_uart.o
USART1_IRQHandler                                 build/unitreeA1_recv.o
USART2_IRQHandler                                 build/unitreeA1_recv.o
USART3_IRQHandler                                 build/unitreeA1_recv.o
USART6_IRQHandler                                 build/unitreeA1_recv.o
UsageFault_Handler                                build/stm32f4xx_it.o
WWDG_IRQHandler                                   build/startup_stm32f405xx.o
__aeabi_idiv0                                     /usr/share/gcc-arm-none-eabi-10.3-2021.10/bin/../lib/gcc/arm-none-eabi/10.3.1/thumb/v7e-m+fp/hard/libgcc.a(_dvmd_tls.o)
__aeabi_ldiv0                                     /usr/share/gcc-arm-none-eabi-10.3-2021.10/bin/../lib/gcc/arm-none-eabi/10.3.1/thumb/v7e-m+fp/hard/libgcc.a(_dvmd_tls.o)
                                                  /usr/share/gcc-arm-none-eabi-10.3-2021.10/bin/../lib/gcc/arm-none-eabi/10.3.1/thumb/v7e-m+fp/hard/libgcc.a(_aeabi_uldivmod.o)
__aeabi_uldivmod                                  /usr/share/gcc-arm-none-eabi-10.3-2021.10/bin/../lib/gcc/arm-none-eabi/10.3.1/thumb/v7e-m+fp/hard/libgcc.a(_aeabi_uldivmod.o)
                                                  build/stm32f4xx_hal_uart.o
                                                  build/stm32f4xx_hal_rcc.o
__bss_end__                                       /usr/share/gcc-arm-none-eabi-10.3-2021.10/bin/../lib/gcc/arm-none-eabi/10.3.1/../../../../arm-none-eabi/lib/thumb/v7e-m+fp/hard/crt0.o
__bss_start__                                     /usr/share/gcc-arm-none-eabi-10.3-2021.10/bin/../lib/gcc/arm-none-eabi/10.3.1/../../../../arm-none-eabi/lib/thumb/v7e-m+fp/hard/crt0.o
__call_exitprocs                                  /usr/share/gcc-arm-none-eabi-10.3-2021.10/bin/../lib/gcc/arm-none-eabi/10.3.1/../../../../arm-none-eabi/lib/thumb/v7e-m+fp/hard/libc_nano.a(lib_a-exit.o)
__deregister_frame_info                           /usr/share/gcc-arm-none-eabi-10.3-2021.10/bin/../lib/gcc/arm-none-eabi/10.3.1/thumb/v7e-m+fp/hard/crtbegin.o
__dso_handle                                      /usr/share/gcc-arm-none-eabi-10.3-2021.10/bin/../lib/gcc/arm-none-eabi/10.3.1/thumb/v7e-m+fp/hard/crtbegin.o
__init_array_end                                  /usr/share/gcc-arm-none-eabi-10.3-2021.10/bin/../lib/gcc/arm-none-eabi/10.3.1/../../../../arm-none-eabi/lib/thumb/v7e-m+fp/hard/libc_nano.a(lib_a-init.o)
__init_array_start                                /usr/share/gcc-arm-none-eabi-10.3-2021.10/bin/../lib/gcc/arm-none-eabi/10.3.1/../../../../arm-none-eabi/lib/thumb/v7e-m+fp/hard/libc_nano.a(lib_a-init.o)
__libc_fini_array                                 /usr/share/gcc-arm-none-eabi-10.3-2021.10/bin/../lib/gcc/arm-none-eabi/10.3.1/../../../../arm-none-eabi/lib/thumb/v7e-m+fp/hard/crt0.o
__libc_init_array                                 /usr/share/gcc-arm-none-eabi-10.3-2021.10/bin/../lib/gcc/arm-none-eabi/10.3.1/../../../../arm-none-eabi/lib/thumb/v7e-m+fp/hard/libc_nano.a(lib_a-init.o)
                                                  build/startup_stm32f405xx.o
                                                  /usr/share/gcc-arm-none-eabi-10.3-2021.10/bin/../lib/gcc/arm-none-eabi/10.3.1/../../../../arm-none-eabi/lib/thumb/v7e-m+fp/hard/crt0.o
__preinit_array_end                               /usr/share/gcc-arm-none-eabi-10.3-2021.10/bin/../lib/gcc/arm-none-eabi/10.3.1/../../../../arm-none-eabi/lib/thumb/v7e-m+fp/hard/libc_nano.a(lib_a-init.o)
__preinit_array_start                             /usr/share/gcc-arm-none-eabi-10.3-2021.10/bin/../lib/gcc/arm-none-eabi/10.3.1/../../../../arm-none-eabi/lib/thumb/v7e-m+fp/hard/libc_nano.a(lib_a-init.o)
__register_frame_info                             /usr/share/gcc-arm-none-eabi-10.3-2021.10/bin/../lib/gcc/arm-none-eabi/10.3.1/thumb/v7e-m+fp/hard/crtbegin.o
__sf_fake_stderr                                  /usr/share/gcc-arm-none-eabi-10.3-2021.10/bin/../lib/gcc/arm-none-eabi/10.3.1/../../../../arm-none-eabi/lib/thumb/v7e-m+fp/hard/libc_nano.a(lib_a-impure.o)
__sf_fake_stdin                                   /usr/share/gcc-arm-none-eabi-10.3-2021.10/bin/../lib/gcc/arm-none-eabi/10.3.1/../../../../arm-none-eabi/lib/thumb/v7e-m+fp/hard/libc_nano.a(lib_a-impure.o)
__sf_fake_stdout                                  /usr/share/gcc-arm-none-eabi-10.3-2021.10/bin/../lib/gcc/arm-none-eabi/10.3.1/../../../../arm-none-eabi/lib/thumb/v7e-m+fp/hard/libc_nano.a(lib_a-impure.o)
__stack                                           /usr/share/gcc-arm-none-eabi-10.3-2021.10/bin/../lib/gcc/arm-none-eabi/10.3.1/../../../../arm-none-eabi/lib/thumb/v7e-m+fp/hard/crt0.o
__udivmoddi4                                      /usr/share/gcc-arm-none-eabi-10.3-2021.10/bin/../lib/gcc/arm-none-eabi/10.3.1/thumb/v7e-m+fp/hard/libgcc.a(_udivmoddi4.o)
                                                  /usr/share/gcc-arm-none-eabi-10.3-2021.10/bin/../lib/gcc/arm-none-eabi/10.3.1/thumb/v7e-m+fp/hard/libgcc.a(_aeabi_uldivmod.o)
_ebss                                             build/startup_stm32f405xx.o
_edata                                            build/startup_stm32f405xx.o
_estack                                           build/startup_stm32f405xx.o
_exit                                             /usr/share/gcc-arm-none-eabi-10.3-2021.10/bin/../lib/gcc/arm-none-eabi/10.3.1/../../../../arm-none-eabi/lib/thumb/v7e-m+fp/hard/libnosys.a(_exit.o)
                                                  /usr/share/gcc-arm-none-eabi-10.3-2021.10/bin/../lib/gcc/arm-none-eabi/10.3.1/../../../../arm-none-eabi/lib/thumb/v7e-m+fp/hard/libc_nano.a(lib_a-exit.o)
_fini                                             /usr/share/gcc-arm-none-eabi-10.3-2021.10/bin/../lib/gcc/arm-none-eabi/10.3.1/thumb/v7e-m+fp/hard/crti.o
_global_impure_ptr                                /usr/share/gcc-arm-none-eabi-10.3-2021.10/bin/../lib/gcc/arm-none-eabi/10.3.1/../../../../arm-none-eabi/lib/thumb/v7e-m+fp/hard/libc_nano.a(lib_a-impure.o)
                                                  /usr/share/gcc-arm-none-eabi-10.3-2021.10/bin/../lib/gcc/arm-none-eabi/10.3.1/../../../../arm-none-eabi/lib/thumb/v7e-m+fp/hard/libc_nano.a(lib_a-exit.o)
_impure_ptr                                       /usr/share/gcc-arm-none-eabi-10.3-2021.10/bin/../lib/gcc/arm-none-eabi/10.3.1/../../../../arm-none-eabi/lib/thumb/v7e-m+fp/hard/libc_nano.a(lib_a-impure.o)
_init                                             /usr/share/gcc-arm-none-eabi-10.3-2021.10/bin/../lib/gcc/arm-none-eabi/10.3.1/thumb/v7e-m+fp/hard/crti.o
                                                  /usr/share/gcc-arm-none-eabi-10.3-2021.10/bin/../lib/gcc/arm-none-eabi/10.3.1/../../../../arm-none-eabi/lib/thumb/v7e-m+fp/hard/libc_nano.a(lib_a-init.o)
_mainCRTStartup                                   /usr/share/gcc-arm-none-eabi-10.3-2021.10/bin/../lib/gcc/arm-none-eabi/10.3.1/../../../../arm-none-eabi/lib/thumb/v7e-m+fp/hard/crt0.o
_sbss                                             build/startup_stm32f405xx.o
_sdata                                            build/startup_stm32f405xx.o
_sidata                                           build/startup_stm32f405xx.o
_stack_init                                       /usr/share/gcc-arm-none-eabi-10.3-2021.10/bin/../lib/gcc/arm-none-eabi/10.3.1/../../../../arm-none-eabi/lib/thumb/v7e-m+fp/hard/crt0.o
_start                                            /usr/share/gcc-arm-none-eabi-10.3-2021.10/bin/../lib/gcc/arm-none-eabi/10.3.1/../../../../arm-none-eabi/lib/thumb/v7e-m+fp/hard/crt0.o
atexit                                            /usr/share/gcc-arm-none-eabi-10.3-2021.10/bin/../lib/gcc/arm-none-eabi/10.3.1/../../../../arm-none-eabi/lib/thumb/v7e-m+fp/hard/crt0.o
cmd_leg                                           build/unitreeA1_cmd.o
                                                  build/spi_deal.o
crc32_core                                        build/unitreeA1_cmd.o
data_leg                                          build/unitreeA1_cmd.o
                                                  build/spi_deal.o
                                                  build/unitreeA1_recv.o
data_motor                                        build/unitreeA1_recv.o
ecat_NS_H                                         build/spi_deal.o
ecat_NS_L                                         build/spi_deal.o
exit                                              /usr/share/gcc-arm-none-eabi-10.3-2021.10/bin/../lib/gcc/arm-none-eabi/10.3.1/../../../../arm-none-eabi/lib/thumb/v7e-m+fp/hard/libc_nano.a(lib_a-exit.o)
                                                  /usr/share/gcc-arm-none-eabi-10.3-2021.10/bin/../lib/gcc/arm-none-eabi/10.3.1/../../../../arm-none-eabi/lib/thumb/v7e-m+fp/hard/crt0.o
g_pfnVectors                                      build/startup_stm32f405xx.o
hardware_init_hook                                /usr/share/gcc-arm-none-eabi-10.3-2021.10/bin/../lib/gcc/arm-none-eabi/10.3.1/../../../../arm-none-eabi/lib/thumb/v7e-m+fp/hard/crt0.o
hdma_spi2_rx                                      build/spi.o
hdma_spi2_tx                                      build/spi.o
hdma_usart1_rx                                    build/usart.o
                                                  build/unitreeA1_recv.o
                                                  build/bsp_dma.o
hdma_usart2_rx                                    build/usart.o
                                                  build/unitreeA1_recv.o
                                                  build/bsp_dma.o
hdma_usart3_rx                                    build/usart.o
                                                  build/unitreeA1_recv.o
                                                  build/bsp_dma.o
hdma_usart6_rx                                    build/usart.o
                                                  build/unitreeA1_recv.o
                                                  build/bsp_dma.o
hspi2                                             build/spi.o
                                                  build/spi_deal.o
                                                  build/stm32f4xx_it.o
huart1                                            build/usart.o
                                                  build/unitreeA1_recv.o
                                                  build/unitreeA1_cmd.o
                                                  build/bsp_dma.o
huart2                                            build/usart.o
                                                  build/unitreeA1_recv.o
                                                  build/unitreeA1_cmd.o
                                                  build/bsp_dma.o
huart3                                            build/usart.o
                                                  build/unitreeA1_recv.o
                                                  build/unitreeA1_cmd.o
                                                  build/bsp_dma.o
huart6                                            build/usart.o
                                                  build/unitreeA1_recv.o
                                                  build/unitreeA1_cmd.o
                                                  build/bsp_dma.o
leg                                               build/unitreeA1_recv.o
main                                              build/main.o
                                                  build/startup_stm32f405xx.o
                                                  /usr/share/gcc-arm-none-eabi-10.3-2021.10/bin/../lib/gcc/arm-none-eabi/10.3.1/../../../../arm-none-eabi/lib/thumb/v7e-m+fp/hard/crt0.o
memset                                            /usr/share/gcc-arm-none-eabi-10.3-2021.10/bin/../lib/gcc/arm-none-eabi/10.3.1/../../../../arm-none-eabi/lib/thumb/v7e-m+fp/hard/libc_nano.a(lib_a-memset.o)
                                                  build/main.o
                                                  /usr/share/gcc-arm-none-eabi-10.3-2021.10/bin/../lib/gcc/arm-none-eabi/10.3.1/../../../../arm-none-eabi/lib/thumb/v7e-m+fp/hard/crt0.o
pFlash                                            build/stm32f4xx_hal_flash.o
                                                  build/stm32f4xx_hal_flash_ex.o
remote_control_init                               build/unitreeA1_recv.o
                                                  build/main.o
sendToEcat                                        build/spi_deal.o
software_init_hook                                /usr/share/gcc-arm-none-eabi-10.3-2021.10/bin/../lib/gcc/arm-none-eabi/10.3.1/../../../../arm-none-eabi/lib/thumb/v7e-m+fp/hard/crt0.o
unitreeA1_rx                                      build/unitreeA1_recv.o
unitreeA1_tx                                      build/unitreeA1_cmd.o
uwTick                                            build/stm32f4xx_hal.o
uwTickFreq                                        build/stm32f4xx_hal.o
uwTickPrio                                        build/stm32f4xx_hal.o
                                                  build/stm32f4xx_hal_rcc_ex.o
                                                  build/stm32f4xx_hal_rcc.o